******************************************************************************
                  TI ARM Linker PC v18.1.1                     
******************************************************************************
>> Linked Sun Apr  8 13:02:44 2018

OUTPUT FILE NAME:   <hw5_q4.out>
ENTRY POINT SYMBOL: "_c_int00_noargs"  address: 00003f99


MEMORY CONFIGURATION

         name            origin    length      used     unused   attr    fill
----------------------  --------  ---------  --------  --------  ----  --------
  FLASH                 00000000   00100000  000042ee  000fbd12  R  X
  SRAM                  20000000   00040000  0000c71c  000338e4  RW X


SEGMENT ALLOCATION MAP

run origin  load origin   length   init length attrs members
----------  ----------- ---------- ----------- ----- -------
00000000    00000000    000042f0   000042f0    r-x
  00000000    00000000    00000208   00000208    r-- .intvecs
  00000208    00000208    00003e16   00003e16    r-x .text
  00004020    00004020    00000298   00000298    r-- .const
  000042b8    000042b8    00000038   00000038    r-- .cinit
20000000    20000000    0000c720   00000000    rw-
  20000000    20000000    0000c4b4   00000000    rw- .bss
  2000c4b8    2000c4b8    00000200   00000000    rw- .stack
  2000c6b8    2000c6b8    00000068   00000000    rw- .data


SECTION ALLOCATION MAP

 output                                  attributes/
section   page    origin      length       input sections
--------  ----  ----------  ----------   ----------------
.intvecs   0    00000000    00000208     
                  00000000    00000208     tm4c1294ncpdt_startup_ccs.obj (.intvecs)

.text      0    00000208    00003e16     
                  00000208    000018bc     tasks.obj (.text)
                  00001ac4    00000d04     queue.obj (.text)
                  000027c8    00000594     timers.obj (.text)
                  00002d5c    000004dc     uartstdio.obj (.text)
                  00003238    00000364     main.obj (.text)
                  0000359c    00000200     driverlib.lib : sysctl.obj (.text:SysCtlClockFreqSet)
                  0000379c    000001b8     heap_2.obj (.text)
                  00003954    0000013c     port.obj (.text)
                  00003a90    0000012a     list.obj (.text)
                  00003bba    00000002     rtsv7M4_T_le_v4SPD16_eabi.lib : div0.asm.obj (.text)
                  00003bbc    000000da     portasm.obj (.text)
                  00003c96    00000002     --HOLE-- [fill = 0]
                  00003c98    000000b4     timer_cb.obj (.text)
                  00003d4c    0000009c     rtsv7M4_T_le_v4SPD16_eabi.lib : memcpy_t2.asm.obj (.text)
                  00003de8    0000007a                                   : memset_t2.asm.obj (.text)
                  00003e62    00000068                                   : copy_decompress_lzss.c.obj (.text:decompress:lzss:__TI_decompress_lzss)
                  00003eca    00000002     --HOLE-- [fill = 0]
                  00003ecc    00000048     driverlib.lib : sysctl.obj (.text:_SysCtlFrequencyGet)
                  00003f14    00000044     rtsv7M4_T_le_v4SPD16_eabi.lib : autoinit.c.obj (.text:__TI_auto_init_nobinit_nopinit:__TI_auto_init_nobinit_nopinit)
                  00003f58    00000040                                   : u_divt2.asm.obj (.text)
                  00003f98    00000038                                   : boot_cortex_m.c.obj (.text:_c_int00_noargs:_c_int00_noargs)
                  00003fd0    00000020     driverlib.lib : sysctl.obj (.text:_SysCtlMemTimingGet)
                  00003ff0    0000000e     rtsv7M4_T_le_v4SPD16_eabi.lib : copy_decompress_none.c.obj (.text:decompress:none:__TI_decompress_none)
                  00003ffe    0000000c                                   : copy_zero_init.c.obj (.text:decompress:ZI:__TI_zero_init)
                  0000400a    0000000c     tm4c1294ncpdt_startup_ccs.obj (.text)
                  00004016    00000004     rtsv7M4_T_le_v4SPD16_eabi.lib : pre_init.c.obj (.text:_system_pre_init)
                  0000401a    00000004                                   : exit.c.obj (.text:abort:abort)

.const     0    00004020    00000298     
                  00004020    000001b0     driverlib.lib : sysctl.obj (.const:g_pppui32XTALtoVCO)
                  000041d0    0000006c                   : sysctl.obj (.const:g_pui32Xtals)
                  0000423c    00000030                   : sysctl.obj (.const:g_sXTALtoMEMTIM)
                  0000426c    00000012     uartstdio.obj (.const:.string)
                  0000427e    00000002     --HOLE-- [fill = 0]
                  00004280    00000010     main.obj (.const:.string)
                  00004290    0000000c     uartstdio.obj (.const:g_ui32UARTBase)
                  0000429c    0000000c     uartstdio.obj (.const:g_ui32UARTPeriph)
                  000042a8    00000008     driverlib.lib : sysctl.obj (.const)
                  000042b0    00000004     port.obj (.const)
                  000042b4    00000004     uartstdio.obj (.const)

.cinit     0    000042b8    00000038     
                  000042b8    00000014     (.cinit..data.load) [load image, compression = lzss]
                  000042cc    0000000c     (__TI_handler_table)
                  000042d8    00000008     (.cinit..bss.load) [load image, compression = zero_init]
                  000042e0    00000010     (__TI_cinit_table)

.init_array 
*          0    00000000    00000000     UNINITIALIZED

.bss       0    20000000    0000c4b4     UNINITIALIZED
                  20000000    0000c350     heap_2.obj (.bss:ucHeap)
                  2000c350    00000064     tasks.obj (.bss:pxReadyTasksLists)
                  2000c3b4    00000040     (.common:xQueueRegistry)
                  2000c3f4    00000014     timers.obj (.bss:xActiveTimerList1)
                  2000c408    00000014     timers.obj (.bss:xActiveTimerList2)
                  2000c41c    00000014     tasks.obj (.bss:xDelayedTaskList1)
                  2000c430    00000014     tasks.obj (.bss:xDelayedTaskList2)
                  2000c444    00000014     tasks.obj (.bss:xPendingReadyList)
                  2000c458    00000014     tasks.obj (.bss:xSuspendedTaskList)
                  2000c46c    00000014     tasks.obj (.bss:xTasksWaitingTermination)
                  2000c480    00000008     tasks.obj (.bss)
                  2000c488    00000008     timers.obj (.bss)
                  2000c490    00000008     heap_2.obj (.bss:xEnd)
                  2000c498    00000008     heap_2.obj (.bss:xStart)
                  2000c4a0    00000004     (.common:MyTimer)
                  2000c4a4    00000004     (.common:output_clock_rate_hz)
                  2000c4a8    00000004     (.common:task1_handle)
                  2000c4ac    00000004     (.common:task2_handle)
                  2000c4b0    00000004     (.common:task3_handle)

.data      0    2000c6b8    00000068     UNINITIALIZED
                  2000c6b8    00000034     tasks.obj (.data)
                  2000c6ec    00000014     main.obj (.data)
                  2000c700    0000000c     timers.obj (.data)
                  2000c70c    00000008     heap_2.obj (.data)
                  2000c714    00000005     uartstdio.obj (.data)
                  2000c719    00000003     --HOLE--
                  2000c71c    00000004     port.obj (.data)

.stack     0    2000c4b8    00000200     UNINITIALIZED
                  2000c4b8    00000004     rtsv7M4_T_le_v4SPD16_eabi.lib : boot_cortex_m.c.obj (.stack)
                  2000c4bc    000001fc     --HOLE--

MODULE SUMMARY

       Module                          code    ro data   rw data
       ------                          ----    -------   -------
    .\
       main.obj                        868     16        40     
       tm4c1294ncpdt_startup_ccs.obj   12      520       0      
       timer_cb.obj                    180     0         0      
    +--+-------------------------------+-------+---------+---------+
       Total:                          1060    536       40     
                                                                
    .\FreeRTOS\
       heap_2.obj                      440     0         50024  
       tasks.obj                       6332    0         260    
       queue.obj                       3332    0         64     
       timers.obj                      1428    0         60     
       list.obj                        298     0         0      
    +--+-------------------------------+-------+---------+---------+
       Total:                          11830   0         50408  
                                                                
    .\FreeRTOS\portable\CCS\ARM_CM4F\
       port.obj                        316     4         4      
       portasm.obj                     218     0         0      
    +--+-------------------------------+-------+---------+---------+
       Total:                          534     4         4      
                                                                
    .\utils\
       uartstdio.obj                   1244    46        5      
    +--+-------------------------------+-------+---------+---------+
       Total:                          1244    46        5      
                                                                
    C:/ti/TivaWare_C_Series-2.1.4.178/driverlib/ccs/Debug/driverlib.lib
       sysctl.obj                      616     596       0      
    +--+-------------------------------+-------+---------+---------+
       Total:                          616     596       0      
                                                                
    C:\ti\ccsv8\tools\compiler\ti-cgt-arm_18.1.1.LTS\lib\rtsv7M4_T_le_v4SPD16_eabi.lib
       memcpy_t2.asm.obj               156     0         0      
       memset_t2.asm.obj               122     0         0      
       copy_decompress_lzss.c.obj      104     0         0      
       autoinit.c.obj                  68      0         0      
       u_divt2.asm.obj                 64      0         0      
       boot_cortex_m.c.obj             56      0         0      
       copy_decompress_none.c.obj      14      0         0      
       copy_zero_init.c.obj            12      0         0      
       exit.c.obj                      4       0         0      
       pre_init.c.obj                  4       0         0      
       div0.asm.obj                    2       0         0      
    +--+-------------------------------+-------+---------+---------+
       Total:                          606     0         0      
                                                                
       Stack:                          0       0         512    
       Linker Generated:               0       56        0      
    +--+-------------------------------+-------+---------+---------+
       Grand Total:                    15890   1238      50969  


LINKER GENERATED COPY TABLES

__TI_cinit_table @ 000042e0 records: 2, size/record: 8, table size: 16
	.data: load addr=000042b8, load size=00000014 bytes, run addr=2000c6b8, run size=00000068 bytes, compression=lzss
	.bss: load addr=000042d8, load size=00000008 bytes, run addr=20000000, run size=0000c4b4 bytes, compression=zero_init


LINKER GENERATED HANDLER TABLE

__TI_handler_table @ 000042cc records: 3, size/record: 4, table size: 12
	index: 0, handler: __TI_decompress_lzss
	index: 1, handler: __TI_decompress_none
	index: 2, handler: __TI_zero_init


GLOBAL SYMBOLS: SORTED ALPHABETICALLY BY Name 

address   name                               
-------   ----                               
0000401b  C$$EXIT                            
00003239  ConfigureUART                      
2000c4a0  MyTimer                            
0000400b  ResetISR                           
0000359d  SysCtlClockFreqSet                 
2000c6ec  T1Queue                            
2000c6f0  T2Queue                            
00002d5d  UARTStdioConfig                    
00002ed5  UARTgetc                           
00002e0f  UARTgets                           
00003203  UARTprintf                         
00002f09  UARTvprintf                        
00002dbd  UARTwrite                          
2000c6b8  __STACK_END                        
00000200  __STACK_SIZE                       
2000c6b8  __STACK_TOP                        
000042e0  __TI_CINIT_Base                    
000042f0  __TI_CINIT_Limit                   
000042cc  __TI_Handler_Table_Base            
000042d8  __TI_Handler_Table_Limit           
00003f15  __TI_auto_init_nobinit_nopinit     
00003e63  __TI_decompress_lzss               
00003ff1  __TI_decompress_none               
ffffffff  __TI_pprof_out_hndl                
ffffffff  __TI_prof_data_size                
ffffffff  __TI_prof_data_start               
00000000  __TI_static_base__                 
00003fff  __TI_zero_init                     
00003bbb  __aeabi_idiv0                      
00003bbb  __aeabi_ldiv0                      
00003de9  __aeabi_memclr                     
00003de9  __aeabi_memclr4                    
00003de9  __aeabi_memclr8                    
00003d4d  __aeabi_memcpy                     
00003d4d  __aeabi_memcpy4                    
00003d4d  __aeabi_memcpy8                    
00003deb  __aeabi_memset                     
00003deb  __aeabi_memset4                    
00003deb  __aeabi_memset8                    
00003f59  __aeabi_uidiv                      
00003f59  __aeabi_uidivmod                   
ffffffff  __binit__                          
ffffffff  __c_args__                         
UNDEFED   __mpu_init                         
2000c4b8  __stack                            
00003f99  _c_int00_noargs                    
UNDEFED   _system_post_cinit                 
00004017  _system_pre_init                   
0000401b  abort                              
ffffffff  binit                              
0000057d  eTaskGetState                      
00000000  g_pfnVectors                       
0000328d  main                               
00003d4d  memcpy                             
00003df1  memset                             
2000c4a4  output_clock_rate_hz               
000026df  pcQueueGetName                     
00000b57  pcTaskGetName                      
00002903  pcTimerGetName                     
0000379d  pvPortMalloc                       
000015e3  pvTaskIncrementMutexHeldCount      
00002ced  pvTimerGetTimerID                  
2000c6b8  pxCurrentTCB                       
00003955  pxPortInitialiseStack              
2000c6fc  str                                
00003375  task1                              
2000c4a8  task1_handle                       
000033a5  task2                              
2000c4ac  task2_handle                       
000033e9  task3                              
2000c4b0  task3_handle                       
2000c6f4  tickQueue                          
2000c6f8  toggle_led1                        
00002441  ucQueueGetQueueType                
000042b0  ulMaxSyscallInterruptPriority      
00003bcd  ulPortGetIPSR                      
00001601  ulTaskNotifyTake                   
00003b73  uxListRemove                       
00002421  uxQueueGetQueueNumber              
000023c3  uxQueueMessagesWaiting             
000023f9  uxQueueMessagesWaitingFromISR      
000023d9  uxQueueSpacesAvailable             
00000b51  uxTaskGetNumberOfTasks             
00000b7d  uxTaskGetSystemState               
00001035  uxTaskGetTaskNumber                
00000611  uxTaskPriorityGet                  
00000641  uxTaskPriorityGetFromISR           
000015c1  uxTaskResetEventItemValue          
00002d21  uxTimerGetTimerNumber              
00003a91  vListInitialise                    
00003ac1  vListInitialiseItem                
00003b0d  vListInsert                        
00003ad1  vListInsertEnd                     
00003c89  vPortEnableVFP                     
000039f5  vPortEndScheduler                  
000039f7  vPortEnterCritical                 
00003a17  vPortExitCritical                  
00003895  vPortFree                          
000038f9  vPortInitialiseBlocks              
00003c45  vPortSVCHandler                    
00003a53  vPortSetupTimerInterrupt           
00003c65  vPortStartFirstTask                
0000269d  vQueueAddToRegistry                
0000240b  vQueueDelete                       
0000242f  vQueueSetQueueNumber               
0000271f  vQueueUnregisterQueue              
00002763  vQueueWaitForMessageRestricted     
00000541  vTaskDelay                         
000004b1  vTaskDelayUntil                    
00000403  vTaskDelete                        
00000a19  vTaskEndScheduler                  
0000112d  vTaskGetInfo                       
00000f83  vTaskInternalSetTimeOutState       
00001023  vTaskMissedYield                   
0000191d  vTaskNotifyGiveFromISR             
00000dfd  vTaskPlaceOnEventList              
00000e43  vTaskPlaceOnEventListRestricted    
00000e19  vTaskPlaceOnUnorderedEventList     
000014e9  vTaskPriorityDisinheritAfterTimeout
0000068d  vTaskPrioritySet                   
00000ef9  vTaskRemoveFromUnorderedEventList  
000008b5  vTaskResume                        
00001059  vTaskSetTaskNumber                 
00000f65  vTaskSetTimeOutState               
000009bd  vTaskStartScheduler                
000007a5  vTaskSuspend                       
00000a35  vTaskSuspendAll                    
00000d95  vTaskSwitchContext                 
00003c99  vTimerCallback                     
00002d07  vTimerSetTimerID                   
00002d2f  vTimerSetTimerNumber               
000038f3  xPortGetFreeHeapSize               
00003be5  xPortPendSVHandler                 
000039bf  xPortStartScheduler                
00003a2d  xPortSysTickHandler                
00001cc9  xQueueCreateCountingSemaphore      
00001c1d  xQueueCreateMutex                  
00001b63  xQueueGenericCreate                
00001ac5  xQueueGenericReset                 
00001ce9  xQueueGenericSend                  
00001e15  xQueueGenericSendFromISR           
00001eaf  xQueueGiveFromISR                  
00001c49  xQueueGiveMutexRecursive           
00002639  xQueueIsQueueEmptyFromISR          
0000267b  xQueueIsQueueFullFromISR           
000021b7  xQueuePeek                         
00002371  xQueuePeekFromISR                  
00001f41  xQueueReceive                      
000022d9  xQueueReceiveFromISR               
2000c3b4  xQueueRegistry                     
0000205d  xQueueSemaphoreTake                
00001c85  xQueueTakeMutexRecursive           
00000fa5  xTaskCheckForTimeOut               
00000209  xTaskCreate                        
00001723  xTaskGenericNotify                 
0000180d  xTaskGenericNotifyFromISR          
000012ff  xTaskGetCurrentTaskHandle          
00001319  xTaskGetSchedulerState             
00000b2d  xTaskGetTickCount                  
00000b3d  xTaskGetTickCountFromISR           
00000c71  xTaskIncrementTick                 
000019cb  xTaskNotifyStateClear              
00001681  xTaskNotifyWait                    
00001445  xTaskPriorityDisinherit            
00001365  xTaskPriorityInherit               
00000e7d  xTaskRemoveFromEventList           
00000a49  xTaskResumeAll                     
0000092f  xTaskResumeFromISR                 
000027f5  xTimerCreate                       
000027c9  xTimerCreateTimerTask              
00002869  xTimerGenericCommand               
000028ed  xTimerGetExpiryTime                
000028db  xTimerGetPeriod                    
000028d5  xTimerGetTimerDaemonTaskHandle     
00002cc1  xTimerIsTimerActive                


GLOBAL SYMBOLS: SORTED BY Symbol Address 

address   name                               
-------   ----                               
00000000  __TI_static_base__                 
00000000  g_pfnVectors                       
00000200  __STACK_SIZE                       
00000209  xTaskCreate                        
00000403  vTaskDelete                        
000004b1  vTaskDelayUntil                    
00000541  vTaskDelay                         
0000057d  eTaskGetState                      
00000611  uxTaskPriorityGet                  
00000641  uxTaskPriorityGetFromISR           
0000068d  vTaskPrioritySet                   
000007a5  vTaskSuspend                       
000008b5  vTaskResume                        
0000092f  xTaskResumeFromISR                 
000009bd  vTaskStartScheduler                
00000a19  vTaskEndScheduler                  
00000a35  vTaskSuspendAll                    
00000a49  xTaskResumeAll                     
00000b2d  xTaskGetTickCount                  
00000b3d  xTaskGetTickCountFromISR           
00000b51  uxTaskGetNumberOfTasks             
00000b57  pcTaskGetName                      
00000b7d  uxTaskGetSystemState               
00000c71  xTaskIncrementTick                 
00000d95  vTaskSwitchContext                 
00000dfd  vTaskPlaceOnEventList              
00000e19  vTaskPlaceOnUnorderedEventList     
00000e43  vTaskPlaceOnEventListRestricted    
00000e7d  xTaskRemoveFromEventList           
00000ef9  vTaskRemoveFromUnorderedEventList  
00000f65  vTaskSetTimeOutState               
00000f83  vTaskInternalSetTimeOutState       
00000fa5  xTaskCheckForTimeOut               
00001023  vTaskMissedYield                   
00001035  uxTaskGetTaskNumber                
00001059  vTaskSetTaskNumber                 
0000112d  vTaskGetInfo                       
000012ff  xTaskGetCurrentTaskHandle          
00001319  xTaskGetSchedulerState             
00001365  xTaskPriorityInherit               
00001445  xTaskPriorityDisinherit            
000014e9  vTaskPriorityDisinheritAfterTimeout
000015c1  uxTaskResetEventItemValue          
000015e3  pvTaskIncrementMutexHeldCount      
00001601  ulTaskNotifyTake                   
00001681  xTaskNotifyWait                    
00001723  xTaskGenericNotify                 
0000180d  xTaskGenericNotifyFromISR          
0000191d  vTaskNotifyGiveFromISR             
000019cb  xTaskNotifyStateClear              
00001ac5  xQueueGenericReset                 
00001b63  xQueueGenericCreate                
00001c1d  xQueueCreateMutex                  
00001c49  xQueueGiveMutexRecursive           
00001c85  xQueueTakeMutexRecursive           
00001cc9  xQueueCreateCountingSemaphore      
00001ce9  xQueueGenericSend                  
00001e15  xQueueGenericSendFromISR           
00001eaf  xQueueGiveFromISR                  
00001f41  xQueueReceive                      
0000205d  xQueueSemaphoreTake                
000021b7  xQueuePeek                         
000022d9  xQueueReceiveFromISR               
00002371  xQueuePeekFromISR                  
000023c3  uxQueueMessagesWaiting             
000023d9  uxQueueSpacesAvailable             
000023f9  uxQueueMessagesWaitingFromISR      
0000240b  vQueueDelete                       
00002421  uxQueueGetQueueNumber              
0000242f  vQueueSetQueueNumber               
00002441  ucQueueGetQueueType                
00002639  xQueueIsQueueEmptyFromISR          
0000267b  xQueueIsQueueFullFromISR           
0000269d  vQueueAddToRegistry                
000026df  pcQueueGetName                     
0000271f  vQueueUnregisterQueue              
00002763  vQueueWaitForMessageRestricted     
000027c9  xTimerCreateTimerTask              
000027f5  xTimerCreate                       
00002869  xTimerGenericCommand               
000028d5  xTimerGetTimerDaemonTaskHandle     
000028db  xTimerGetPeriod                    
000028ed  xTimerGetExpiryTime                
00002903  pcTimerGetName                     
00002cc1  xTimerIsTimerActive                
00002ced  pvTimerGetTimerID                  
00002d07  vTimerSetTimerID                   
00002d21  uxTimerGetTimerNumber              
00002d2f  vTimerSetTimerNumber               
00002d5d  UARTStdioConfig                    
00002dbd  UARTwrite                          
00002e0f  UARTgets                           
00002ed5  UARTgetc                           
00002f09  UARTvprintf                        
00003203  UARTprintf                         
00003239  ConfigureUART                      
0000328d  main                               
00003375  task1                              
000033a5  task2                              
000033e9  task3                              
0000359d  SysCtlClockFreqSet                 
0000379d  pvPortMalloc                       
00003895  vPortFree                          
000038f3  xPortGetFreeHeapSize               
000038f9  vPortInitialiseBlocks              
00003955  pxPortInitialiseStack              
000039bf  xPortStartScheduler                
000039f5  vPortEndScheduler                  
000039f7  vPortEnterCritical                 
00003a17  vPortExitCritical                  
00003a2d  xPortSysTickHandler                
00003a53  vPortSetupTimerInterrupt           
00003a91  vListInitialise                    
00003ac1  vListInitialiseItem                
00003ad1  vListInsertEnd                     
00003b0d  vListInsert                        
00003b73  uxListRemove                       
00003bbb  __aeabi_idiv0                      
00003bbb  __aeabi_ldiv0                      
00003bcd  ulPortGetIPSR                      
00003be5  xPortPendSVHandler                 
00003c45  vPortSVCHandler                    
00003c65  vPortStartFirstTask                
00003c89  vPortEnableVFP                     
00003c99  vTimerCallback                     
00003d4d  __aeabi_memcpy                     
00003d4d  __aeabi_memcpy4                    
00003d4d  __aeabi_memcpy8                    
00003d4d  memcpy                             
00003de9  __aeabi_memclr                     
00003de9  __aeabi_memclr4                    
00003de9  __aeabi_memclr8                    
00003deb  __aeabi_memset                     
00003deb  __aeabi_memset4                    
00003deb  __aeabi_memset8                    
00003df1  memset                             
00003e63  __TI_decompress_lzss               
00003f15  __TI_auto_init_nobinit_nopinit     
00003f59  __aeabi_uidiv                      
00003f59  __aeabi_uidivmod                   
00003f99  _c_int00_noargs                    
00003ff1  __TI_decompress_none               
00003fff  __TI_zero_init                     
0000400b  ResetISR                           
00004017  _system_pre_init                   
0000401b  C$$EXIT                            
0000401b  abort                              
000042b0  ulMaxSyscallInterruptPriority      
000042cc  __TI_Handler_Table_Base            
000042d8  __TI_Handler_Table_Limit           
000042e0  __TI_CINIT_Base                    
000042f0  __TI_CINIT_Limit                   
2000c3b4  xQueueRegistry                     
2000c4a0  MyTimer                            
2000c4a4  output_clock_rate_hz               
2000c4a8  task1_handle                       
2000c4ac  task2_handle                       
2000c4b0  task3_handle                       
2000c4b8  __stack                            
2000c6b8  __STACK_END                        
2000c6b8  __STACK_TOP                        
2000c6b8  pxCurrentTCB                       
2000c6ec  T1Queue                            
2000c6f0  T2Queue                            
2000c6f4  tickQueue                          
2000c6f8  toggle_led1                        
2000c6fc  str                                
ffffffff  __TI_pprof_out_hndl                
ffffffff  __TI_prof_data_size                
ffffffff  __TI_prof_data_start               
ffffffff  __binit__                          
ffffffff  __c_args__                         
ffffffff  binit                              
UNDEFED   __mpu_init                         
UNDEFED   _system_post_cinit                 

[175 symbols]
