******************************************************************************
                  TI ARM Linker PC v18.1.1                     
******************************************************************************
>> Linked Sun Apr 29 22:00:59 2018

OUTPUT FILE NAME:   <apes_p2.out>
ENTRY POINT SYMBOL: "_c_int00_noargs"  address: 0000b9b9


MEMORY CONFIGURATION

         name            origin    length      used     unused   attr    fill
----------------------  --------  ---------  --------  --------  ----  --------
  FLASH                 00000000   00100000  0000c25a  000f3da6  R  X
  SRAM                  20000000   00040000  000112fe  0002ed02  RW X


SEGMENT ALLOCATION MAP

run origin  load origin   length   init length attrs members
----------  ----------- ---------- ----------- ----- -------
00000000    00000000    0000c260   0000c260    r-x
  00000000    00000000    00000208   00000208    r-- .intvecs
  00000208    00000208    0000bbae   0000bbae    r-x .text
  0000bdb8    0000bdb8    0000043c   0000043c    r-- .const
  0000c1f8    0000c1f8    00000068   00000068    r-- .cinit
20000000    20000000    00011300   00000000    rw-
  20000000    20000000    00010dce   00000000    rw- .bss
  20010dd0    20010dd0    00000200   00000000    rw- .stack
  20010fd0    20010fd0    00000200   00000000    rw- .sysmem
  200111d0    200111d0    00000130   00000000    rw- .data


SECTION ALLOCATION MAP

 output                                  attributes/
section   page    origin      length       input sections
--------  ----  ----------  ----------   ----------------
.intvecs   0    00000000    00000208     
                  00000000    00000208     tm4c1294ncpdt_startup_ccs.obj (.intvecs)

.text      0    00000208    0000bbae     
                  00000208    00001c70     FreeRTOS_TCP_IP.obj (.text)
                  00001e78    000018ec     FreeRTOS_Sockets.obj (.text)
                  00003764    000018bc     tasks.obj (.text)
                  00005020    00000f4c     FreeRTOS_IP.obj (.text)
                  00005f6c    00000d04     queue.obj (.text)
                  00006c70    000006c8     FreeRTOS_DHCP.obj (.text)
                  00007338    00000594     timers.obj (.text)
                  000078cc    00000584     FreeRTOS_DNS.obj (.text)
                  00007e50    00000524     FreeRTOS_ARP.obj (.text)
                  00008374    000004dc     uartstdio.obj (.text)
                  00008850    00000470     NetworkInterface.obj (.text)
                  00008cc0    000003f8     FreeRTOS_TCP_WIN.obj (.text)
                  000090b8    000003c8     event_groups.obj (.text)
                  00009480    000003c4     main.obj (.text)
                  00009844    000002c4     FreeRTOS_Stream_Buffer.obj (.text)
                  00009b08    000002bc     heap_4.obj (.text)
                  00009dc4    00000290     BufferAllocation_2.obj (.text)
                  0000a054    00000284     comm_task.obj (.text)
                  0000a2d8    00000208     FreeRTOS_UDP_IP.obj (.text)
                  0000a4e0    00000200     driverlib.lib : sysctl.obj (.text:SysCtlClockFreqSet)
                  0000a6e0    0000019c     i2c_drive.obj (.text)
                  0000a87c    00000170     uv_task.obj (.text)
                  0000a9ec    00000154     socket_client.obj (.text)
                  0000ab40    0000013c     port.obj (.text)
                  0000ac7c    00000136     rtsv7M4_T_le_v4SPD16_eabi.lib : fd_div_t2.asm.obj (.text)
                  0000adb2    00000132     driverlib.lib : gpio.obj (.text:GPIOPadConfigSet)
                  0000aee4    0000012a     list.obj (.text)
                  0000b00e    00000002     rtsv7M4_T_le_v4SPD16_eabi.lib : _lock.c.obj (.text:_nop)
                  0000b010    0000010c     pressure_task.obj (.text)
                  0000b11c    000000da     portasm.obj (.text)
                  0000b1f6    00000002     rtsv7M4_T_le_v4SPD16_eabi.lib : div0.asm.obj (.text)
                  0000b1f8    000000ac     uart_client.obj (.text)
                  0000b2a4    0000009c     rtsv7M4_T_le_v4SPD16_eabi.lib : memcpy_t2.asm.obj (.text)
                  0000b340    00000094     heartbeat_timer.obj (.text)
                  0000b3d4    0000007a     rtsv7M4_T_le_v4SPD16_eabi.lib : memset_t2.asm.obj (.text)
                  0000b44e    00000002     --HOLE-- [fill = 0]
                  0000b450    00000078     driverlib.lib : emac.obj (.text:EMACInit)
                  0000b4c8    00000078     rtsv7M4_T_le_v4SPD16_eabi.lib : memory.c.obj (.text:malloc)
                  0000b540    0000006e                                   : fd_tos_t2.asm.obj (.text)
                  0000b5ae    00000002     --HOLE-- [fill = 0]
                  0000b5b0    00000068     driverlib.lib : interrupt.obj (.text:IntEnable)
                  0000b618    00000068     rtsv7M4_T_le_v4SPD16_eabi.lib : copy_decompress_lzss.c.obj (.text:decompress:lzss:__TI_decompress_lzss)
                  0000b680    00000058     driverlib.lib : emac.obj (.text:EMACPHYConfigSet)
                  0000b6d8    00000050                   : sysctl.obj (.text:SysCtlPeripheralReset)
                  0000b728    0000004c                   : i2c.obj (.text:I2CMasterInitExpClk)
                  0000b774    00000048                   : gpio.obj (.text:GPIOPinConfigure)
                  0000b7bc    00000048                   : sysctl.obj (.text:_SysCtlFrequencyGet)
                  0000b804    00000046                   : uart.obj (.text:UARTConfigSetExpClk)
                  0000b84a    00000002     --HOLE-- [fill = 0]
                  0000b84c    00000044     rtsv7M4_T_le_v4SPD16_eabi.lib : autoinit.c.obj (.text:__TI_auto_init_nobinit_nopinit:__TI_auto_init_nobinit_nopinit)
                  0000b890    00000040                                   : u_divt2.asm.obj (.text)
                  0000b8d0    0000003c                                   : memory.c.obj (.text:minsert)
                  0000b90c    0000003a     driverlib.lib : emac.obj (.text:EMACIntEnable)
                  0000b946    00000002     --HOLE-- [fill = 0]
                  0000b948    00000038                   : emac.obj (.text:EMACConfigSet)
                  0000b980    00000038                   : sysctl.obj (.text:SysCtlPeripheralReady)
                  0000b9b8    00000038     rtsv7M4_T_le_v4SPD16_eabi.lib : boot_cortex_m.c.obj (.text:_c_int00_noargs:_c_int00_noargs)
                  0000b9f0    00000038                                   : memory.c.obj (.text:minit)
                  0000ba28    00000036                                   : strncpy.c.obj (.text:strncpy)
                  0000ba5e    00000034     driverlib.lib : emac.obj (.text:EMACIntClear)
                  0000ba92    00000002     --HOLE-- [fill = 0]
                  0000ba94    00000034                   : sysctl.obj (.text:SysCtlPeripheralEnable)
                  0000bac8    00000030                   : emac.obj (.text:EMACAddrSet)
                  0000baf8    0000002e     rtsv7M4_T_le_v4SPD16_eabi.lib : i_tofd_t2.asm.obj (.text)
                  0000bb26    0000002c     driverlib.lib : emac.obj (.text:EMACIntStatus)
                  0000bb52    0000002c     rtsv7M4_T_le_v4SPD16_eabi.lib : strncmp.c.obj (.text:strncmp)
                  0000bb7e    0000002a     driverlib.lib : gpio.obj (.text:GPIODirModeSet)
                  0000bba8    00000028     rtsv7M4_T_le_v4SPD16_eabi.lib : memory.c.obj (.text:mremove)
                  0000bbd0    00000026     driverlib.lib : emac.obj (.text:EMACPHYRead)
                  0000bbf6    00000024     rtsv7M4_T_le_v4SPD16_eabi.lib : memcmp.c.obj (.text:memcmp)
                  0000bc1a    00000024                                   : memmov.c.obj (.text:memmove)
                  0000bc3e    00000002     --HOLE-- [fill = 0]
                  0000bc40    00000020     driverlib.lib : uart.obj (.text:UARTDisable)
                  0000bc60    00000020                   : sysctl.obj (.text:_SysCtlMemTimingGet)
                  0000bc80    00000016                   : emac.obj (.text:EMACReset)
                  0000bc96    00000016                   : emac.obj (.text:EMACRxEnable)
                  0000bcac    00000016                   : emac.obj (.text:EMACTxEnable)
                  0000bcc2    00000002     --HOLE-- [fill = 0]
                  0000bcc4    00000014                   : flash.obj (.text:FlashUserGet)
                  0000bcd8    00000014                   : uart.obj (.text:UARTEnable)
                  0000bcec    00000014     rtsv7M4_T_le_v4SPD16_eabi.lib : strcpy.c.obj (.text:strcpy)
                  0000bd00    00000014                                   : strlen.c.obj (.text:strlen)
                  0000bd14    00000012     driverlib.lib : gpio.obj (.text:GPIOPinTypeI2C)
                  0000bd26    00000012                   : gpio.obj (.text:GPIOPinTypeI2CSCL)
                  0000bd38    00000010                   : emac.obj (.text:EMACFrameFilterSet)
                  0000bd48    0000000e     rtsv7M4_T_le_v4SPD16_eabi.lib : copy_decompress_none.c.obj (.text:decompress:none:__TI_decompress_none)
                  0000bd56    0000000c                                   : copy_zero_init.c.obj (.text:decompress:ZI:__TI_zero_init)
                  0000bd62    0000000c     tm4c1294ncpdt_startup_ccs.obj (.text)
                  0000bd6e    0000000a     driverlib.lib : i2c.obj (.text:I2CMasterEnable)
                  0000bd78    00000008                   : emac.obj (.text:EMACTxDMAPollDemand)
                  0000bd80    00000008                   : i2c.obj (.text:I2CMasterBusy)
                  0000bd88    00000008                   : i2c.obj (.text:I2CMasterSlaveAddrSet)
                  0000bd90    00000006                   : emac.obj (.text:EMACRxDMADescriptorListSet)
                  0000bd96    00000006                   : emac.obj (.text:EMACTxDMADescriptorListSet)
                  0000bd9c    00000006                   : sysctl.obj (.text:SysCtlDelay)
                  0000bda2    00000004                   : i2c.obj (.text:I2CMasterControl)
                  0000bda6    00000004                   : i2c.obj (.text:I2CMasterDataGet)
                  0000bdaa    00000004                   : i2c.obj (.text:I2CMasterDataPut)
                  0000bdae    00000004     rtsv7M4_T_le_v4SPD16_eabi.lib : pre_init.c.obj (.text:_system_pre_init)
                  0000bdb2    00000004                                   : exit.c.obj (.text:abort:abort)

.const     0    0000bdb8    0000043c     
                  0000bdb8    000001b0     driverlib.lib : sysctl.obj (.const:g_pppui32XTALtoVCO)
                  0000bf68    00000090                   : gpio.obj (.const:g_pui32GPIOBaseAddrs)
                  0000bff8    00000070                   : interrupt.obj (.const)
                  0000c068    0000006c                   : sysctl.obj (.const:g_pui32Xtals)
                  0000c0d4    00000030                   : sysctl.obj (.const:g_sXTALtoMEMTIM)
                  0000c104    00000026     FreeRTOS_ARP.obj (.const:.string:xDefaultPartARPPacketHeader)
                  0000c12a    00000018     FreeRTOS_DHCP.obj (.const:.string:ucDHCPRequestOptions$1)
                  0000c142    00000002     --HOLE-- [fill = 0]
                  0000c144    00000018     driverlib.lib : emac.obj (.const)
                  0000c15c    00000012     uartstdio.obj (.const:.string)
                  0000c16e    00000011     FreeRTOS_DHCP.obj (.const:.string:ucDHCPDiscoverOptions$2)
                  0000c17f    00000001     --HOLE-- [fill = 0]
                  0000c180    0000000c     uartstdio.obj (.const:g_ui32UARTBase)
                  0000c18c    0000000c     uartstdio.obj (.const:g_ui32UARTPeriph)
                  0000c198    0000000c     FreeRTOS_DNS.obj (.const:xDefaultPartDNSHeader$3)
                  0000c1a4    00000008     FreeRTOS_Sockets.obj (.const:$P$T0$1)
                  0000c1ac    00000008     FreeRTOS_IP.obj (.const:$P$T0$5)
                  0000c1b4    00000008     driverlib.lib : sysctl.obj (.const)
                  0000c1bc    00000008     FreeRTOS_IP.obj (.const:xNetworkDownEvent$2)
                  0000c1c4    00000008     FreeRTOS_IP.obj (.const:xNetworkDownEvent$3)
                  0000c1cc    00000006     FreeRTOS_IP.obj (.const:xBroadcastMACAddress)
                  0000c1d2    00000004     main.obj (.const:.string:ucDNSServerAddress$5)
                  0000c1d6    00000004     main.obj (.const:.string:ucGatewayAddress$4)
                  0000c1da    00000004     main.obj (.const:.string:ucIPAddress$2)
                  0000c1de    00000004     main.obj (.const:.string:ucNetMask$3)
                  0000c1e2    00000002     --HOLE-- [fill = 0]
                  0000c1e4    00000004     BufferAllocation_2.obj (.const)
                  0000c1e8    00000004     port.obj (.const)
                  0000c1ec    00000004     socket_client.obj (.const)
                  0000c1f0    00000004     uartstdio.obj (.const)

.cinit     0    0000c1f8    00000068     
                  0000c1f8    00000044     (.cinit..data.load) [load image, compression = lzss]
                  0000c23c    0000000c     (__TI_handler_table)
                  0000c248    00000008     (.cinit..bss.load) [load image, compression = zero_init]
                  0000c250    00000010     (__TI_cinit_table)

.init_array 
*          0    00000000    00000000     UNINITIALIZED

.bss       0    20000000    00010dce     UNINITIALIZED
                  20000000    0000c350     heap_4.obj (.bss:ucHeap)
                  2000c350    00003c00     (.common:g_ppui8RxBuffer)
                  2000ff50    00000870     BufferAllocation_2.obj (.bss:xNetworkBufferDescriptors)
                  200107c0    00000140     (.common:g_psRxDescriptor)
                  20010900    00000140     (.common:g_psTxDescriptor)
                  20010a40    0000012c     tasks.obj (.bss:pxReadyTasksLists)
                  20010b6c    00000060     FreeRTOS_DNS.obj (.bss:xDNSCache)
                  20010bcc    00000048     FreeRTOS_ARP.obj (.bss:xARPCache)
                  20010c14    00000040     (.common:xQueueRegistry)
                  20010c54    00000024     FreeRTOS_DHCP.obj (.bss:xDHCPData)
                  20010c78    00000014     FreeRTOS_IP.obj (.bss:xARPTimer)
                  20010c8c    00000014     timers.obj (.bss:xActiveTimerList1)
                  20010ca0    00000014     timers.obj (.bss:xActiveTimerList2)
                  20010cb4    00000014     FreeRTOS_IP.obj (.bss:xDHCPTimer)
                  20010cc8    00000014     tasks.obj (.bss:xDelayedTaskList1)
                  20010cdc    00000014     tasks.obj (.bss:xDelayedTaskList2)
                  20010cf0    00000014     BufferAllocation_2.obj (.bss:xFreeBuffersList)
                  20010d04    00000014     tasks.obj (.bss:xPendingReadyList)
                  20010d18    00000014     tasks.obj (.bss:xSuspendedTaskList)
                  20010d2c    00000014     FreeRTOS_IP.obj (.bss:xTCPTimer)
                  20010d40    00000014     tasks.obj (.bss:xTasksWaitingTermination)
                  20010d54    00000014     (.common:xBoundTCPSocketsList)
                  20010d68    00000014     (.common:xBoundUDPSocketsList)
                  20010d7c    00000008     tasks.obj (.bss)
                  20010d84    00000008     timers.obj (.bss)
                  20010d8c    00000008     heap_4.obj (.bss:xStart)
                  20010d94    00000004     BufferAllocation_2.obj (.bss)
                  20010d98    00000004     FreeRTOS_DNS.obj (.bss)
                  20010d9c    00000004     FreeRTOS_IP.obj (.bss)
                  20010da0    00000004     (.common:EMACtask_handle)
                  20010da4    00000004     (.common:MyTimer)
                  20010da8    00000004     (.common:commTask_handle)
                  20010dac    00000004     (.common:comm_client_packet)
                  20010db0    00000004     (.common:g_ui32RxDescIndex)
                  20010db4    00000004     (.common:g_ui32TxDescIndex)
                  20010db8    00000004     (.common:mainTask_handle)
                  20010dbc    00000004     (.common:output_clock_rate_hz)
                  20010dc0    00000004     (.common:pressureTask_handle)
                  20010dc4    00000004     (.common:socket_clientTask_handle)
                  20010dc8    00000004     (.common:uvTask_handle)
                  20010dcc    00000002     main.obj (.bss)

.stack     0    20010dd0    00000200     UNINITIALIZED
                  20010dd0    00000004     rtsv7M4_T_le_v4SPD16_eabi.lib : boot_cortex_m.c.obj (.stack)
                  20010dd4    000001fc     --HOLE--

.sysmem    0    20010fd0    00000200     UNINITIALIZED
                  20010fd0    00000008     rtsv7M4_T_le_v4SPD16_eabi.lib : memory.c.obj (.sysmem)
                  20010fd8    000001f8     --HOLE--

.data      0    200111d0    00000130     UNINITIALIZED
                  200111d0    00000034     tasks.obj (.data)
                  20011204    00000024     FreeRTOS_IP.obj (.data)
                  20011228    00000018     FreeRTOS_UDP_IP.obj (.data:xDefaultPartUDPPacketHeader)
                  20011240    00000014     main.obj (.data)
                  20011254    00000014     FreeRTOS_IP.obj (.data:xDefaultAddressing)
                  20011268    00000014     FreeRTOS_IP.obj (.data:xNetworkAddressing)
                  2001127c    00000010     heap_4.obj (.data)
                  2001128c    0000000c     rtsv7M4_T_le_v4SPD16_eabi.lib : memory.c.obj (.data:$O1$$)
                  20011298    0000000c     FreeRTOS_DNS.obj (.data)
                  200112a4    0000000c     timers.obj (.data)
                  200112b0    00000008     rtsv7M4_T_le_v4SPD16_eabi.lib : _lock.c.obj (.data:$O1$$)
                  200112b8    00000008     comm_task.obj (.data)
                  200112c0    00000008     pressure_task.obj (.data)
                  200112c8    00000008     uv_task.obj (.data)
                  200112d0    00000006     main.obj (.data:ucMACAddress$1)
                  200112d6    00000002     --HOLE--
                  200112d8    00000005     uartstdio.obj (.data)
                  200112dd    00000003     --HOLE--
                  200112e0    00000004     BufferAllocation_2.obj (.data)
                  200112e4    00000004     FreeRTOS_ARP.obj (.data)
                  200112e8    00000004     FreeRTOS_Sockets.obj (.data)
                  200112ec    00000004     FreeRTOS_TCP_IP.obj (.data)
                  200112f0    00000004     FreeRTOS_TCP_WIN.obj (.data)
                  200112f4    00000004     NetworkInterface.obj (.data)
                  200112f8    00000004     port.obj (.data)
                  200112fc    00000004     FreeRTOS_Sockets.obj (.data:usNextPortToUse)

MODULE SUMMARY

       Module                          code    ro data   rw data
       ------                          ----    -------   -------
    .\
       main.obj                        964     16        52     
       tm4c1294ncpdt_startup_ccs.obj   12      520       0      
    +--+-------------------------------+-------+---------+---------+
       Total:                          976     536       52     
                                                                
    .\FreeRTOS+TCP\
       FreeRTOS_TCP_IP.obj             7280    0         4      
       FreeRTOS_Sockets.obj            6380    8         48     
       FreeRTOS_IP.obj                 3916    30        140    
       FreeRTOS_DHCP.obj               1736    41        36     
       FreeRTOS_DNS.obj                1412    12        112    
       FreeRTOS_ARP.obj                1316    38        76     
       FreeRTOS_TCP_WIN.obj            1016    0         4      
       FreeRTOS_Stream_Buffer.obj      708     0         0      
       FreeRTOS_UDP_IP.obj             520     0         24     
    +--+-------------------------------+-------+---------+---------+
       Total:                          24284   129       444    
                                                                
    .\FreeRTOS+TCP\portable\BufferManagement\
       BufferAllocation_2.obj          656     4         2188   
    +--+-------------------------------+-------+---------+---------+
       Total:                          656     4         2188   
                                                                
    .\FreeRTOS+TCP\portable\NetworkInterface\
       NetworkInterface.obj            1136    0         16020  
    +--+-------------------------------+-------+---------+---------+
       Total:                          1136    0         16020  
                                                                
    .\FreeRTOS\
       tasks.obj                       6332    0         460    
       queue.obj                       3332    0         64     
       timers.obj                      1428    0         60     
       event_groups.obj                968     0         0      
       list.obj                        298     0         0      
    +--+-------------------------------+-------+---------+---------+
       Total:                          12358   0         584    
                                                                
    .\FreeRTOS\portable\CCS\ARM_CM4F\
       port.obj                        316     4         4      
       portasm.obj                     218     0         0      
    +--+-------------------------------+-------+---------+---------+
       Total:                          534     4         4      
                                                                
    .\FreeRTOS\portable\MemMang\
       heap_4.obj                      700     0         50024  
    +--+-------------------------------+-------+---------+---------+
       Total:                          700     0         50024  
                                                                
    .\comm\
       i2c_drive.obj                   412     0         0      
       socket_client.obj               340     4         4      
       uart_client.obj                 172     0         0      
    +--+-------------------------------+-------+---------+---------+
       Total:                          924     4         4      
                                                                
    .\tasks\
       comm_task.obj                   644     0         8      
       uv_task.obj                     368     0         8      
       pressure_task.obj               268     0         8      
    +--+-------------------------------+-------+---------+---------+
       Total:                          1280    0         24     
                                                                
    .\utils\
       uartstdio.obj                   1244    46        5      
       heartbeat_timer.obj             148     0         0      
    +--+-------------------------------+-------+---------+---------+
       Total:                          1392    46        5      
                                                                
    C:/ti/TivaWare_C_Series-2.1.4.178/driverlib/ccs/Debug/driverlib.lib
       sysctl.obj                      810     596       0      
       emac.obj                        606     24        0      
       gpio.obj                        456     144       0      
       interrupt.obj                   104     112       0      
       uart.obj                        122     0         0      
       i2c.obj                         114     0         0      
       flash.obj                       20      0         0      
    +--+-------------------------------+-------+---------+---------+
       Total:                          2232    876       0      
                                                                
    C:\ti\ccsv8\tools\compiler\ti-cgt-arm_18.1.1.LTS\lib\rtsv7M4_T_le_v4SPD16_eabi.lib
       fd_div_t2.asm.obj               310     0         0      
       memory.c.obj                    276     0         12     
       memcpy_t2.asm.obj               156     0         0      
       memset_t2.asm.obj               122     0         0      
       fd_tos_t2.asm.obj               110     0         0      
       copy_decompress_lzss.c.obj      104     0         0      
       autoinit.c.obj                  68      0         0      
       u_divt2.asm.obj                 64      0         0      
       boot_cortex_m.c.obj             56      0         0      
       strncpy.c.obj                   54      0         0      
       i_tofd_t2.asm.obj               46      0         0      
       strncmp.c.obj                   44      0         0      
       memcmp.c.obj                    36      0         0      
       memmov.c.obj                    36      0         0      
       strcpy.c.obj                    20      0         0      
       strlen.c.obj                    20      0         0      
       copy_decompress_none.c.obj      14      0         0      
       copy_zero_init.c.obj            12      0         0      
       _lock.c.obj                     2       0         8      
       exit.c.obj                      4       0         0      
       pre_init.c.obj                  4       0         0      
       div0.asm.obj                    2       0         0      
    +--+-------------------------------+-------+---------+---------+
       Total:                          1560    0         20     
                                                                
       Heap:                           0       0         512    
       Stack:                          0       0         512    
       Linker Generated:               0       104       0      
    +--+-------------------------------+-------+---------+---------+
       Grand Total:                    48032   1703      70393  


LINKER GENERATED COPY TABLES

__TI_cinit_table @ 0000c250 records: 2, size/record: 8, table size: 16
	.data: load addr=0000c1f8, load size=00000044 bytes, run addr=200111d0, run size=00000130 bytes, compression=lzss
	.bss: load addr=0000c248, load size=00000008 bytes, run addr=20000000, run size=00010dce bytes, compression=zero_init


LINKER GENERATED HANDLER TABLE

__TI_handler_table @ 0000c23c records: 3, size/record: 4, table size: 12
	index: 0, handler: __TI_decompress_lzss
	index: 1, handler: __TI_decompress_none
	index: 2, handler: __TI_zero_init


GLOBAL SYMBOLS: SORTED ALPHABETICALLY BY Name 

address   name                                  
-------   ----                                  
0000bdb3  C$$EXIT                               
0000a6e1  ConfigureI2C                          
0000a055  ConfigureUART                         
0000b1f9  ConfigureUART_client                  
0000bac9  EMACAddrSet                           
0000b949  EMACConfigSet                         
0000bd39  EMACFrameFilterSet                    
0000b451  EMACInit                              
0000ba5f  EMACIntClear                          
0000b90d  EMACIntEnable                         
0000bb27  EMACIntStatus                         
0000b681  EMACPHYConfigSet                      
0000bbd1  EMACPHYRead                           
0000bc81  EMACReset                             
0000bd91  EMACRxDMADescriptorListSet            
0000bc97  EMACRxEnable                          
0000bd97  EMACTxDMADescriptorListSet            
0000bd79  EMACTxDMAPollDemand                   
0000bcad  EMACTxEnable                          
20010da0  EMACtask_handle                       
0000888d  EthernetIntHandler                    
0000bcc5  FlashUserGet                          
00008345  FreeRTOS_ClearARP                     
00005555  FreeRTOS_GetAddressConfiguration      
00005edd  FreeRTOS_GetDNSServerAddress          
00005ed7  FreeRTOS_GetGatewayAddress            
00005ec1  FreeRTOS_GetIPAddress                 
00002ad9  FreeRTOS_GetLocalAddress              
00005ee9  FreeRTOS_GetMACAddress                
00005ee3  FreeRTOS_GetNetmask                   
00003557  FreeRTOS_GetRemoteAddress             
00005341  FreeRTOS_GetUDPPayloadBuffer          
00005431  FreeRTOS_IPInit                       
00005f45  FreeRTOS_IsNetworkUp                  
000052f5  FreeRTOS_NetworkDown                  
00005317  FreeRTOS_NetworkDownFromISR           
000082d1  FreeRTOS_OutputARPRequest             
00005409  FreeRTOS_ReleaseUDPPayloadBuffer      
000055e1  FreeRTOS_SendPingRequest              
000055a1  FreeRTOS_SetAddressConfiguration      
00005efd  FreeRTOS_SetGatewayAddress            
00005ec7  FreeRTOS_SetIPAddress                 
00005eed  FreeRTOS_SetNetmask                   
00002cc5  FreeRTOS_accept                       
000023d3  FreeRTOS_bind                         
00002519  FreeRTOS_closesocket                  
00002c37  FreeRTOS_connect                      
000036eb  FreeRTOS_connstatus                   
000078e5  FreeRTOS_dnslookup                    
000033cf  FreeRTOS_get_rx_buf                   
00002fe7  FreeRTOS_get_tx_head                  
000078fb  FreeRTOS_gethostbyname                
000029fd  FreeRTOS_inet_addr                    
00003685  FreeRTOS_issocketconnected            
00003187  FreeRTOS_listen                       
000035b9  FreeRTOS_maywrite                     
000036c3  FreeRTOS_mss                          
0000374d  FreeRTOS_netstat                      
00002e15  FreeRTOS_recv                         
000021c1  FreeRTOS_recvfrom                     
00003719  FreeRTOS_rx_size                      
0000303d  FreeRTOS_send                         
000022e5  FreeRTOS_sendto                       
0000264d  FreeRTOS_setsockopt                   
0000323f  FreeRTOS_shutdown                     
000020e3  FreeRTOS_socket                       
00003651  FreeRTOS_tx_size                      
0000361b  FreeRTOS_tx_space                     
0000bb7f  GPIODirModeSet                        
0000adb3  GPIOPadConfigSet                      
0000b775  GPIOPinConfigure                      
0000bd15  GPIOPinTypeI2C                        
0000bd27  GPIOPinTypeI2CSCL                     
0000bd81  I2CMasterBusy                         
0000bda3  I2CMasterControl                      
0000bda7  I2CMasterDataGet                      
0000bdab  I2CMasterDataPut                      
0000bd6f  I2CMasterEnable                       
0000b729  I2CMasterInitExpClk                   
0000bd89  I2CMasterSlaveAddrSet                 
000089ad  InitDescriptors                       
0000b5b1  IntEnable                             
00008a85  MACinit                               
20010da4  MyTimer                               
00008851  ProcessReceivedPacket                 
0000bd63  ResetISR                              
0000a4e1  SysCtlClockFreqSet                    
0000bd9d  SysCtlDelay                           
0000ba95  SysCtlPeripheralEnable                
0000b981  SysCtlPeripheralReady                 
0000b6d9  SysCtlPeripheralReset                 
0000b805  UARTConfigSetExpClk                   
0000bc41  UARTDisable                           
0000bcd9  UARTEnable                            
00008375  UARTStdioConfig                       
000084ed  UARTgetc                              
00008427  UARTgets                              
0000881b  UARTprintf                            
00008521  UARTvprintf                           
000083d5  UARTwrite                             
20010fd0  __STACK_END                           
00000200  __STACK_SIZE                          
20010fd0  __STACK_TOP                           
00000200  __SYSMEM_SIZE                         
0000c250  __TI_CINIT_Base                       
0000c260  __TI_CINIT_Limit                      
0000c23c  __TI_Handler_Table_Base               
0000c248  __TI_Handler_Table_Limit              
0000b84d  __TI_auto_init_nobinit_nopinit        
0000b619  __TI_decompress_lzss                  
0000bd49  __TI_decompress_none                  
ffffffff  __TI_pprof_out_hndl                   
ffffffff  __TI_prof_data_size                   
ffffffff  __TI_prof_data_start                  
00000000  __TI_static_base__                    
0000bd57  __TI_zero_init                        
0000b541  __aeabi_d2f                           
0000ac7d  __aeabi_ddiv                          
0000baf9  __aeabi_i2d                           
0000b1f7  __aeabi_idiv0                         
0000b1f7  __aeabi_ldiv0                         
0000b3d5  __aeabi_memclr                        
0000b3d5  __aeabi_memclr4                       
0000b3d5  __aeabi_memclr8                       
0000b2a5  __aeabi_memcpy                        
0000b2a5  __aeabi_memcpy4                       
0000b2a5  __aeabi_memcpy8                       
0000b3d7  __aeabi_memset                        
0000b3d7  __aeabi_memset4                       
0000b3d7  __aeabi_memset8                       
0000b891  __aeabi_uidiv                         
0000b891  __aeabi_uidivmod                      
ffffffff  __binit__                             
ffffffff  __c_args__                            
UNDEFED   __mpu_init                            
20010dd0  __stack                               
0000b9b9  _c_int00_noargs                       
200112b0  _lock                                 
0000b00f  _nop                                  
20010fd0  _sys_memory                           
UNDEFED   _system_post_cinit                    
0000bdaf  _system_pre_init                      
200112b4  _unlock                               
0000bdb3  abort                                 
ffffffff  binit                                 
20010da8  commTask_handle                       
20010dac  comm_client_packet                    
200112bc  comm_socket_Queue                     
0000a0a9  comm_task                             
000080b9  eARPGetCacheEntry                     
00007e51  eARPProcessPacket                     
00005775  eConsiderFrameForProcessing           
00003ad9  eTaskGetState                         
00000000  g_pfnVectors                          
2000c350  g_ppui8RxBuffer                       
200107c0  g_psRxDescriptor                      
20010900  g_psTxDescriptor                      
20010db0  g_ui32RxDescIndex                     
20010db4  g_ui32TxDescIndex                     
0000a7c3  get_data_from_pressure                
0000a831  get_data_from_uv                      
00009641  get_task_status                       
0000a87d  initialize_uv                         
000034c1  lTCPAddRxdata                         
00008e13  lTCPWindowRxCheck                     
00008e4d  lTCPWindowTxAdd                       
00009481  main                                  
20010db8  mainTask_handle                       
20011240  main_comm_Queue                       
0000958b  main_task                             
20011244  main_timeout                          
0000b4c9  malloc                                
0000bbf7  memcmp                                
0000b2a5  memcpy                                
0000bc1b  memmove                               
0000b3dd  memset                                
0000b9f1  minit                                 
20010dbc  output_clock_rate_hz                  
00006b87  pcQueueGetName                        
000040b3  pcTaskGetName                         
00007473  pcTimerGetName                        
20010dc0  pressureTask_handle                   
200112c0  pressure_comm_Queue                   
0000b011  pressure_task                         
00009e6b  pucGetNetworkBuffer                   
00009b09  pvPortMalloc                          
00004b3f  pvTaskIncrementMutexHeldCount         
0000785d  pvTimerGetTimerID                     
200111d0  pxCurrentTCB                          
0000537f  pxDuplicateNetworkBufferWithDescriptor
00009ec5  pxGetNetworkBufferWithDescriptor      
0000ab41  pxPortInitialiseStack                 
00009fcd  pxResizeNetworkBufferWithDescriptor   
0000334f  pxTCPSocketLookup                     
000053c9  pxUDPPayloadBuffer_to_NetworkBuffer   
000029dd  pxUDPSocketLookup                     
0000a719  sendI2C                               
20010dc4  socket_clientTask_handle              
0000a9ed  socket_client_task                    
200112b8  socket_client_task_ready              
0000bced  strcpy                                
0000bd01  strlen                                
0000bb53  strncmp                               
0000ba29  strncpy                               
0000b24b  uart_send_data                        
000068e9  ucQueueGetQueueType                   
00007ba7  ulDNSHandlePacket                     
0000c1e8  ulMaxSyscallInterruptPriority         
200112ec  ulNextInitialSequenceNumber           
0000b12d  ulPortGetIPSR                         
00009025  ulTCPWindowTxAck                      
00008ee9  ulTCPWindowTxGet                      
00004b5d  ulTaskNotifyTake                      
00005d05  usGenerateChecksum                    
00005bb9  usGenerateProtocolChecksum            
20011208  usPacketIdentifier                    
20010dc8  uvTask_handle                         
200112c8  uv_comm_Queue                         
0000a8ab  uv_task                               
0000944f  uxEventGroupGetNumber                 
00009fc7  uxGetMinimumFreeNetworkBuffers        
00009fc1  uxGetNumberOfFreeNetworkBuffers       
0000afc7  uxListRemove                          
000068c9  uxQueueGetQueueNumber                 
0000686b  uxQueueMessagesWaiting                
000068a1  uxQueueMessagesWaitingFromISR         
00006881  uxQueueSpacesAvailable                
00009955  uxStreamBufferAdd                     
00009a37  uxStreamBufferGet                     
000040ad  uxTaskGetNumberOfTasks                
000040d9  uxTaskGetSystemState                  
00004591  uxTaskGetTaskNumber                   
00003b6d  uxTaskPriorityGet                     
00003b9d  uxTaskPriorityGetFromISR              
00004b1d  uxTaskResetEventItemValue             
00007891  uxTimerGetTimerNumber                 
000081f5  vARPAgeCache                          
000082f9  vARPGenerateRequestPacket             
00007f1f  vARPRefreshCacheEntry                 
000082c1  vARPSendGratuitous                    
00008c19  vApplicationIPNetworkEventHook        
00006c91  vDHCPProcess                          
00009409  vEventGroupClearBitsCallback          
000093c5  vEventGroupDelete                     
000093f9  vEventGroupSetBitsCallback            
0000946f  vEventGroupSetNumber                  
00005831  vIPNetworkUpCalls                     
00005f31  vIPReloadDHCPTimer                    
00005f0d  vIPSetDHCPTimerEnableState            
0000aee5  vListInitialise                       
0000af15  vListInitialiseItem                   
0000af61  vListInsert                           
0000af25  vListInsertEnd                        
00008cfb  vListInsertGeneric                    
00002045  vNetworkSocketsInit                   
0000b1e9  vPortEnableVFP                        
0000abe1  vPortEndScheduler                     
0000abe3  vPortEnterCritical                    
0000ac03  vPortExitCritical                     
00009c0b  vPortFree                             
00009c69  vPortInitialiseBlocks                 
0000b1a5  vPortSVCHandler                       
0000ac3f  vPortSetupTimerInterrupt              
0000b1c5  vPortStartFirstTask                   
0000a2d9  vProcessGeneratedUDPPacket            
00006b45  vQueueAddToRegistry                   
000068b3  vQueueDelete                          
000068d7  vQueueSetQueueNumber                  
00006bc7  vQueueUnregisterQueue                 
00006c0b  vQueueWaitForMessageRestricted        
00009eaf  vReleaseNetworkBuffer                 
00009f77  vReleaseNetworkBufferAndDescriptor    
00005e8f  vReturnEthernetFrame                  
00002477  vSocketBind                           
0000255d  vSocketClose                          
00002b05  vSocketWakeUpUser                     
00000bad  vTCPStateChange                       
00008d33  vTCPWindowCreate                      
000090a9  vTCPWindowDestroy                     
00008d65  vTCPWindowInit                        
00003a9d  vTaskDelay                            
00003a0d  vTaskDelayUntil                       
0000395f  vTaskDelete                           
00003f75  vTaskEndScheduler                     
00004689  vTaskGetInfo                          
000044df  vTaskInternalSetTimeOutState          
0000457f  vTaskMissedYield                      
00004e79  vTaskNotifyGiveFromISR                
00004359  vTaskPlaceOnEventList                 
0000439f  vTaskPlaceOnEventListRestricted       
00004375  vTaskPlaceOnUnorderedEventList        
00004a45  vTaskPriorityDisinheritAfterTimeout   
00003be9  vTaskPrioritySet                      
00004455  vTaskRemoveFromUnorderedEventList     
00003e11  vTaskResume                           
000045b5  vTaskSetTaskNumber                    
000044c1  vTaskSetTimeOutState                  
00003f19  vTaskStartScheduler                   
00003d01  vTaskSuspend                          
00003f91  vTaskSuspendAll                       
000042f1  vTaskSwitchContext                    
0000b341  vTimerCallback                        
00007877  vTimerSetTimerID                      
0000789f  vTimerSetTimerNumber                  
20010d54  xBoundTCPSocketsList                  
20010d68  xBoundUDPSocketsList                  
0000c1cc  xBroadcastMACAddress                  
0000c1e4  xBufferAllocFixedSize                 
20011254  xDefaultAddressing                    
20011228  xDefaultPartUDPPacketHeader           
0000929d  xEventGroupClearBits                  
000090b9  xEventGroupCreate                     
000092c9  xEventGroupGetBitsFromISR             
000092f9  xEventGroupSetBits                    
000090d9  xEventGroupSync                       
000091ad  xEventGroupWaitBits                   
00005f3f  xIPIsNetworkTaskReady                 
00005149  xIsCallingFromIPTask                  
00006c71  xIsDHCPSocket                         
20011268  xNetworkAddressing                    
00009dc5  xNetworkBuffersInitialise             
20011204  xNetworkEventQueue                    
00008bc5  xNetworkInterfaceInitialise           
00008beb  xNetworkInterfaceOutput               
00009c5d  xPortGetFreeHeapSize                  
00009c63  xPortGetMinimumEverFreeHeapSize       
0000b145  xPortPendSVHandler                    
0000abab  xPortStartScheduler                   
0000ac19  xPortSysTickHandler                   
00001a59  xProcessReceivedTCPPacket             
0000a42d  xProcessReceivedUDPPacket             
00006171  xQueueCreateCountingSemaphore         
000060c5  xQueueCreateMutex                     
0000600b  xQueueGenericCreate                   
00005f6d  xQueueGenericReset                    
00006191  xQueueGenericSend                     
000062bd  xQueueGenericSendFromISR              
00006357  xQueueGiveFromISR                     
000060f1  xQueueGiveMutexRecursive              
00006ae1  xQueueIsQueueEmptyFromISR             
00006b23  xQueueIsQueueFullFromISR              
0000665f  xQueuePeek                            
00006819  xQueuePeekFromISR                     
000063e9  xQueueReceive                         
00006781  xQueueReceiveFromISR                  
20010c14  xQueueRegistry                        
00006505  xQueueSemaphoreTake                   
0000612d  xQueueTakeMutexRecursive              
000056dd  xSendEventStructToIPTask              
000056a3  xSendEventToIPTask                    
00001dfd  xTCPCheckNewClient                    
0000040d  xTCPSocketCheck                       
00003297  xTCPTimerCheck                        
200112f0  xTCPWindowLoggingLevel                
00009097  xTCPWindowRxEmpty                     
00008f67  xTCPWindowTxDone                      
00008fad  xTCPWindowTxHasData                   
00004501  xTaskCheckForTimeOut                  
00003765  xTaskCreate                           
00004c7f  xTaskGenericNotify                    
00004d69  xTaskGenericNotifyFromISR             
0000485b  xTaskGetCurrentTaskHandle             
00004875  xTaskGetSchedulerState                
00004089  xTaskGetTickCount                     
00004099  xTaskGetTickCountFromISR              
000041cd  xTaskIncrementTick                    
00004f27  xTaskNotifyStateClear                 
00004bdd  xTaskNotifyWait                       
000049a1  xTaskPriorityDisinherit               
000048c1  xTaskPriorityInherit                  
000043d9  xTaskRemoveFromEventList              
00003fa5  xTaskResumeAll                        
00003e8b  xTaskResumeFromISR                    
00007365  xTimerCreate                          
00007339  xTimerCreateTimerTask                 
000073d9  xTimerGenericCommand                  
0000745d  xTimerGetExpiryTime                   
0000744b  xTimerGetPeriod                       
00007445  xTimerGetTimerDaemonTaskHandle        
00007831  xTimerIsTimerActive                   


GLOBAL SYMBOLS: SORTED BY Symbol Address 

address   name                                  
-------   ----                                  
00000000  __TI_static_base__                    
00000000  g_pfnVectors                          
00000200  __STACK_SIZE                          
00000200  __SYSMEM_SIZE                         
0000040d  xTCPSocketCheck                       
00000bad  vTCPStateChange                       
00001a59  xProcessReceivedTCPPacket             
00001dfd  xTCPCheckNewClient                    
00002045  vNetworkSocketsInit                   
000020e3  FreeRTOS_socket                       
000021c1  FreeRTOS_recvfrom                     
000022e5  FreeRTOS_sendto                       
000023d3  FreeRTOS_bind                         
00002477  vSocketBind                           
00002519  FreeRTOS_closesocket                  
0000255d  vSocketClose                          
0000264d  FreeRTOS_setsockopt                   
000029dd  pxUDPSocketLookup                     
000029fd  FreeRTOS_inet_addr                    
00002ad9  FreeRTOS_GetLocalAddress              
00002b05  vSocketWakeUpUser                     
00002c37  FreeRTOS_connect                      
00002cc5  FreeRTOS_accept                       
00002e15  FreeRTOS_recv                         
00002fe7  FreeRTOS_get_tx_head                  
0000303d  FreeRTOS_send                         
00003187  FreeRTOS_listen                       
0000323f  FreeRTOS_shutdown                     
00003297  xTCPTimerCheck                        
0000334f  pxTCPSocketLookup                     
000033cf  FreeRTOS_get_rx_buf                   
000034c1  lTCPAddRxdata                         
00003557  FreeRTOS_GetRemoteAddress             
000035b9  FreeRTOS_maywrite                     
0000361b  FreeRTOS_tx_space                     
00003651  FreeRTOS_tx_size                      
00003685  FreeRTOS_issocketconnected            
000036c3  FreeRTOS_mss                          
000036eb  FreeRTOS_connstatus                   
00003719  FreeRTOS_rx_size                      
0000374d  FreeRTOS_netstat                      
00003765  xTaskCreate                           
0000395f  vTaskDelete                           
00003a0d  vTaskDelayUntil                       
00003a9d  vTaskDelay                            
00003ad9  eTaskGetState                         
00003b6d  uxTaskPriorityGet                     
00003b9d  uxTaskPriorityGetFromISR              
00003be9  vTaskPrioritySet                      
00003d01  vTaskSuspend                          
00003e11  vTaskResume                           
00003e8b  xTaskResumeFromISR                    
00003f19  vTaskStartScheduler                   
00003f75  vTaskEndScheduler                     
00003f91  vTaskSuspendAll                       
00003fa5  xTaskResumeAll                        
00004089  xTaskGetTickCount                     
00004099  xTaskGetTickCountFromISR              
000040ad  uxTaskGetNumberOfTasks                
000040b3  pcTaskGetName                         
000040d9  uxTaskGetSystemState                  
000041cd  xTaskIncrementTick                    
000042f1  vTaskSwitchContext                    
00004359  vTaskPlaceOnEventList                 
00004375  vTaskPlaceOnUnorderedEventList        
0000439f  vTaskPlaceOnEventListRestricted       
000043d9  xTaskRemoveFromEventList              
00004455  vTaskRemoveFromUnorderedEventList     
000044c1  vTaskSetTimeOutState                  
000044df  vTaskInternalSetTimeOutState          
00004501  xTaskCheckForTimeOut                  
0000457f  vTaskMissedYield                      
00004591  uxTaskGetTaskNumber                   
000045b5  vTaskSetTaskNumber                    
00004689  vTaskGetInfo                          
0000485b  xTaskGetCurrentTaskHandle             
00004875  xTaskGetSchedulerState                
000048c1  xTaskPriorityInherit                  
000049a1  xTaskPriorityDisinherit               
00004a45  vTaskPriorityDisinheritAfterTimeout   
00004b1d  uxTaskResetEventItemValue             
00004b3f  pvTaskIncrementMutexHeldCount         
00004b5d  ulTaskNotifyTake                      
00004bdd  xTaskNotifyWait                       
00004c7f  xTaskGenericNotify                    
00004d69  xTaskGenericNotifyFromISR             
00004e79  vTaskNotifyGiveFromISR                
00004f27  xTaskNotifyStateClear                 
00005149  xIsCallingFromIPTask                  
000052f5  FreeRTOS_NetworkDown                  
00005317  FreeRTOS_NetworkDownFromISR           
00005341  FreeRTOS_GetUDPPayloadBuffer          
0000537f  pxDuplicateNetworkBufferWithDescriptor
000053c9  pxUDPPayloadBuffer_to_NetworkBuffer   
00005409  FreeRTOS_ReleaseUDPPayloadBuffer      
00005431  FreeRTOS_IPInit                       
00005555  FreeRTOS_GetAddressConfiguration      
000055a1  FreeRTOS_SetAddressConfiguration      
000055e1  FreeRTOS_SendPingRequest              
000056a3  xSendEventToIPTask                    
000056dd  xSendEventStructToIPTask              
00005775  eConsiderFrameForProcessing           
00005831  vIPNetworkUpCalls                     
00005bb9  usGenerateProtocolChecksum            
00005d05  usGenerateChecksum                    
00005e8f  vReturnEthernetFrame                  
00005ec1  FreeRTOS_GetIPAddress                 
00005ec7  FreeRTOS_SetIPAddress                 
00005ed7  FreeRTOS_GetGatewayAddress            
00005edd  FreeRTOS_GetDNSServerAddress          
00005ee3  FreeRTOS_GetNetmask                   
00005ee9  FreeRTOS_GetMACAddress                
00005eed  FreeRTOS_SetNetmask                   
00005efd  FreeRTOS_SetGatewayAddress            
00005f0d  vIPSetDHCPTimerEnableState            
00005f31  vIPReloadDHCPTimer                    
00005f3f  xIPIsNetworkTaskReady                 
00005f45  FreeRTOS_IsNetworkUp                  
00005f6d  xQueueGenericReset                    
0000600b  xQueueGenericCreate                   
000060c5  xQueueCreateMutex                     
000060f1  xQueueGiveMutexRecursive              
0000612d  xQueueTakeMutexRecursive              
00006171  xQueueCreateCountingSemaphore         
00006191  xQueueGenericSend                     
000062bd  xQueueGenericSendFromISR              
00006357  xQueueGiveFromISR                     
000063e9  xQueueReceive                         
00006505  xQueueSemaphoreTake                   
0000665f  xQueuePeek                            
00006781  xQueueReceiveFromISR                  
00006819  xQueuePeekFromISR                     
0000686b  uxQueueMessagesWaiting                
00006881  uxQueueSpacesAvailable                
000068a1  uxQueueMessagesWaitingFromISR         
000068b3  vQueueDelete                          
000068c9  uxQueueGetQueueNumber                 
000068d7  vQueueSetQueueNumber                  
000068e9  ucQueueGetQueueType                   
00006ae1  xQueueIsQueueEmptyFromISR             
00006b23  xQueueIsQueueFullFromISR              
00006b45  vQueueAddToRegistry                   
00006b87  pcQueueGetName                        
00006bc7  vQueueUnregisterQueue                 
00006c0b  vQueueWaitForMessageRestricted        
00006c71  xIsDHCPSocket                         
00006c91  vDHCPProcess                          
00007339  xTimerCreateTimerTask                 
00007365  xTimerCreate                          
000073d9  xTimerGenericCommand                  
00007445  xTimerGetTimerDaemonTaskHandle        
0000744b  xTimerGetPeriod                       
0000745d  xTimerGetExpiryTime                   
00007473  pcTimerGetName                        
00007831  xTimerIsTimerActive                   
0000785d  pvTimerGetTimerID                     
00007877  vTimerSetTimerID                      
00007891  uxTimerGetTimerNumber                 
0000789f  vTimerSetTimerNumber                  
000078e5  FreeRTOS_dnslookup                    
000078fb  FreeRTOS_gethostbyname                
00007ba7  ulDNSHandlePacket                     
00007e51  eARPProcessPacket                     
00007f1f  vARPRefreshCacheEntry                 
000080b9  eARPGetCacheEntry                     
000081f5  vARPAgeCache                          
000082c1  vARPSendGratuitous                    
000082d1  FreeRTOS_OutputARPRequest             
000082f9  vARPGenerateRequestPacket             
00008345  FreeRTOS_ClearARP                     
00008375  UARTStdioConfig                       
000083d5  UARTwrite                             
00008427  UARTgets                              
000084ed  UARTgetc                              
00008521  UARTvprintf                           
0000881b  UARTprintf                            
00008851  ProcessReceivedPacket                 
0000888d  EthernetIntHandler                    
000089ad  InitDescriptors                       
00008a85  MACinit                               
00008bc5  xNetworkInterfaceInitialise           
00008beb  xNetworkInterfaceOutput               
00008c19  vApplicationIPNetworkEventHook        
00008cfb  vListInsertGeneric                    
00008d33  vTCPWindowCreate                      
00008d65  vTCPWindowInit                        
00008e13  lTCPWindowRxCheck                     
00008e4d  lTCPWindowTxAdd                       
00008ee9  ulTCPWindowTxGet                      
00008f67  xTCPWindowTxDone                      
00008fad  xTCPWindowTxHasData                   
00009025  ulTCPWindowTxAck                      
00009097  xTCPWindowRxEmpty                     
000090a9  vTCPWindowDestroy                     
000090b9  xEventGroupCreate                     
000090d9  xEventGroupSync                       
000091ad  xEventGroupWaitBits                   
0000929d  xEventGroupClearBits                  
000092c9  xEventGroupGetBitsFromISR             
000092f9  xEventGroupSetBits                    
000093c5  vEventGroupDelete                     
000093f9  vEventGroupSetBitsCallback            
00009409  vEventGroupClearBitsCallback          
0000944f  uxEventGroupGetNumber                 
0000946f  vEventGroupSetNumber                  
00009481  main                                  
0000958b  main_task                             
00009641  get_task_status                       
00009955  uxStreamBufferAdd                     
00009a37  uxStreamBufferGet                     
00009b09  pvPortMalloc                          
00009c0b  vPortFree                             
00009c5d  xPortGetFreeHeapSize                  
00009c63  xPortGetMinimumEverFreeHeapSize       
00009c69  vPortInitialiseBlocks                 
00009dc5  xNetworkBuffersInitialise             
00009e6b  pucGetNetworkBuffer                   
00009eaf  vReleaseNetworkBuffer                 
00009ec5  pxGetNetworkBufferWithDescriptor      
00009f77  vReleaseNetworkBufferAndDescriptor    
00009fc1  uxGetNumberOfFreeNetworkBuffers       
00009fc7  uxGetMinimumFreeNetworkBuffers        
00009fcd  pxResizeNetworkBufferWithDescriptor   
0000a055  ConfigureUART                         
0000a0a9  comm_task                             
0000a2d9  vProcessGeneratedUDPPacket            
0000a42d  xProcessReceivedUDPPacket             
0000a4e1  SysCtlClockFreqSet                    
0000a6e1  ConfigureI2C                          
0000a719  sendI2C                               
0000a7c3  get_data_from_pressure                
0000a831  get_data_from_uv                      
0000a87d  initialize_uv                         
0000a8ab  uv_task                               
0000a9ed  socket_client_task                    
0000ab41  pxPortInitialiseStack                 
0000abab  xPortStartScheduler                   
0000abe1  vPortEndScheduler                     
0000abe3  vPortEnterCritical                    
0000ac03  vPortExitCritical                     
0000ac19  xPortSysTickHandler                   
0000ac3f  vPortSetupTimerInterrupt              
0000ac7d  __aeabi_ddiv                          
0000adb3  GPIOPadConfigSet                      
0000aee5  vListInitialise                       
0000af15  vListInitialiseItem                   
0000af25  vListInsertEnd                        
0000af61  vListInsert                           
0000afc7  uxListRemove                          
0000b00f  _nop                                  
0000b011  pressure_task                         
0000b12d  ulPortGetIPSR                         
0000b145  xPortPendSVHandler                    
0000b1a5  vPortSVCHandler                       
0000b1c5  vPortStartFirstTask                   
0000b1e9  vPortEnableVFP                        
0000b1f7  __aeabi_idiv0                         
0000b1f7  __aeabi_ldiv0                         
0000b1f9  ConfigureUART_client                  
0000b24b  uart_send_data                        
0000b2a5  __aeabi_memcpy                        
0000b2a5  __aeabi_memcpy4                       
0000b2a5  __aeabi_memcpy8                       
0000b2a5  memcpy                                
0000b341  vTimerCallback                        
0000b3d5  __aeabi_memclr                        
0000b3d5  __aeabi_memclr4                       
0000b3d5  __aeabi_memclr8                       
0000b3d7  __aeabi_memset                        
0000b3d7  __aeabi_memset4                       
0000b3d7  __aeabi_memset8                       
0000b3dd  memset                                
0000b451  EMACInit                              
0000b4c9  malloc                                
0000b541  __aeabi_d2f                           
0000b5b1  IntEnable                             
0000b619  __TI_decompress_lzss                  
0000b681  EMACPHYConfigSet                      
0000b6d9  SysCtlPeripheralReset                 
0000b729  I2CMasterInitExpClk                   
0000b775  GPIOPinConfigure                      
0000b805  UARTConfigSetExpClk                   
0000b84d  __TI_auto_init_nobinit_nopinit        
0000b891  __aeabi_uidiv                         
0000b891  __aeabi_uidivmod                      
0000b90d  EMACIntEnable                         
0000b949  EMACConfigSet                         
0000b981  SysCtlPeripheralReady                 
0000b9b9  _c_int00_noargs                       
0000b9f1  minit                                 
0000ba29  strncpy                               
0000ba5f  EMACIntClear                          
0000ba95  SysCtlPeripheralEnable                
0000bac9  EMACAddrSet                           
0000baf9  __aeabi_i2d                           
0000bb27  EMACIntStatus                         
0000bb53  strncmp                               
0000bb7f  GPIODirModeSet                        
0000bbd1  EMACPHYRead                           
0000bbf7  memcmp                                
0000bc1b  memmove                               
0000bc41  UARTDisable                           
0000bc81  EMACReset                             
0000bc97  EMACRxEnable                          
0000bcad  EMACTxEnable                          
0000bcc5  FlashUserGet                          
0000bcd9  UARTEnable                            
0000bced  strcpy                                
0000bd01  strlen                                
0000bd15  GPIOPinTypeI2C                        
0000bd27  GPIOPinTypeI2CSCL                     
0000bd39  EMACFrameFilterSet                    
0000bd49  __TI_decompress_none                  
0000bd57  __TI_zero_init                        
0000bd63  ResetISR                              
0000bd6f  I2CMasterEnable                       
0000bd79  EMACTxDMAPollDemand                   
0000bd81  I2CMasterBusy                         
0000bd89  I2CMasterSlaveAddrSet                 
0000bd91  EMACRxDMADescriptorListSet            
0000bd97  EMACTxDMADescriptorListSet            
0000bd9d  SysCtlDelay                           
0000bda3  I2CMasterControl                      
0000bda7  I2CMasterDataGet                      
0000bdab  I2CMasterDataPut                      
0000bdaf  _system_pre_init                      
0000bdb3  C$$EXIT                               
0000bdb3  abort                                 
0000c1cc  xBroadcastMACAddress                  
0000c1e4  xBufferAllocFixedSize                 
0000c1e8  ulMaxSyscallInterruptPriority         
0000c23c  __TI_Handler_Table_Base               
0000c248  __TI_Handler_Table_Limit              
0000c250  __TI_CINIT_Base                       
0000c260  __TI_CINIT_Limit                      
2000c350  g_ppui8RxBuffer                       
200107c0  g_psRxDescriptor                      
20010900  g_psTxDescriptor                      
20010c14  xQueueRegistry                        
20010d54  xBoundTCPSocketsList                  
20010d68  xBoundUDPSocketsList                  
20010da0  EMACtask_handle                       
20010da4  MyTimer                               
20010da8  commTask_handle                       
20010dac  comm_client_packet                    
20010db0  g_ui32RxDescIndex                     
20010db4  g_ui32TxDescIndex                     
20010db8  mainTask_handle                       
20010dbc  output_clock_rate_hz                  
20010dc0  pressureTask_handle                   
20010dc4  socket_clientTask_handle              
20010dc8  uvTask_handle                         
20010dd0  __stack                               
20010fd0  __STACK_END                           
20010fd0  __STACK_TOP                           
20010fd0  _sys_memory                           
200111d0  pxCurrentTCB                          
20011204  xNetworkEventQueue                    
20011208  usPacketIdentifier                    
20011228  xDefaultPartUDPPacketHeader           
20011240  main_comm_Queue                       
20011244  main_timeout                          
20011254  xDefaultAddressing                    
20011268  xNetworkAddressing                    
200112b0  _lock                                 
200112b4  _unlock                               
200112b8  socket_client_task_ready              
200112bc  comm_socket_Queue                     
200112c0  pressure_comm_Queue                   
200112c8  uv_comm_Queue                         
200112ec  ulNextInitialSequenceNumber           
200112f0  xTCPWindowLoggingLevel                
ffffffff  __TI_pprof_out_hndl                   
ffffffff  __TI_prof_data_size                   
ffffffff  __TI_prof_data_start                  
ffffffff  __binit__                             
ffffffff  __c_args__                            
ffffffff  binit                                 
UNDEFED   __mpu_init                            
UNDEFED   _system_post_cinit                    

[380 symbols]
