<?xml version="1.0" encoding="ISO-8859-1" ?>
<link_info>
   <banner>TI ARM Linker PC v18.1.1.LTS</banner>
   <copyright>Copyright (c) 1996-2017 Texas Instruments Incorporated</copyright>
   <link_time>0x5ae56fdc</link_time>
   <link_errors>0x0</link_errors>
   <output_file>apes_p2.out</output_file>
   <entry_point>
      <name>_c_int00_noargs</name>
      <address>0xb919</address>
   </entry_point>
   <input_file_list>
      <input_file id="fl-2">
         <path>.\</path>
         <kind>object</kind>
         <file>main.obj</file>
         <name>main.obj</name>
      </input_file>
      <input_file id="fl-3">
         <path>.\</path>
         <kind>object</kind>
         <file>tm4c1294ncpdt_startup_ccs.obj</file>
         <name>tm4c1294ncpdt_startup_ccs.obj</name>
      </input_file>
      <input_file id="fl-4">
         <path>.\FreeRTOS\</path>
         <kind>object</kind>
         <file>croutine.obj</file>
         <name>croutine.obj</name>
      </input_file>
      <input_file id="fl-5">
         <path>.\FreeRTOS\</path>
         <kind>object</kind>
         <file>event_groups.obj</file>
         <name>event_groups.obj</name>
      </input_file>
      <input_file id="fl-6">
         <path>.\FreeRTOS\</path>
         <kind>object</kind>
         <file>list.obj</file>
         <name>list.obj</name>
      </input_file>
      <input_file id="fl-7">
         <path>.\FreeRTOS\</path>
         <kind>object</kind>
         <file>queue.obj</file>
         <name>queue.obj</name>
      </input_file>
      <input_file id="fl-8">
         <path>.\FreeRTOS\</path>
         <kind>object</kind>
         <file>stream_buffer.obj</file>
         <name>stream_buffer.obj</name>
      </input_file>
      <input_file id="fl-9">
         <path>.\FreeRTOS\</path>
         <kind>object</kind>
         <file>tasks.obj</file>
         <name>tasks.obj</name>
      </input_file>
      <input_file id="fl-a">
         <path>.\FreeRTOS\</path>
         <kind>object</kind>
         <file>timers.obj</file>
         <name>timers.obj</name>
      </input_file>
      <input_file id="fl-b">
         <path>.\FreeRTOS\portable\CCS\ARM_CM4F\</path>
         <kind>object</kind>
         <file>port.obj</file>
         <name>port.obj</name>
      </input_file>
      <input_file id="fl-c">
         <path>.\FreeRTOS\portable\CCS\ARM_CM4F\</path>
         <kind>object</kind>
         <file>portasm.obj</file>
         <name>portasm.obj</name>
      </input_file>
      <input_file id="fl-d">
         <path>.\FreeRTOS\portable\MemMang\</path>
         <kind>object</kind>
         <file>heap_4.obj</file>
         <name>heap_4.obj</name>
      </input_file>
      <input_file id="fl-e">
         <path>.\FreeRTOS+TCP\</path>
         <kind>object</kind>
         <file>FreeRTOS_ARP.obj</file>
         <name>FreeRTOS_ARP.obj</name>
      </input_file>
      <input_file id="fl-f">
         <path>.\FreeRTOS+TCP\</path>
         <kind>object</kind>
         <file>FreeRTOS_DHCP.obj</file>
         <name>FreeRTOS_DHCP.obj</name>
      </input_file>
      <input_file id="fl-10">
         <path>.\FreeRTOS+TCP\</path>
         <kind>object</kind>
         <file>FreeRTOS_DNS.obj</file>
         <name>FreeRTOS_DNS.obj</name>
      </input_file>
      <input_file id="fl-11">
         <path>.\FreeRTOS+TCP\</path>
         <kind>object</kind>
         <file>FreeRTOS_IP.obj</file>
         <name>FreeRTOS_IP.obj</name>
      </input_file>
      <input_file id="fl-12">
         <path>.\FreeRTOS+TCP\</path>
         <kind>object</kind>
         <file>FreeRTOS_Sockets.obj</file>
         <name>FreeRTOS_Sockets.obj</name>
      </input_file>
      <input_file id="fl-13">
         <path>.\FreeRTOS+TCP\</path>
         <kind>object</kind>
         <file>FreeRTOS_Stream_Buffer.obj</file>
         <name>FreeRTOS_Stream_Buffer.obj</name>
      </input_file>
      <input_file id="fl-14">
         <path>.\FreeRTOS+TCP\</path>
         <kind>object</kind>
         <file>FreeRTOS_TCP_IP.obj</file>
         <name>FreeRTOS_TCP_IP.obj</name>
      </input_file>
      <input_file id="fl-15">
         <path>.\FreeRTOS+TCP\</path>
         <kind>object</kind>
         <file>FreeRTOS_TCP_WIN.obj</file>
         <name>FreeRTOS_TCP_WIN.obj</name>
      </input_file>
      <input_file id="fl-16">
         <path>.\FreeRTOS+TCP\</path>
         <kind>object</kind>
         <file>FreeRTOS_UDP_IP.obj</file>
         <name>FreeRTOS_UDP_IP.obj</name>
      </input_file>
      <input_file id="fl-17">
         <path>.\FreeRTOS+TCP\portable\BufferManagement\</path>
         <kind>object</kind>
         <file>BufferAllocation_2.obj</file>
         <name>BufferAllocation_2.obj</name>
      </input_file>
      <input_file id="fl-18">
         <path>.\FreeRTOS+TCP\portable\NetworkInterface\</path>
         <kind>object</kind>
         <file>NetworkInterface.obj</file>
         <name>NetworkInterface.obj</name>
      </input_file>
      <input_file id="fl-19">
         <path>.\comm\</path>
         <kind>object</kind>
         <file>i2c_drive.obj</file>
         <name>i2c_drive.obj</name>
      </input_file>
      <input_file id="fl-1a">
         <path>.\comm\</path>
         <kind>object</kind>
         <file>socket_client.obj</file>
         <name>socket_client.obj</name>
      </input_file>
      <input_file id="fl-1b">
         <path>.\comm\</path>
         <kind>object</kind>
         <file>uart_client.obj</file>
         <name>uart_client.obj</name>
      </input_file>
      <input_file id="fl-1c">
         <path>.\tasks\</path>
         <kind>object</kind>
         <file>comm_task.obj</file>
         <name>comm_task.obj</name>
      </input_file>
      <input_file id="fl-1d">
         <path>.\tasks\</path>
         <kind>object</kind>
         <file>pressure_task.obj</file>
         <name>pressure_task.obj</name>
      </input_file>
      <input_file id="fl-1e">
         <path>.\tasks\</path>
         <kind>object</kind>
         <file>uv_task.obj</file>
         <name>uv_task.obj</name>
      </input_file>
      <input_file id="fl-1f">
         <path>.\utils\</path>
         <kind>object</kind>
         <file>heartbeat_timer.obj</file>
         <name>heartbeat_timer.obj</name>
      </input_file>
      <input_file id="fl-20">
         <path>.\utils\</path>
         <kind>object</kind>
         <file>uartstdio.obj</file>
         <name>uartstdio.obj</name>
      </input_file>
      <input_file id="fl-25">
         <kind>object</kind>
         <file>&lt;internal&gt;</file>
         <name>&lt;internal&gt;</name>
      </input_file>
      <input_file id="fl-db">
         <path>C:\ti\ccsv8\tools\compiler\ti-cgt-arm_18.1.1.LTS\lib\</path>
         <kind>archive</kind>
         <file>rtsv7M4_T_le_v4SPD16_eabi.lib</file>
         <name>u_divt2.asm.obj</name>
      </input_file>
      <input_file id="fl-dc">
         <path>C:\ti\ccsv8\tools\compiler\ti-cgt-arm_18.1.1.LTS\lib\</path>
         <kind>archive</kind>
         <file>rtsv7M4_T_le_v4SPD16_eabi.lib</file>
         <name>fd_div_t2.asm.obj</name>
      </input_file>
      <input_file id="fl-dd">
         <path>C:\ti\ccsv8\tools\compiler\ti-cgt-arm_18.1.1.LTS\lib\</path>
         <kind>archive</kind>
         <file>rtsv7M4_T_le_v4SPD16_eabi.lib</file>
         <name>fd_tos_t2.asm.obj</name>
      </input_file>
      <input_file id="fl-de">
         <path>C:\ti\ccsv8\tools\compiler\ti-cgt-arm_18.1.1.LTS\lib\</path>
         <kind>archive</kind>
         <file>rtsv7M4_T_le_v4SPD16_eabi.lib</file>
         <name>i_tofd_t2.asm.obj</name>
      </input_file>
      <input_file id="fl-df">
         <path>C:\ti\ccsv8\tools\compiler\ti-cgt-arm_18.1.1.LTS\lib\</path>
         <kind>archive</kind>
         <file>rtsv7M4_T_le_v4SPD16_eabi.lib</file>
         <name>memcpy_t2.asm.obj</name>
      </input_file>
      <input_file id="fl-e0">
         <path>C:\ti\ccsv8\tools\compiler\ti-cgt-arm_18.1.1.LTS\lib\</path>
         <kind>archive</kind>
         <file>rtsv7M4_T_le_v4SPD16_eabi.lib</file>
         <name>memset_t2.asm.obj</name>
      </input_file>
      <input_file id="fl-e1">
         <path>C:\ti\ccsv8\tools\compiler\ti-cgt-arm_18.1.1.LTS\lib\</path>
         <kind>archive</kind>
         <file>rtsv7M4_T_le_v4SPD16_eabi.lib</file>
         <name>copy_zero_init.c.obj</name>
      </input_file>
      <input_file id="fl-e2">
         <path>C:\ti\ccsv8\tools\compiler\ti-cgt-arm_18.1.1.LTS\lib\</path>
         <kind>archive</kind>
         <file>rtsv7M4_T_le_v4SPD16_eabi.lib</file>
         <name>copy_decompress_none.c.obj</name>
      </input_file>
      <input_file id="fl-e3">
         <path>C:\ti\ccsv8\tools\compiler\ti-cgt-arm_18.1.1.LTS\lib\</path>
         <kind>archive</kind>
         <file>rtsv7M4_T_le_v4SPD16_eabi.lib</file>
         <name>copy_decompress_lzss.c.obj</name>
      </input_file>
      <input_file id="fl-e4">
         <path>C:\ti\ccsv8\tools\compiler\ti-cgt-arm_18.1.1.LTS\lib\</path>
         <kind>archive</kind>
         <file>rtsv7M4_T_le_v4SPD16_eabi.lib</file>
         <name>boot_cortex_m.c.obj</name>
      </input_file>
      <input_file id="fl-e5">
         <path>C:\ti\ccsv8\tools\compiler\ti-cgt-arm_18.1.1.LTS\lib\</path>
         <kind>archive</kind>
         <file>rtsv7M4_T_le_v4SPD16_eabi.lib</file>
         <name>exit.c.obj</name>
      </input_file>
      <input_file id="fl-e6">
         <path>C:\ti\ccsv8\tools\compiler\ti-cgt-arm_18.1.1.LTS\lib\</path>
         <kind>archive</kind>
         <file>rtsv7M4_T_le_v4SPD16_eabi.lib</file>
         <name>memory.c.obj</name>
      </input_file>
      <input_file id="fl-e7">
         <path>C:\ti\ccsv8\tools\compiler\ti-cgt-arm_18.1.1.LTS\lib\</path>
         <kind>archive</kind>
         <file>rtsv7M4_T_le_v4SPD16_eabi.lib</file>
         <name>_lock.c.obj</name>
      </input_file>
      <input_file id="fl-e8">
         <path>C:\ti\ccsv8\tools\compiler\ti-cgt-arm_18.1.1.LTS\lib\</path>
         <kind>archive</kind>
         <file>rtsv7M4_T_le_v4SPD16_eabi.lib</file>
         <name>args_main.c.obj</name>
      </input_file>
      <input_file id="fl-e9">
         <path>C:\ti\ccsv8\tools\compiler\ti-cgt-arm_18.1.1.LTS\lib\</path>
         <kind>archive</kind>
         <file>rtsv7M4_T_le_v4SPD16_eabi.lib</file>
         <name>memcmp.c.obj</name>
      </input_file>
      <input_file id="fl-ea">
         <path>C:\ti\ccsv8\tools\compiler\ti-cgt-arm_18.1.1.LTS\lib\</path>
         <kind>archive</kind>
         <file>rtsv7M4_T_le_v4SPD16_eabi.lib</file>
         <name>memmov.c.obj</name>
      </input_file>
      <input_file id="fl-eb">
         <path>C:\ti\ccsv8\tools\compiler\ti-cgt-arm_18.1.1.LTS\lib\</path>
         <kind>archive</kind>
         <file>rtsv7M4_T_le_v4SPD16_eabi.lib</file>
         <name>strcpy.c.obj</name>
      </input_file>
      <input_file id="fl-ec">
         <path>C:\ti\ccsv8\tools\compiler\ti-cgt-arm_18.1.1.LTS\lib\</path>
         <kind>archive</kind>
         <file>rtsv7M4_T_le_v4SPD16_eabi.lib</file>
         <name>strlen.c.obj</name>
      </input_file>
      <input_file id="fl-ed">
         <path>C:\ti\ccsv8\tools\compiler\ti-cgt-arm_18.1.1.LTS\lib\</path>
         <kind>archive</kind>
         <file>rtsv7M4_T_le_v4SPD16_eabi.lib</file>
         <name>strncmp.c.obj</name>
      </input_file>
      <input_file id="fl-ee">
         <path>C:\ti\ccsv8\tools\compiler\ti-cgt-arm_18.1.1.LTS\lib\</path>
         <kind>archive</kind>
         <file>rtsv7M4_T_le_v4SPD16_eabi.lib</file>
         <name>strncpy.c.obj</name>
      </input_file>
      <input_file id="fl-ef">
         <path>C:\ti\ccsv8\tools\compiler\ti-cgt-arm_18.1.1.LTS\lib\</path>
         <kind>archive</kind>
         <file>rtsv7M4_T_le_v4SPD16_eabi.lib</file>
         <name>div0.asm.obj</name>
      </input_file>
      <input_file id="fl-f0">
         <path>C:\ti\ccsv8\tools\compiler\ti-cgt-arm_18.1.1.LTS\lib\</path>
         <kind>archive</kind>
         <file>rtsv7M4_T_le_v4SPD16_eabi.lib</file>
         <name>autoinit.c.obj</name>
      </input_file>
      <input_file id="fl-f1">
         <path>C:\ti\ccsv8\tools\compiler\ti-cgt-arm_18.1.1.LTS\lib\</path>
         <kind>archive</kind>
         <file>rtsv7M4_T_le_v4SPD16_eabi.lib</file>
         <name>pre_init.c.obj</name>
      </input_file>
      <input_file id="fl-f2">
         <path>C:\ti\ccsv8\tools\compiler\ti-cgt-arm_18.1.1.LTS\lib\</path>
         <kind>archive</kind>
         <file>rtsv7M4_T_le_v4SPD16_eabi.lib</file>
         <name>cpy_tbl.c.obj</name>
      </input_file>
      <input_file id="fl-f3">
         <path>C:\ti\TivaWare_C_Series-2.1.4.178\driverlib\ccs\Debug\</path>
         <kind>archive</kind>
         <file>driverlib.lib</file>
         <name>emac.obj</name>
      </input_file>
      <input_file id="fl-f4">
         <path>C:\ti\TivaWare_C_Series-2.1.4.178\driverlib\ccs\Debug\</path>
         <kind>archive</kind>
         <file>driverlib.lib</file>
         <name>flash.obj</name>
      </input_file>
      <input_file id="fl-f5">
         <path>C:\ti\TivaWare_C_Series-2.1.4.178\driverlib\ccs\Debug\</path>
         <kind>archive</kind>
         <file>driverlib.lib</file>
         <name>gpio.obj</name>
      </input_file>
      <input_file id="fl-f6">
         <path>C:\ti\TivaWare_C_Series-2.1.4.178\driverlib\ccs\Debug\</path>
         <kind>archive</kind>
         <file>driverlib.lib</file>
         <name>i2c.obj</name>
      </input_file>
      <input_file id="fl-f7">
         <path>C:\ti\TivaWare_C_Series-2.1.4.178\driverlib\ccs\Debug\</path>
         <kind>archive</kind>
         <file>driverlib.lib</file>
         <name>interrupt.obj</name>
      </input_file>
      <input_file id="fl-f8">
         <path>C:\ti\TivaWare_C_Series-2.1.4.178\driverlib\ccs\Debug\</path>
         <kind>archive</kind>
         <file>driverlib.lib</file>
         <name>sw_crc.obj</name>
      </input_file>
      <input_file id="fl-f9">
         <path>C:\ti\TivaWare_C_Series-2.1.4.178\driverlib\ccs\Debug\</path>
         <kind>archive</kind>
         <file>driverlib.lib</file>
         <name>sysctl.obj</name>
      </input_file>
      <input_file id="fl-fa">
         <path>C:\ti\TivaWare_C_Series-2.1.4.178\driverlib\ccs\Debug\</path>
         <kind>archive</kind>
         <file>driverlib.lib</file>
         <name>uart.obj</name>
      </input_file>
      <input_file id="fl-fb">
         <path>C:\ti\TivaWare_C_Series-2.1.4.178\driverlib\ccs\Debug\</path>
         <kind>archive</kind>
         <file>driverlib.lib</file>
         <name>cpu.obj</name>
      </input_file>
   </input_file_list>
   <object_component_list>
      <object_component id="oc-f">
         <name>.intvecs</name>
         <load_address>0x0</load_address>
         <run_address>0x0</run_address>
         <size>0x208</size>
         <input_file_ref idref="fl-3"/>
      </object_component>
      <object_component id="oc-212">
         <name>.text</name>
         <load_address>0x208</load_address>
         <run_address>0x208</run_address>
         <size>0x1c70</size>
         <input_file_ref idref="fl-14"/>
      </object_component>
      <object_component id="oc-200">
         <name>.text</name>
         <load_address>0x1e78</load_address>
         <run_address>0x1e78</run_address>
         <size>0x18ec</size>
         <input_file_ref idref="fl-12"/>
      </object_component>
      <object_component id="oc-89">
         <name>.text</name>
         <load_address>0x3764</load_address>
         <run_address>0x3764</run_address>
         <size>0x18bc</size>
         <input_file_ref idref="fl-9"/>
      </object_component>
      <object_component id="oc-b1">
         <name>.text</name>
         <load_address>0x5020</load_address>
         <run_address>0x5020</run_address>
         <size>0xf4c</size>
         <input_file_ref idref="fl-11"/>
      </object_component>
      <object_component id="oc-1e6">
         <name>.text</name>
         <load_address>0x5f6c</load_address>
         <run_address>0x5f6c</run_address>
         <size>0xd04</size>
         <input_file_ref idref="fl-7"/>
      </object_component>
      <object_component id="oc-20c">
         <name>.text</name>
         <load_address>0x6c70</load_address>
         <run_address>0x6c70</run_address>
         <size>0x6c8</size>
         <input_file_ref idref="fl-f"/>
      </object_component>
      <object_component id="oc-1b6">
         <name>.text</name>
         <load_address>0x7338</load_address>
         <run_address>0x7338</run_address>
         <size>0x594</size>
         <input_file_ref idref="fl-a"/>
      </object_component>
      <object_component id="oc-3c9">
         <name>.text</name>
         <load_address>0x78cc</load_address>
         <run_address>0x78cc</run_address>
         <size>0x584</size>
         <input_file_ref idref="fl-10"/>
      </object_component>
      <object_component id="oc-1fa">
         <name>.text</name>
         <load_address>0x7e50</load_address>
         <run_address>0x7e50</run_address>
         <size>0x524</size>
         <input_file_ref idref="fl-e"/>
      </object_component>
      <object_component id="oc-28c">
         <name>.text</name>
         <load_address>0x8374</load_address>
         <run_address>0x8374</run_address>
         <size>0x4dc</size>
         <input_file_ref idref="fl-20"/>
      </object_component>
      <object_component id="oc-38">
         <name>.text</name>
         <load_address>0x8850</load_address>
         <run_address>0x8850</run_address>
         <size>0x470</size>
         <input_file_ref idref="fl-18"/>
      </object_component>
      <object_component id="oc-3dd">
         <name>.text</name>
         <load_address>0x8cc0</load_address>
         <run_address>0x8cc0</run_address>
         <size>0x3f8</size>
         <input_file_ref idref="fl-15"/>
      </object_component>
      <object_component id="oc-3ae">
         <name>.text</name>
         <load_address>0x90b8</load_address>
         <run_address>0x90b8</run_address>
         <size>0x3c8</size>
         <input_file_ref idref="fl-5"/>
      </object_component>
      <object_component id="oc-176">
         <name>.text</name>
         <load_address>0x9480</load_address>
         <run_address>0x9480</run_address>
         <size>0x2f8</size>
         <input_file_ref idref="fl-2"/>
      </object_component>
      <object_component id="oc-2c2">
         <name>.text</name>
         <load_address>0x9778</load_address>
         <run_address>0x9778</run_address>
         <size>0x2e8</size>
         <input_file_ref idref="fl-1c"/>
      </object_component>
      <object_component id="oc-3be">
         <name>.text</name>
         <load_address>0x9a60</load_address>
         <run_address>0x9a60</run_address>
         <size>0x2c4</size>
         <input_file_ref idref="fl-13"/>
      </object_component>
      <object_component id="oc-19e">
         <name>.text</name>
         <load_address>0x9d24</load_address>
         <run_address>0x9d24</run_address>
         <size>0x2bc</size>
         <input_file_ref idref="fl-d"/>
      </object_component>
      <object_component id="oc-ab">
         <name>.text</name>
         <load_address>0x9fe0</load_address>
         <run_address>0x9fe0</run_address>
         <size>0x290</size>
         <input_file_ref idref="fl-17"/>
      </object_component>
      <object_component id="oc-206">
         <name>.text</name>
         <load_address>0xa270</load_address>
         <run_address>0xa270</run_address>
         <size>0x208</size>
         <input_file_ref idref="fl-16"/>
      </object_component>
      <object_component id="oc-2bc">
         <name>.text:SysCtlClockFreqSet</name>
         <load_address>0xa478</load_address>
         <run_address>0xa478</run_address>
         <size>0x200</size>
         <input_file_ref idref="fl-f9"/>
      </object_component>
      <object_component id="oc-130">
         <name>.text</name>
         <load_address>0xa678</load_address>
         <run_address>0xa678</run_address>
         <size>0x1a8</size>
         <input_file_ref idref="fl-1a"/>
      </object_component>
      <object_component id="oc-2c8">
         <name>.text</name>
         <load_address>0xa820</load_address>
         <run_address>0xa820</run_address>
         <size>0x19c</size>
         <input_file_ref idref="fl-19"/>
      </object_component>
      <object_component id="oc-2d7">
         <name>.text</name>
         <load_address>0xa9bc</load_address>
         <run_address>0xa9bc</run_address>
         <size>0x190</size>
         <input_file_ref idref="fl-1e"/>
      </object_component>
      <object_component id="oc-32">
         <name>.text</name>
         <load_address>0xab4c</load_address>
         <run_address>0xab4c</run_address>
         <size>0x13c</size>
         <input_file_ref idref="fl-b"/>
      </object_component>
      <object_component id="oc-4a9">
         <name>.text</name>
         <load_address>0xac88</load_address>
         <run_address>0xac88</run_address>
         <size>0x136</size>
         <input_file_ref idref="fl-dc"/>
      </object_component>
      <object_component id="oc-5a4">
         <name>.text:GPIOPadConfigSet</name>
         <load_address>0xadbe</load_address>
         <run_address>0xadbe</run_address>
         <size>0x132</size>
         <input_file_ref idref="fl-f5"/>
      </object_component>
      <object_component id="oc-1a4">
         <name>.text</name>
         <load_address>0xaef0</load_address>
         <run_address>0xaef0</run_address>
         <size>0x12a</size>
         <input_file_ref idref="fl-6"/>
      </object_component>
      <object_component id="oc-5c4">
         <name>.text:_nop</name>
         <load_address>0xb01a</load_address>
         <run_address>0xb01a</run_address>
         <size>0x2</size>
         <input_file_ref idref="fl-e7"/>
      </object_component>
      <object_component id="oc-2de">
         <name>.text</name>
         <load_address>0xb01c</load_address>
         <run_address>0xb01c</run_address>
         <size>0x10c</size>
         <input_file_ref idref="fl-1d"/>
      </object_component>
      <object_component id="oc-2d">
         <name>.text</name>
         <load_address>0xb128</load_address>
         <run_address>0xb128</run_address>
         <size>0xda</size>
         <input_file_ref idref="fl-c"/>
      </object_component>
      <object_component id="oc-4c">
         <name>.text</name>
         <load_address>0xb202</load_address>
         <run_address>0xb202</run_address>
         <size>0x9c</size>
         <input_file_ref idref="fl-df"/>
      </object_component>
      <object_component id="oc-54d">
         <name>.text</name>
         <load_address>0xb29e</load_address>
         <run_address>0xb29e</run_address>
         <size>0x2</size>
         <input_file_ref idref="fl-ef"/>
      </object_component>
      <object_component id="oc-2cf">
         <name>.text</name>
         <load_address>0xb2a0</load_address>
         <run_address>0xb2a0</run_address>
         <size>0x94</size>
         <input_file_ref idref="fl-1f"/>
      </object_component>
      <object_component id="oc-16a">
         <name>.text</name>
         <load_address>0xb334</load_address>
         <run_address>0xb334</run_address>
         <size>0x7a</size>
         <input_file_ref idref="fl-e0"/>
      </object_component>
      <object_component id="oc-f2">
         <name>.text:EMACInit</name>
         <load_address>0xb3b0</load_address>
         <run_address>0xb3b0</run_address>
         <size>0x78</size>
         <input_file_ref idref="fl-f3"/>
      </object_component>
      <object_component id="oc-456">
         <name>.text:malloc</name>
         <load_address>0xb428</load_address>
         <run_address>0xb428</run_address>
         <size>0x78</size>
         <input_file_ref idref="fl-e6"/>
      </object_component>
      <object_component id="oc-4ae">
         <name>.text</name>
         <load_address>0xb4a0</load_address>
         <run_address>0xb4a0</run_address>
         <size>0x6e</size>
         <input_file_ref idref="fl-dd"/>
      </object_component>
      <object_component id="oc-11c">
         <name>.text:IntEnable</name>
         <load_address>0xb510</load_address>
         <run_address>0xb510</run_address>
         <size>0x68</size>
         <input_file_ref idref="fl-f7"/>
      </object_component>
      <object_component id="oc-12">
         <name>.text:decompress:lzss:__TI_decompress_lzss</name>
         <load_address>0xb578</load_address>
         <run_address>0xb578</run_address>
         <size>0x68</size>
         <input_file_ref idref="fl-e3"/>
      </object_component>
      <object_component id="oc-e6">
         <name>.text:EMACPHYConfigSet</name>
         <load_address>0xb5e0</load_address>
         <run_address>0xb5e0</run_address>
         <size>0x58</size>
         <input_file_ref idref="fl-f3"/>
      </object_component>
      <object_component id="oc-da">
         <name>.text:SysCtlPeripheralReset</name>
         <load_address>0xb638</load_address>
         <run_address>0xb638</run_address>
         <size>0x50</size>
         <input_file_ref idref="fl-f9"/>
      </object_component>
      <object_component id="oc-476">
         <name>.text:I2CMasterInitExpClk</name>
         <load_address>0xb688</load_address>
         <run_address>0xb688</run_address>
         <size>0x4c</size>
         <input_file_ref idref="fl-f6"/>
      </object_component>
      <object_component id="oc-464">
         <name>.text:GPIOPinConfigure</name>
         <load_address>0xb6d4</load_address>
         <run_address>0xb6d4</run_address>
         <size>0x48</size>
         <input_file_ref idref="fl-f5"/>
      </object_component>
      <object_component id="oc-440">
         <name>.text:_SysCtlFrequencyGet</name>
         <load_address>0xb71c</load_address>
         <run_address>0xb71c</run_address>
         <size>0x48</size>
         <input_file_ref idref="fl-f9"/>
      </object_component>
      <object_component id="oc-450">
         <name>.text:UARTConfigSetExpClk</name>
         <load_address>0xb764</load_address>
         <run_address>0xb764</run_address>
         <size>0x46</size>
         <input_file_ref idref="fl-fa"/>
      </object_component>
      <object_component id="oc-2fb">
         <name>.text:__TI_auto_init_nobinit_nopinit:__TI_auto_init_nobinit_nopinit</name>
         <load_address>0xb7ac</load_address>
         <run_address>0xb7ac</run_address>
         <size>0x44</size>
         <input_file_ref idref="fl-f0"/>
      </object_component>
      <object_component id="oc-421">
         <name>.text</name>
         <load_address>0xb7f0</load_address>
         <run_address>0xb7f0</run_address>
         <size>0x40</size>
         <input_file_ref idref="fl-db"/>
      </object_component>
      <object_component id="oc-584">
         <name>.text:minsert</name>
         <load_address>0xb830</load_address>
         <run_address>0xb830</run_address>
         <size>0x3c</size>
         <input_file_ref idref="fl-e6"/>
      </object_component>
      <object_component id="oc-122">
         <name>.text:EMACIntEnable</name>
         <load_address>0xb86c</load_address>
         <run_address>0xb86c</run_address>
         <size>0x3a</size>
         <input_file_ref idref="fl-f3"/>
      </object_component>
      <object_component id="oc-f8">
         <name>.text:EMACConfigSet</name>
         <load_address>0xb8a8</load_address>
         <run_address>0xb8a8</run_address>
         <size>0x38</size>
         <input_file_ref idref="fl-f3"/>
      </object_component>
      <object_component id="oc-e0">
         <name>.text:SysCtlPeripheralReady</name>
         <load_address>0xb8e0</load_address>
         <run_address>0xb8e0</run_address>
         <size>0x38</size>
         <input_file_ref idref="fl-f9"/>
      </object_component>
      <object_component id="oc-6a">
         <name>.text:_c_int00_noargs:_c_int00_noargs</name>
         <load_address>0xb918</load_address>
         <run_address>0xb918</run_address>
         <size>0x38</size>
         <input_file_ref idref="fl-e4"/>
      </object_component>
      <object_component id="oc-578">
         <name>.text:minit</name>
         <load_address>0xb950</load_address>
         <run_address>0xb950</run_address>
         <size>0x38</size>
         <input_file_ref idref="fl-e6"/>
      </object_component>
      <object_component id="oc-51e">
         <name>.text:strncpy</name>
         <load_address>0xb988</load_address>
         <run_address>0xb988</run_address>
         <size>0x36</size>
         <input_file_ref idref="fl-ee"/>
      </object_component>
      <object_component id="oc-a5">
         <name>.text:EMACIntClear</name>
         <load_address>0xb9be</load_address>
         <run_address>0xb9be</run_address>
         <size>0x34</size>
         <input_file_ref idref="fl-f3"/>
      </object_component>
      <object_component id="oc-d4">
         <name>.text:SysCtlPeripheralEnable</name>
         <load_address>0xb9f4</load_address>
         <run_address>0xb9f4</run_address>
         <size>0x34</size>
         <input_file_ref idref="fl-f9"/>
      </object_component>
      <object_component id="oc-fe">
         <name>.text:EMACAddrSet</name>
         <load_address>0xba28</load_address>
         <run_address>0xba28</run_address>
         <size>0x30</size>
         <input_file_ref idref="fl-f3"/>
      </object_component>
      <object_component id="oc-4a4">
         <name>.text</name>
         <load_address>0xba58</load_address>
         <run_address>0xba58</run_address>
         <size>0x2e</size>
         <input_file_ref idref="fl-de"/>
      </object_component>
      <object_component id="oc-9f">
         <name>.text:EMACIntStatus</name>
         <load_address>0xba86</load_address>
         <run_address>0xba86</run_address>
         <size>0x2c</size>
         <input_file_ref idref="fl-f3"/>
      </object_component>
      <object_component id="oc-518">
         <name>.text:strncmp</name>
         <load_address>0xbab2</load_address>
         <run_address>0xbab2</run_address>
         <size>0x2c</size>
         <input_file_ref idref="fl-ed"/>
      </object_component>
      <object_component id="oc-59e">
         <name>.text:GPIODirModeSet</name>
         <load_address>0xbade</load_address>
         <run_address>0xbade</run_address>
         <size>0x2a</size>
         <input_file_ref idref="fl-f5"/>
      </object_component>
      <object_component id="oc-57e">
         <name>.text:mremove</name>
         <load_address>0xbb08</load_address>
         <run_address>0xbb08</run_address>
         <size>0x28</size>
         <input_file_ref idref="fl-e6"/>
      </object_component>
      <object_component id="oc-104">
         <name>.text:EMACPHYRead</name>
         <load_address>0xbb30</load_address>
         <run_address>0xbb30</run_address>
         <size>0x26</size>
         <input_file_ref idref="fl-f3"/>
      </object_component>
      <object_component id="oc-235">
         <name>.text:memcmp</name>
         <load_address>0xbb56</load_address>
         <run_address>0xbb56</run_address>
         <size>0x24</size>
         <input_file_ref idref="fl-e9"/>
      </object_component>
      <object_component id="oc-23e">
         <name>.text:memmove</name>
         <load_address>0xbb7a</load_address>
         <run_address>0xbb7a</run_address>
         <size>0x24</size>
         <input_file_ref idref="fl-ea"/>
      </object_component>
      <object_component id="oc-56a">
         <name>.text:UARTDisable</name>
         <load_address>0xbba0</load_address>
         <run_address>0xbba0</run_address>
         <size>0x20</size>
         <input_file_ref idref="fl-fa"/>
      </object_component>
      <object_component id="oc-43a">
         <name>.text:_SysCtlMemTimingGet</name>
         <load_address>0xbbc0</load_address>
         <run_address>0xbbc0</run_address>
         <size>0x20</size>
         <input_file_ref idref="fl-f9"/>
      </object_component>
      <object_component id="oc-ec">
         <name>.text:EMACReset</name>
         <load_address>0xbbe0</load_address>
         <run_address>0xbbe0</run_address>
         <size>0x16</size>
         <input_file_ref idref="fl-f3"/>
      </object_component>
      <object_component id="oc-116">
         <name>.text:EMACRxEnable</name>
         <load_address>0xbbf6</load_address>
         <run_address>0xbbf6</run_address>
         <size>0x16</size>
         <input_file_ref idref="fl-f3"/>
      </object_component>
      <object_component id="oc-110">
         <name>.text:EMACTxEnable</name>
         <load_address>0xbc0c</load_address>
         <run_address>0xbc0c</run_address>
         <size>0x16</size>
         <input_file_ref idref="fl-f3"/>
      </object_component>
      <object_component id="oc-ce">
         <name>.text:FlashUserGet</name>
         <load_address>0xbc24</load_address>
         <run_address>0xbc24</run_address>
         <size>0x14</size>
         <input_file_ref idref="fl-f4"/>
      </object_component>
      <object_component id="oc-570">
         <name>.text:UARTEnable</name>
         <load_address>0xbc38</load_address>
         <run_address>0xbc38</run_address>
         <size>0x14</size>
         <input_file_ref idref="fl-fa"/>
      </object_component>
      <object_component id="oc-50f">
         <name>.text:strcpy</name>
         <load_address>0xbc4c</load_address>
         <run_address>0xbc4c</run_address>
         <size>0x14</size>
         <input_file_ref idref="fl-eb"/>
      </object_component>
      <object_component id="oc-509">
         <name>.text:strlen</name>
         <load_address>0xbc60</load_address>
         <run_address>0xbc60</run_address>
         <size>0x14</size>
         <input_file_ref idref="fl-ec"/>
      </object_component>
      <object_component id="oc-470">
         <name>.text:GPIOPinTypeI2C</name>
         <load_address>0xbc74</load_address>
         <run_address>0xbc74</run_address>
         <size>0x12</size>
         <input_file_ref idref="fl-f5"/>
      </object_component>
      <object_component id="oc-46a">
         <name>.text:GPIOPinTypeI2CSCL</name>
         <load_address>0xbc86</load_address>
         <run_address>0xbc86</run_address>
         <size>0x12</size>
         <input_file_ref idref="fl-f5"/>
      </object_component>
      <object_component id="oc-10a">
         <name>.text:EMACFrameFilterSet</name>
         <load_address>0xbc98</load_address>
         <run_address>0xbc98</run_address>
         <size>0x10</size>
         <input_file_ref idref="fl-f3"/>
      </object_component>
      <object_component id="oc-18">
         <name>.text:decompress:none:__TI_decompress_none</name>
         <load_address>0xbca8</load_address>
         <run_address>0xbca8</run_address>
         <size>0xe</size>
         <input_file_ref idref="fl-e2"/>
      </object_component>
      <object_component id="oc-5e">
         <name>.text:decompress:ZI:__TI_zero_init</name>
         <load_address>0xbcb6</load_address>
         <run_address>0xbcb6</run_address>
         <size>0xc</size>
         <input_file_ref idref="fl-e1"/>
      </object_component>
      <object_component id="oc-27">
         <name>.text</name>
         <load_address>0xbcc2</load_address>
         <run_address>0xbcc2</run_address>
         <size>0xc</size>
         <input_file_ref idref="fl-3"/>
      </object_component>
      <object_component id="oc-5ac">
         <name>.text:I2CMasterEnable</name>
         <load_address>0xbcce</load_address>
         <run_address>0xbcce</run_address>
         <size>0xa</size>
         <input_file_ref idref="fl-f6"/>
      </object_component>
      <object_component id="oc-b7">
         <name>.text:EMACTxDMAPollDemand</name>
         <load_address>0xbcd8</load_address>
         <run_address>0xbcd8</run_address>
         <size>0x8</size>
         <input_file_ref idref="fl-f3"/>
      </object_component>
      <object_component id="oc-48e">
         <name>.text:I2CMasterBusy</name>
         <load_address>0xbce0</load_address>
         <run_address>0xbce0</run_address>
         <size>0x8</size>
         <input_file_ref idref="fl-f6"/>
      </object_component>
      <object_component id="oc-47c">
         <name>.text:I2CMasterSlaveAddrSet</name>
         <load_address>0xbce8</load_address>
         <run_address>0xbce8</run_address>
         <size>0x8</size>
         <input_file_ref idref="fl-f6"/>
      </object_component>
      <object_component id="oc-bd">
         <name>.text:EMACRxDMADescriptorListSet</name>
         <load_address>0xbcf0</load_address>
         <run_address>0xbcf0</run_address>
         <size>0x6</size>
         <input_file_ref idref="fl-f3"/>
      </object_component>
      <object_component id="oc-c3">
         <name>.text:EMACTxDMADescriptorListSet</name>
         <load_address>0xbcf6</load_address>
         <run_address>0xbcf6</run_address>
         <size>0x6</size>
         <input_file_ref idref="fl-f3"/>
      </object_component>
      <object_component id="oc-272">
         <name>.text:SysCtlDelay</name>
         <load_address>0xbcfc</load_address>
         <run_address>0xbcfc</run_address>
         <size>0x6</size>
         <input_file_ref idref="fl-f9"/>
      </object_component>
      <object_component id="oc-488">
         <name>.text:I2CMasterControl</name>
         <load_address>0xbd02</load_address>
         <run_address>0xbd02</run_address>
         <size>0x4</size>
         <input_file_ref idref="fl-f6"/>
      </object_component>
      <object_component id="oc-494">
         <name>.text:I2CMasterDataGet</name>
         <load_address>0xbd06</load_address>
         <run_address>0xbd06</run_address>
         <size>0x4</size>
         <input_file_ref idref="fl-f6"/>
      </object_component>
      <object_component id="oc-482">
         <name>.text:I2CMasterDataPut</name>
         <load_address>0xbd0a</load_address>
         <run_address>0xbd0a</run_address>
         <size>0x4</size>
         <input_file_ref idref="fl-f6"/>
      </object_component>
      <object_component id="oc-170">
         <name>.text:_system_pre_init</name>
         <load_address>0xbd0e</load_address>
         <run_address>0xbd0e</run_address>
         <size>0x4</size>
         <input_file_ref idref="fl-f1"/>
      </object_component>
      <object_component id="oc-2ef">
         <name>.text:abort:abort</name>
         <load_address>0xbd12</load_address>
         <run_address>0xbd12</run_address>
         <size>0x4</size>
         <input_file_ref idref="fl-e5"/>
      </object_component>
      <object_component id="oc-449">
         <name>.const:g_pppui32XTALtoVCO</name>
         <load_address>0xbd18</load_address>
         <run_address>0xbd18</run_address>
         <size>0x1b0</size>
         <input_file_ref idref="fl-f9"/>
      </object_component>
      <object_component id="oc-599">
         <name>.const:g_pui32GPIOBaseAddrs</name>
         <load_address>0xbec8</load_address>
         <run_address>0xbec8</run_address>
         <size>0x90</size>
         <input_file_ref idref="fl-f5"/>
      </object_component>
      <object_component id="oc-27f">
         <name>.const</name>
         <load_address>0xbf58</load_address>
         <run_address>0xbf58</run_address>
         <size>0x70</size>
         <input_file_ref idref="fl-f7"/>
      </object_component>
      <object_component id="oc-446">
         <name>.const:g_pui32Xtals</name>
         <load_address>0xbfc8</load_address>
         <run_address>0xbfc8</run_address>
         <size>0x6c</size>
         <input_file_ref idref="fl-f9"/>
      </object_component>
      <object_component id="oc-55f">
         <name>.const:g_sXTALtoMEMTIM</name>
         <load_address>0xc034</load_address>
         <run_address>0xc034</run_address>
         <size>0x30</size>
         <input_file_ref idref="fl-f9"/>
      </object_component>
      <object_component id="oc-3a5">
         <name>.const:.string:xDefaultPartARPPacketHeader</name>
         <load_address>0xc064</load_address>
         <run_address>0xc064</run_address>
         <size>0x26</size>
         <input_file_ref idref="fl-e"/>
      </object_component>
      <object_component id="oc-3d4">
         <name>.const:.string:ucDHCPRequestOptions$1</name>
         <load_address>0xc08a</load_address>
         <run_address>0xc08a</run_address>
         <size>0x18</size>
         <input_file_ref idref="fl-f"/>
      </object_component>
      <object_component id="oc-275">
         <name>.const</name>
         <load_address>0xc0a4</load_address>
         <run_address>0xc0a4</run_address>
         <size>0x18</size>
         <input_file_ref idref="fl-f3"/>
      </object_component>
      <object_component id="oc-553">
         <name>.const:.string</name>
         <load_address>0xc0bc</load_address>
         <run_address>0xc0bc</run_address>
         <size>0x12</size>
         <input_file_ref idref="fl-20"/>
      </object_component>
      <object_component id="oc-3d5">
         <name>.const:.string:ucDHCPDiscoverOptions$2</name>
         <load_address>0xc0ce</load_address>
         <run_address>0xc0ce</run_address>
         <size>0x11</size>
         <input_file_ref idref="fl-f"/>
      </object_component>
      <object_component id="oc-41e">
         <name>.const:g_ui32UARTBase</name>
         <load_address>0xc0e0</load_address>
         <run_address>0xc0e0</run_address>
         <size>0xc</size>
         <input_file_ref idref="fl-20"/>
      </object_component>
      <object_component id="oc-418">
         <name>.const:g_ui32UARTPeriph</name>
         <load_address>0xc0ec</load_address>
         <run_address>0xc0ec</run_address>
         <size>0xc</size>
         <input_file_ref idref="fl-20"/>
      </object_component>
      <object_component id="oc-517">
         <name>.const:xDefaultPartDNSHeader$3</name>
         <load_address>0xc0f8</load_address>
         <run_address>0xc0f8</run_address>
         <size>0xc</size>
         <input_file_ref idref="fl-10"/>
      </object_component>
      <object_component id="oc-3bb">
         <name>.const:$P$T0$1</name>
         <load_address>0xc104</load_address>
         <run_address>0xc104</run_address>
         <size>0x8</size>
         <input_file_ref idref="fl-12"/>
      </object_component>
      <object_component id="oc-23b">
         <name>.const:$P$T0$5</name>
         <load_address>0xc10c</load_address>
         <run_address>0xc10c</run_address>
         <size>0x8</size>
         <input_file_ref idref="fl-11"/>
      </object_component>
      <object_component id="oc-44c">
         <name>.const</name>
         <load_address>0xc114</load_address>
         <run_address>0xc114</run_address>
         <size>0x8</size>
         <input_file_ref idref="fl-f9"/>
      </object_component>
      <object_component id="oc-22a">
         <name>.const:xNetworkDownEvent$2</name>
         <load_address>0xc11c</load_address>
         <run_address>0xc11c</run_address>
         <size>0x8</size>
         <input_file_ref idref="fl-11"/>
      </object_component>
      <object_component id="oc-22b">
         <name>.const:xNetworkDownEvent$3</name>
         <load_address>0xc124</load_address>
         <run_address>0xc124</run_address>
         <size>0x8</size>
         <input_file_ref idref="fl-11"/>
      </object_component>
      <object_component id="oc-244">
         <name>.const:xBroadcastMACAddress</name>
         <load_address>0xc12c</load_address>
         <run_address>0xc12c</run_address>
         <size>0x6</size>
         <input_file_ref idref="fl-11"/>
      </object_component>
      <object_component id="oc-3e3">
         <name>.const</name>
         <load_address>0xc134</load_address>
         <run_address>0xc134</run_address>
         <size>0x4</size>
         <input_file_ref idref="fl-17"/>
      </object_component>
      <object_component id="oc-86">
         <name>.const</name>
         <load_address>0xc138</load_address>
         <run_address>0xc138</run_address>
         <size>0x4</size>
         <input_file_ref idref="fl-b"/>
      </object_component>
      <object_component id="oc-292">
         <name>.const</name>
         <load_address>0xc13c</load_address>
         <run_address>0xc13c</run_address>
         <size>0x4</size>
         <input_file_ref idref="fl-1a"/>
      </object_component>
      <object_component id="oc-426">
         <name>.const</name>
         <load_address>0xc140</load_address>
         <run_address>0xc140</run_address>
         <size>0x4</size>
         <input_file_ref idref="fl-20"/>
      </object_component>
      <object_component id="oc-652">
         <name>.cinit..data.load</name>
         <load_address>0xc148</load_address>
         <run_address>0xc148</run_address>
         <size>0x37</size>
      </object_component>
      <object_component id="oc-650">
         <name>__TI_handler_table</name>
         <load_address>0xc180</load_address>
         <run_address>0xc180</run_address>
         <size>0xc</size>
      </object_component>
      <object_component id="oc-653">
         <name>.cinit..bss.load</name>
         <load_address>0xc190</load_address>
         <run_address>0xc190</run_address>
         <size>0x8</size>
      </object_component>
      <object_component id="oc-651">
         <name>__TI_cinit_table</name>
         <load_address>0xc198</load_address>
         <run_address>0xc198</run_address>
         <size>0x10</size>
      </object_component>
      <object_component id="oc-2e5">
         <name>.data</name>
         <load_address>0x2001129c</load_address>
         <run_address>0x2001129c</run_address>
         <size>0x9</size>
         <input_file_ref idref="fl-2"/>
      </object_component>
      <object_component id="oc-83">
         <name>.data</name>
         <load_address>0x200111d0</load_address>
         <run_address>0x200111d0</run_address>
         <size>0x34</size>
         <input_file_ref idref="fl-9"/>
      </object_component>
      <object_component id="oc-353">
         <name>.data</name>
         <load_address>0x20011290</load_address>
         <run_address>0x20011290</run_address>
         <size>0xc</size>
         <input_file_ref idref="fl-a"/>
      </object_component>
      <object_component id="oc-90">
         <name>.data</name>
         <load_address>0x200112e8</load_address>
         <run_address>0x200112e8</run_address>
         <size>0x4</size>
         <input_file_ref idref="fl-b"/>
      </object_component>
      <object_component id="oc-33e">
         <name>.data</name>
         <load_address>0x20011268</load_address>
         <run_address>0x20011268</run_address>
         <size>0x10</size>
         <input_file_ref idref="fl-d"/>
      </object_component>
      <object_component id="oc-3a2">
         <name>.data</name>
         <load_address>0x200112d4</load_address>
         <run_address>0x200112d4</run_address>
         <size>0x4</size>
         <input_file_ref idref="fl-e"/>
      </object_component>
      <object_component id="oc-515">
         <name>.data</name>
         <load_address>0x20011284</load_address>
         <run_address>0x20011284</run_address>
         <size>0xc</size>
         <input_file_ref idref="fl-10"/>
      </object_component>
      <object_component id="oc-21b">
         <name>.data</name>
         <load_address>0x20011204</load_address>
         <run_address>0x20011204</run_address>
         <size>0x24</size>
         <input_file_ref idref="fl-11"/>
      </object_component>
      <object_component id="oc-22c">
         <name>.data:xNetworkAddressing</name>
         <load_address>0x20011254</load_address>
         <run_address>0x20011254</run_address>
         <size>0x14</size>
         <input_file_ref idref="fl-11"/>
      </object_component>
      <object_component id="oc-22f">
         <name>.data:xDefaultAddressing</name>
         <load_address>0x20011240</load_address>
         <run_address>0x20011240</run_address>
         <size>0x14</size>
         <input_file_ref idref="fl-11"/>
      </object_component>
      <object_component id="oc-3b7">
         <name>.data:usNextPortToUse</name>
         <load_address>0x200112ec</load_address>
         <run_address>0x200112ec</run_address>
         <size>0x4</size>
         <input_file_ref idref="fl-12"/>
      </object_component>
      <object_component id="oc-3c4">
         <name>.data</name>
         <load_address>0x200112d8</load_address>
         <run_address>0x200112d8</run_address>
         <size>0x4</size>
         <input_file_ref idref="fl-12"/>
      </object_component>
      <object_component id="oc-224">
         <name>.data</name>
         <load_address>0x200112dc</load_address>
         <run_address>0x200112dc</run_address>
         <size>0x4</size>
         <input_file_ref idref="fl-14"/>
      </object_component>
      <object_component id="oc-3c5">
         <name>.data</name>
         <load_address>0x200112e0</load_address>
         <run_address>0x200112e0</run_address>
         <size>0x4</size>
         <input_file_ref idref="fl-15"/>
      </object_component>
      <object_component id="oc-232">
         <name>.data:xDefaultPartUDPPacketHeader</name>
         <load_address>0x20011228</load_address>
         <run_address>0x20011228</run_address>
         <size>0x18</size>
         <input_file_ref idref="fl-16"/>
      </object_component>
      <object_component id="oc-1ec">
         <name>.data</name>
         <load_address>0x200112d0</load_address>
         <run_address>0x200112d0</run_address>
         <size>0x4</size>
         <input_file_ref idref="fl-17"/>
      </object_component>
      <object_component id="oc-12e">
         <name>.data</name>
         <load_address>0x200112e4</load_address>
         <run_address>0x200112e4</run_address>
         <size>0x4</size>
         <input_file_ref idref="fl-18"/>
      </object_component>
      <object_component id="oc-136">
         <name>.data</name>
         <load_address>0x200112b0</load_address>
         <run_address>0x200112b0</run_address>
         <size>0x8</size>
         <input_file_ref idref="fl-1c"/>
      </object_component>
      <object_component id="oc-45f">
         <name>.data</name>
         <load_address>0x200112b8</load_address>
         <run_address>0x200112b8</run_address>
         <size>0x8</size>
         <input_file_ref idref="fl-1d"/>
      </object_component>
      <object_component id="oc-45c">
         <name>.data</name>
         <load_address>0x200112c0</load_address>
         <run_address>0x200112c0</run_address>
         <size>0x8</size>
         <input_file_ref idref="fl-1e"/>
      </object_component>
      <object_component id="oc-41b">
         <name>.data</name>
         <load_address>0x200112c8</load_address>
         <run_address>0x200112c8</run_address>
         <size>0x5</size>
         <input_file_ref idref="fl-20"/>
      </object_component>
      <object_component id="oc-58a">
         <name>.data:$O1$$</name>
         <load_address>0x20011278</load_address>
         <run_address>0x20011278</run_address>
         <size>0xc</size>
         <input_file_ref idref="fl-e6"/>
      </object_component>
      <object_component id="oc-4bb">
         <name>.data:$O1$$</name>
         <load_address>0x200112a8</load_address>
         <run_address>0x200112a8</run_address>
         <size>0x8</size>
         <input_file_ref idref="fl-e7"/>
      </object_component>
      <object_component id="oc-2e8">
         <name>.bss</name>
         <uninitialized>true</uninitialized>
         <run_address>0x20010dc8</run_address>
         <size>0x2</size>
         <input_file_ref idref="fl-2"/>
      </object_component>
      <object_component id="oc-1aa">
         <name>.bss:pxReadyTasksLists</name>
         <uninitialized>true</uninitialized>
         <run_address>0x20010a40</run_address>
         <size>0x12c</size>
         <input_file_ref idref="fl-9"/>
      </object_component>
      <object_component id="oc-1bf">
         <name>.bss:xDelayedTaskList1</name>
         <uninitialized>true</uninitialized>
         <run_address>0x20010cc8</run_address>
         <size>0x14</size>
         <input_file_ref idref="fl-9"/>
      </object_component>
      <object_component id="oc-1c2">
         <name>.bss:xDelayedTaskList2</name>
         <uninitialized>true</uninitialized>
         <run_address>0x20010cdc</run_address>
         <size>0x14</size>
         <input_file_ref idref="fl-9"/>
      </object_component>
      <object_component id="oc-1b0">
         <name>.bss</name>
         <uninitialized>true</uninitialized>
         <run_address>0x20010d7c</run_address>
         <size>0x8</size>
         <input_file_ref idref="fl-9"/>
      </object_component>
      <object_component id="oc-1bc">
         <name>.bss:xPendingReadyList</name>
         <uninitialized>true</uninitialized>
         <run_address>0x20010d04</run_address>
         <size>0x14</size>
         <input_file_ref idref="fl-9"/>
      </object_component>
      <object_component id="oc-1ad">
         <name>.bss:xTasksWaitingTermination</name>
         <uninitialized>true</uninitialized>
         <run_address>0x20010d40</run_address>
         <size>0x14</size>
         <input_file_ref idref="fl-9"/>
      </object_component>
      <object_component id="oc-1b3">
         <name>.bss:xSuspendedTaskList</name>
         <uninitialized>true</uninitialized>
         <run_address>0x20010d18</run_address>
         <size>0x14</size>
         <input_file_ref idref="fl-9"/>
      </object_component>
      <object_component id="oc-359">
         <name>.bss:xActiveTimerList1</name>
         <uninitialized>true</uninitialized>
         <run_address>0x20010c8c</run_address>
         <size>0x14</size>
         <input_file_ref idref="fl-a"/>
      </object_component>
      <object_component id="oc-35c">
         <name>.bss:xActiveTimerList2</name>
         <uninitialized>true</uninitialized>
         <run_address>0x20010ca0</run_address>
         <size>0x14</size>
         <input_file_ref idref="fl-a"/>
      </object_component>
      <object_component id="oc-356">
         <name>.bss</name>
         <uninitialized>true</uninitialized>
         <run_address>0x20010d84</run_address>
         <size>0x8</size>
         <input_file_ref idref="fl-a"/>
      </object_component>
      <object_component id="oc-344">
         <name>.bss:ucHeap</name>
         <uninitialized>true</uninitialized>
         <run_address>0x20000000</run_address>
         <size>0xc350</size>
         <input_file_ref idref="fl-d"/>
      </object_component>
      <object_component id="oc-341">
         <name>.bss:xStart</name>
         <uninitialized>true</uninitialized>
         <run_address>0x20010d8c</run_address>
         <size>0x8</size>
         <input_file_ref idref="fl-d"/>
      </object_component>
      <object_component id="oc-39f">
         <name>.bss:xARPCache</name>
         <uninitialized>true</uninitialized>
         <run_address>0x20010bcc</run_address>
         <size>0x48</size>
         <input_file_ref idref="fl-e"/>
      </object_component>
      <object_component id="oc-3d1">
         <name>.bss:xDHCPData</name>
         <uninitialized>true</uninitialized>
         <run_address>0x20010c54</run_address>
         <size>0x24</size>
         <input_file_ref idref="fl-f"/>
      </object_component>
      <object_component id="oc-524">
         <name>.bss:xDNSCache</name>
         <uninitialized>true</uninitialized>
         <run_address>0x20010b6c</run_address>
         <size>0x60</size>
         <input_file_ref idref="fl-10"/>
      </object_component>
      <object_component id="oc-516">
         <name>.bss</name>
         <uninitialized>true</uninitialized>
         <run_address>0x20010d98</run_address>
         <size>0x4</size>
         <input_file_ref idref="fl-10"/>
      </object_component>
      <object_component id="oc-227">
         <name>.bss</name>
         <uninitialized>true</uninitialized>
         <run_address>0x20010d9c</run_address>
         <size>0x4</size>
         <input_file_ref idref="fl-11"/>
      </object_component>
      <object_component id="oc-21e">
         <name>.bss:xARPTimer</name>
         <uninitialized>true</uninitialized>
         <run_address>0x20010c78</run_address>
         <size>0x14</size>
         <input_file_ref idref="fl-11"/>
      </object_component>
      <object_component id="oc-221">
         <name>.bss:xDHCPTimer</name>
         <uninitialized>true</uninitialized>
         <run_address>0x20010cb4</run_address>
         <size>0x14</size>
         <input_file_ref idref="fl-11"/>
      </object_component>
      <object_component id="oc-218">
         <name>.bss:xTCPTimer</name>
         <uninitialized>true</uninitialized>
         <run_address>0x20010d2c</run_address>
         <size>0x14</size>
         <input_file_ref idref="fl-11"/>
      </object_component>
      <object_component id="oc-1ef">
         <name>.bss:xFreeBuffersList</name>
         <uninitialized>true</uninitialized>
         <run_address>0x20010cf0</run_address>
         <size>0x14</size>
         <input_file_ref idref="fl-17"/>
      </object_component>
      <object_component id="oc-1f5">
         <name>.bss</name>
         <uninitialized>true</uninitialized>
         <run_address>0x20010d94</run_address>
         <size>0x4</size>
         <input_file_ref idref="fl-17"/>
      </object_component>
      <object_component id="oc-1f2">
         <name>.bss:xNetworkBufferDescriptors</name>
         <uninitialized>true</uninitialized>
         <run_address>0x2000ff50</run_address>
         <size>0x870</size>
         <input_file_ref idref="fl-17"/>
      </object_component>
      <object_component id="oc-2d5">
         <name>.common:mainTask_handle</name>
         <uninitialized>true</uninitialized>
         <run_address>0x20010db4</run_address>
         <size>0x4</size>
      </object_component>
      <object_component id="oc-2d6">
         <name>.common:uvTask_handle</name>
         <uninitialized>true</uninitialized>
         <run_address>0x20010dc4</run_address>
         <size>0x4</size>
      </object_component>
      <object_component id="oc-2dd">
         <name>.common:pressureTask_handle</name>
         <uninitialized>true</uninitialized>
         <run_address>0x20010dbc</run_address>
         <size>0x4</size>
      </object_component>
      <object_component id="oc-2e4">
         <name>.common:commTask_handle</name>
         <uninitialized>true</uninitialized>
         <run_address>0x20010da8</run_address>
         <size>0x4</size>
      </object_component>
      <object_component id="oc-2ce">
         <name>.common:MyTimer</name>
         <uninitialized>true</uninitialized>
         <run_address>0x20010da4</run_address>
         <size>0x4</size>
      </object_component>
      <object_component id="oc-12b">
         <name>.common:output_clock_rate_hz</name>
         <uninitialized>true</uninitialized>
         <run_address>0x20010db8</run_address>
         <size>0x4</size>
      </object_component>
      <object_component id="oc-378">
         <name>.common:xQueueRegistry</name>
         <uninitialized>true</uninitialized>
         <run_address>0x20010c14</run_address>
         <size>0x40</size>
      </object_component>
      <object_component id="oc-3b4">
         <name>.common:xBoundUDPSocketsList</name>
         <uninitialized>true</uninitialized>
         <run_address>0x20010d68</run_address>
         <size>0x14</size>
      </object_component>
      <object_component id="oc-3ba">
         <name>.common:xBoundTCPSocketsList</name>
         <uninitialized>true</uninitialized>
         <run_address>0x20010d54</run_address>
         <size>0x14</size>
      </object_component>
      <object_component id="oc-c9">
         <name>.common:g_psRxDescriptor</name>
         <uninitialized>true</uninitialized>
         <run_address>0x200107c0</run_address>
         <size>0x140</size>
      </object_component>
      <object_component id="oc-128">
         <name>.common:g_psTxDescriptor</name>
         <uninitialized>true</uninitialized>
         <run_address>0x20010900</run_address>
         <size>0x140</size>
      </object_component>
      <object_component id="oc-cc">
         <name>.common:g_ui32RxDescIndex</name>
         <uninitialized>true</uninitialized>
         <run_address>0x20010dac</run_address>
         <size>0x4</size>
      </object_component>
      <object_component id="oc-129">
         <name>.common:g_ui32TxDescIndex</name>
         <uninitialized>true</uninitialized>
         <run_address>0x20010db0</run_address>
         <size>0x4</size>
      </object_component>
      <object_component id="oc-12a">
         <name>.common:g_ppui8RxBuffer</name>
         <uninitialized>true</uninitialized>
         <run_address>0x2000c350</run_address>
         <size>0x3c00</size>
      </object_component>
      <object_component id="oc-cd">
         <name>.common:EMACtask_handle</name>
         <uninitialized>true</uninitialized>
         <run_address>0x20010da0</run_address>
         <size>0x4</size>
      </object_component>
      <object_component id="oc-12f">
         <name>.common:socket_clientTask_handle</name>
         <uninitialized>true</uninitialized>
         <run_address>0x20010dc0</run_address>
         <size>0x4</size>
      </object_component>
      <object_component id="oc-24">
         <name>.sysmem</name>
         <uninitialized>true</uninitialized>
         <run_address>0x20010fd0</run_address>
         <size>0x8</size>
         <input_file_ref idref="fl-e6"/>
      </object_component>
      <object_component id="oc-655">
         <name>.sysmem</name>
         <uninitialized>true</uninitialized>
         <run_address>0x20010fd0</run_address>
         <size>0x0</size>
      </object_component>
      <object_component id="oc-21">
         <name>.stack</name>
         <uninitialized>true</uninitialized>
         <run_address>0x20010dd0</run_address>
         <size>0x4</size>
         <input_file_ref idref="fl-e4"/>
      </object_component>
      <object_component id="oc-654">
         <name>.stack</name>
         <uninitialized>true</uninitialized>
         <run_address>0x20010dd0</run_address>
         <size>0x0</size>
      </object_component>
      <object_component id="oc-12c">
         <name>.debug_info</name>
         <load_address>0x0</load_address>
         <run_address>0x0</run_address>
         <size>0x8d2</size>
         <input_file_ref idref="fl-2"/>
      </object_component>
      <object_component id="oc-2e6">
         <name>.debug_info</name>
         <load_address>0x8d2</load_address>
         <run_address>0x8d2</run_address>
         <size>0x100</size>
         <input_file_ref idref="fl-2"/>
      </object_component>
      <object_component id="oc-177">
         <name>.debug_info</name>
         <load_address>0x9d2</load_address>
         <run_address>0x9d2</run_address>
         <size>0x4d9</size>
         <input_file_ref idref="fl-2"/>
      </object_component>
      <object_component id="oc-197">
         <name>.debug_info</name>
         <load_address>0xeab</load_address>
         <run_address>0xeab</run_address>
         <size>0x30c</size>
         <input_file_ref idref="fl-2"/>
      </object_component>
      <object_component id="oc-2ea">
         <name>.debug_info</name>
         <load_address>0x11b7</load_address>
         <run_address>0x11b7</run_address>
         <size>0x63</size>
         <input_file_ref idref="fl-2"/>
      </object_component>
      <object_component id="oc-49f">
         <name>.debug_info</name>
         <load_address>0x121a</load_address>
         <run_address>0x121a</run_address>
         <size>0x63</size>
         <input_file_ref idref="fl-2"/>
      </object_component>
      <object_component id="oc-150">
         <name>.debug_info</name>
         <load_address>0x127d</load_address>
         <run_address>0x127d</run_address>
         <size>0x26b</size>
         <input_file_ref idref="fl-2"/>
      </object_component>
      <object_component id="oc-1d4">
         <name>.debug_info</name>
         <load_address>0x14e8</load_address>
         <run_address>0x14e8</run_address>
         <size>0x44c</size>
         <input_file_ref idref="fl-2"/>
      </object_component>
      <object_component id="oc-47">
         <name>.debug_info</name>
         <load_address>0x1934</load_address>
         <run_address>0x1934</run_address>
         <size>0x84</size>
         <input_file_ref idref="fl-2"/>
      </object_component>
      <object_component id="oc-287">
         <name>.debug_info</name>
         <load_address>0x19b8</load_address>
         <run_address>0x19b8</run_address>
         <size>0x46</size>
         <input_file_ref idref="fl-2"/>
      </object_component>
      <object_component id="oc-258">
         <name>.debug_info</name>
         <load_address>0x19fe</load_address>
         <run_address>0x19fe</run_address>
         <size>0x46</size>
         <input_file_ref idref="fl-2"/>
      </object_component>
      <object_component id="oc-95">
         <name>.debug_info</name>
         <load_address>0x1a44</load_address>
         <run_address>0x1a44</run_address>
         <size>0x2c</size>
         <input_file_ref idref="fl-2"/>
      </object_component>
      <object_component id="oc-29c">
         <name>.debug_info</name>
         <load_address>0x1a70</load_address>
         <run_address>0x1a70</run_address>
         <size>0x297</size>
         <input_file_ref idref="fl-2"/>
      </object_component>
      <object_component id="oc-13a">
         <name>.debug_info</name>
         <load_address>0x1d07</load_address>
         <run_address>0x1d07</run_address>
         <size>0xbb</size>
         <input_file_ref idref="fl-2"/>
      </object_component>
      <object_component id="oc-1ca">
         <name>.debug_info</name>
         <load_address>0x1dc2</load_address>
         <run_address>0x1dc2</run_address>
         <size>0x53</size>
         <input_file_ref idref="fl-2"/>
      </object_component>
      <object_component id="oc-9a">
         <name>.debug_info</name>
         <load_address>0x1e15</load_address>
         <run_address>0x1e15</run_address>
         <size>0x53</size>
         <input_file_ref idref="fl-2"/>
      </object_component>
      <object_component id="oc-42b">
         <name>.debug_info</name>
         <load_address>0x1e68</load_address>
         <run_address>0x1e68</run_address>
         <size>0x2c</size>
         <input_file_ref idref="fl-2"/>
      </object_component>
      <object_component id="oc-395">
         <name>.debug_info</name>
         <load_address>0x1e94</load_address>
         <run_address>0x1e94</run_address>
         <size>0x17a</size>
         <input_file_ref idref="fl-2"/>
      </object_component>
      <object_component id="oc-1cf">
         <name>.debug_info</name>
         <load_address>0x200e</load_address>
         <run_address>0x200e</run_address>
         <size>0x14c</size>
         <input_file_ref idref="fl-2"/>
      </object_component>
      <object_component id="oc-40">
         <name>.debug_info</name>
         <load_address>0x215a</load_address>
         <run_address>0x215a</run_address>
         <size>0x353</size>
         <input_file_ref idref="fl-3"/>
      </object_component>
      <object_component id="oc-10">
         <name>.debug_info</name>
         <load_address>0x24ad</load_address>
         <run_address>0x24ad</run_address>
         <size>0xe6</size>
         <input_file_ref idref="fl-3"/>
      </object_component>
      <object_component id="oc-2a">
         <name>.debug_info</name>
         <load_address>0x2593</load_address>
         <run_address>0x2593</run_address>
         <size>0x265</size>
         <input_file_ref idref="fl-3"/>
      </object_component>
      <object_component id="oc-439">
         <name>.debug_info</name>
         <load_address>0x27f8</load_address>
         <run_address>0x27f8</run_address>
         <size>0x601</size>
         <input_file_ref idref="fl-5"/>
      </object_component>
      <object_component id="oc-3b1">
         <name>.debug_info</name>
         <load_address>0x2df9</load_address>
         <run_address>0x2df9</run_address>
         <size>0x14d8</size>
         <input_file_ref idref="fl-5"/>
      </object_component>
      <object_component id="oc-32f">
         <name>.debug_info</name>
         <load_address>0x42d1</load_address>
         <run_address>0x42d1</run_address>
         <size>0x110</size>
         <input_file_ref idref="fl-5"/>
      </object_component>
      <object_component id="oc-339">
         <name>.debug_info</name>
         <load_address>0x43e1</load_address>
         <run_address>0x43e1</run_address>
         <size>0x44c</size>
         <input_file_ref idref="fl-5"/>
      </object_component>
      <object_component id="oc-2a7">
         <name>.debug_info</name>
         <load_address>0x482d</load_address>
         <run_address>0x482d</run_address>
         <size>0x39</size>
         <input_file_ref idref="fl-5"/>
      </object_component>
      <object_component id="oc-55a">
         <name>.debug_info</name>
         <load_address>0x4866</load_address>
         <run_address>0x4866</run_address>
         <size>0x76</size>
         <input_file_ref idref="fl-5"/>
      </object_component>
      <object_component id="oc-34a">
         <name>.debug_info</name>
         <load_address>0x48dc</load_address>
         <run_address>0x48dc</run_address>
         <size>0x355</size>
         <input_file_ref idref="fl-6"/>
      </object_component>
      <object_component id="oc-1a8">
         <name>.debug_info</name>
         <load_address>0x4c31</load_address>
         <run_address>0x4c31</run_address>
         <size>0x4a1</size>
         <input_file_ref idref="fl-6"/>
      </object_component>
      <object_component id="oc-379">
         <name>.debug_info</name>
         <load_address>0x50d2</load_address>
         <run_address>0x50d2</run_address>
         <size>0x872</size>
         <input_file_ref idref="fl-7"/>
      </object_component>
      <object_component id="oc-1e8">
         <name>.debug_info</name>
         <load_address>0x5944</load_address>
         <run_address>0x5944</run_address>
         <size>0x35eb</size>
         <input_file_ref idref="fl-7"/>
      </object_component>
      <object_component id="oc-4f2">
         <name>.debug_info</name>
         <load_address>0x8f2f</load_address>
         <run_address>0x8f2f</run_address>
         <size>0x1cd</size>
         <input_file_ref idref="fl-7"/>
      </object_component>
      <object_component id="oc-2b3">
         <name>.debug_info</name>
         <load_address>0x90fc</load_address>
         <run_address>0x90fc</run_address>
         <size>0x2c</size>
         <input_file_ref idref="fl-8"/>
      </object_component>
      <object_component id="oc-196">
         <name>.debug_info</name>
         <load_address>0x9128</load_address>
         <run_address>0x9128</run_address>
         <size>0x752</size>
         <input_file_ref idref="fl-9"/>
      </object_component>
      <object_component id="oc-84">
         <name>.debug_info</name>
         <load_address>0x987a</load_address>
         <run_address>0x987a</run_address>
         <size>0x33e</size>
         <input_file_ref idref="fl-9"/>
      </object_component>
      <object_component id="oc-1ab">
         <name>.debug_info</name>
         <load_address>0x9bb8</load_address>
         <run_address>0x9bb8</run_address>
         <size>0xe5</size>
         <input_file_ref idref="fl-9"/>
      </object_component>
      <object_component id="oc-1c0">
         <name>.debug_info</name>
         <load_address>0x9c9d</load_address>
         <run_address>0x9c9d</run_address>
         <size>0xe5</size>
         <input_file_ref idref="fl-9"/>
      </object_component>
      <object_component id="oc-1c3">
         <name>.debug_info</name>
         <load_address>0x9d82</load_address>
         <run_address>0x9d82</run_address>
         <size>0xe5</size>
         <input_file_ref idref="fl-9"/>
      </object_component>
      <object_component id="oc-1b1">
         <name>.debug_info</name>
         <load_address>0x9e67</load_address>
         <run_address>0x9e67</run_address>
         <size>0x128</size>
         <input_file_ref idref="fl-9"/>
      </object_component>
      <object_component id="oc-1bd">
         <name>.debug_info</name>
         <load_address>0x9f8f</load_address>
         <run_address>0x9f8f</run_address>
         <size>0xe5</size>
         <input_file_ref idref="fl-9"/>
      </object_component>
      <object_component id="oc-1ae">
         <name>.debug_info</name>
         <load_address>0xa074</load_address>
         <run_address>0xa074</run_address>
         <size>0xf3</size>
         <input_file_ref idref="fl-9"/>
      </object_component>
      <object_component id="oc-1b4">
         <name>.debug_info</name>
         <load_address>0xa167</load_address>
         <run_address>0xa167</run_address>
         <size>0xe7</size>
         <input_file_ref idref="fl-9"/>
      </object_component>
      <object_component id="oc-8a">
         <name>.debug_info</name>
         <load_address>0xa24e</load_address>
         <run_address>0xa24e</run_address>
         <size>0x4951</size>
         <input_file_ref idref="fl-9"/>
      </object_component>
      <object_component id="oc-334">
         <name>.debug_info</name>
         <load_address>0xeb9f</load_address>
         <run_address>0xeb9f</run_address>
         <size>0x146</size>
         <input_file_ref idref="fl-9"/>
      </object_component>
      <object_component id="oc-360">
         <name>.debug_info</name>
         <load_address>0xece5</load_address>
         <run_address>0xece5</run_address>
         <size>0x822</size>
         <input_file_ref idref="fl-a"/>
      </object_component>
      <object_component id="oc-35a">
         <name>.debug_info</name>
         <load_address>0xf507</load_address>
         <run_address>0xf507</run_address>
         <size>0xe5</size>
         <input_file_ref idref="fl-a"/>
      </object_component>
      <object_component id="oc-35d">
         <name>.debug_info</name>
         <load_address>0xf5ec</load_address>
         <run_address>0xf5ec</run_address>
         <size>0xe5</size>
         <input_file_ref idref="fl-a"/>
      </object_component>
      <object_component id="oc-357">
         <name>.debug_info</name>
         <load_address>0xf6d1</load_address>
         <run_address>0xf6d1</run_address>
         <size>0x11d</size>
         <input_file_ref idref="fl-a"/>
      </object_component>
      <object_component id="oc-354">
         <name>.debug_info</name>
         <load_address>0xf7ee</load_address>
         <run_address>0xf7ee</run_address>
         <size>0x109</size>
         <input_file_ref idref="fl-a"/>
      </object_component>
      <object_component id="oc-1b8">
         <name>.debug_info</name>
         <load_address>0xf8f7</load_address>
         <run_address>0xf8f7</run_address>
         <size>0x1c66</size>
         <input_file_ref idref="fl-a"/>
      </object_component>
      <object_component id="oc-361">
         <name>.debug_info</name>
         <load_address>0x1155d</load_address>
         <run_address>0x1155d</run_address>
         <size>0x1ce</size>
         <input_file_ref idref="fl-a"/>
      </object_component>
      <object_component id="oc-94">
         <name>.debug_info</name>
         <load_address>0x1172b</load_address>
         <run_address>0x1172b</run_address>
         <size>0x3ea</size>
         <input_file_ref idref="fl-b"/>
      </object_component>
      <object_component id="oc-87">
         <name>.debug_info</name>
         <load_address>0x11b15</load_address>
         <run_address>0x11b15</run_address>
         <size>0x112</size>
         <input_file_ref idref="fl-b"/>
      </object_component>
      <object_component id="oc-91">
         <name>.debug_info</name>
         <load_address>0x11c27</load_address>
         <run_address>0x11c27</run_address>
         <size>0xf9</size>
         <input_file_ref idref="fl-b"/>
      </object_component>
      <object_component id="oc-34">
         <name>.debug_info</name>
         <load_address>0x11d20</load_address>
         <run_address>0x11d20</run_address>
         <size>0x6a9</size>
         <input_file_ref idref="fl-b"/>
      </object_component>
      <object_component id="oc-2e">
         <name>.debug_info</name>
         <load_address>0x123c9</load_address>
         <run_address>0x123c9</run_address>
         <size>0x24a</size>
         <input_file_ref idref="fl-c"/>
      </object_component>
      <object_component id="oc-348">
         <name>.debug_info</name>
         <load_address>0x12613</load_address>
         <run_address>0x12613</run_address>
         <size>0x3f9</size>
         <input_file_ref idref="fl-d"/>
      </object_component>
      <object_component id="oc-345">
         <name>.debug_info</name>
         <load_address>0x12a0c</load_address>
         <run_address>0x12a0c</run_address>
         <size>0xe0</size>
         <input_file_ref idref="fl-d"/>
      </object_component>
      <object_component id="oc-342">
         <name>.debug_info</name>
         <load_address>0x12aec</load_address>
         <run_address>0x12aec</run_address>
         <size>0xe0</size>
         <input_file_ref idref="fl-d"/>
      </object_component>
      <object_component id="oc-33f">
         <name>.debug_info</name>
         <load_address>0x12bcc</load_address>
         <run_address>0x12bcc</run_address>
         <size>0x194</size>
         <input_file_ref idref="fl-d"/>
      </object_component>
      <object_component id="oc-19f">
         <name>.debug_info</name>
         <load_address>0x12d60</load_address>
         <run_address>0x12d60</run_address>
         <size>0x793</size>
         <input_file_ref idref="fl-d"/>
      </object_component>
      <object_component id="oc-4db">
         <name>.debug_info</name>
         <load_address>0x134f3</load_address>
[...]
         <value>0xa1e9</value>
         <object_component_ref idref="oc-ab"/>
      </symbol>
      <symbol id="sm-c85">
         <name>xNetworkBuffersInitialise</name>
         <value>0x9fe1</value>
         <object_component_ref idref="oc-ab"/>
      </symbol>
      <symbol id="sm-c86">
         <name>xBufferAllocFixedSize</name>
         <value>0xc134</value>
         <object_component_ref idref="oc-3e3"/>
      </symbol>
      <symbol id="sm-c87">
         <name>uxGetMinimumFreeNetworkBuffers</name>
         <value>0xa1e3</value>
         <object_component_ref idref="oc-ab"/>
      </symbol>
      <symbol id="sm-c88">
         <name>pucGetNetworkBuffer</name>
         <value>0xa087</value>
         <object_component_ref idref="oc-ab"/>
      </symbol>
      <symbol id="sm-c89">
         <name>pxGetNetworkBufferWithDescriptor</name>
         <value>0xa0e1</value>
         <object_component_ref idref="oc-ab"/>
      </symbol>
      <symbol id="sm-c8a">
         <name>vReleaseNetworkBuffer</name>
         <value>0xa0cb</value>
         <object_component_ref idref="oc-ab"/>
      </symbol>
      <symbol id="sm-c8b">
         <name>vReleaseNetworkBufferAndDescriptor</name>
         <value>0xa193</value>
         <object_component_ref idref="oc-ab"/>
      </symbol>
      <symbol id="sm-cf4">
         <name>g_psRxDescriptor</name>
         <value>0x200107c0</value>
      </symbol>
      <symbol id="sm-cf5">
         <name>g_psTxDescriptor</name>
         <value>0x20010900</value>
      </symbol>
      <symbol id="sm-cf6">
         <name>g_ui32RxDescIndex</name>
         <value>0x20010dac</value>
      </symbol>
      <symbol id="sm-cf7">
         <name>g_ui32TxDescIndex</name>
         <value>0x20010db0</value>
      </symbol>
      <symbol id="sm-cf8">
         <name>g_ppui8RxBuffer</name>
         <value>0x2000c350</value>
      </symbol>
      <symbol id="sm-cf9">
         <name>EMACtask_handle</name>
         <value>0x20010da0</value>
      </symbol>
      <symbol id="sm-cfa">
         <name>socket_clientTask_handle</name>
         <value>0x20010dc0</value>
      </symbol>
      <symbol id="sm-cfb">
         <name>vApplicationIPNetworkEventHook</name>
         <value>0x8c19</value>
         <object_component_ref idref="oc-38"/>
      </symbol>
      <symbol id="sm-cfc">
         <name>MACinit</name>
         <value>0x8a85</value>
         <object_component_ref idref="oc-38"/>
      </symbol>
      <symbol id="sm-cfd">
         <name>xNetworkInterfaceInitialise</name>
         <value>0x8bc5</value>
         <object_component_ref idref="oc-38"/>
      </symbol>
      <symbol id="sm-cfe">
         <name>xNetworkInterfaceOutput</name>
         <value>0x8beb</value>
         <object_component_ref idref="oc-38"/>
      </symbol>
      <symbol id="sm-cff">
         <name>InitDescriptors</name>
         <value>0x89ad</value>
         <object_component_ref idref="oc-38"/>
      </symbol>
      <symbol id="sm-d00">
         <name>EthernetIntHandler</name>
         <value>0x888d</value>
         <object_component_ref idref="oc-38"/>
      </symbol>
      <symbol id="sm-d01">
         <name>ProcessReceivedPacket</name>
         <value>0x8851</value>
         <object_component_ref idref="oc-38"/>
      </symbol>
      <symbol id="sm-d26">
         <name>sendI2C</name>
         <value>0xa859</value>
         <object_component_ref idref="oc-2c8"/>
      </symbol>
      <symbol id="sm-d27">
         <name>ConfigureI2C</name>
         <value>0xa821</value>
         <object_component_ref idref="oc-2c8"/>
      </symbol>
      <symbol id="sm-d28">
         <name>get_data_from_pressure</name>
         <value>0xa903</value>
         <object_component_ref idref="oc-2c8"/>
      </symbol>
      <symbol id="sm-d29">
         <name>get_data_from_uv</name>
         <value>0xa971</value>
         <object_component_ref idref="oc-2c8"/>
      </symbol>
      <symbol id="sm-d50">
         <name>socket_client_task</name>
         <value>0xa679</value>
         <object_component_ref idref="oc-130"/>
      </symbol>
      <symbol id="sm-d8e">
         <name>comm_task</name>
         <value>0x984f</value>
         <object_component_ref idref="oc-2c2"/>
      </symbol>
      <symbol id="sm-d8f">
         <name>uart_send_data</name>
         <value>0x97cb</value>
         <object_component_ref idref="oc-2c2"/>
      </symbol>
      <symbol id="sm-d90">
         <name>comm_socket_Queue</name>
         <value>0x200112b4</value>
         <object_component_ref idref="oc-136"/>
      </symbol>
      <symbol id="sm-d91">
         <name>ConfigureUART</name>
         <value>0x97fb</value>
         <object_component_ref idref="oc-2c2"/>
      </symbol>
      <symbol id="sm-d92">
         <name>socket_client_task_ready</name>
         <value>0x200112b0</value>
         <object_component_ref idref="oc-136"/>
      </symbol>
      <symbol id="sm-d93">
         <name>ConfigureUART_client</name>
         <value>0x9779</value>
         <object_component_ref idref="oc-2c2"/>
      </symbol>
      <symbol id="sm-db1">
         <name>pressure_task</name>
         <value>0xb01d</value>
         <object_component_ref idref="oc-2de"/>
      </symbol>
      <symbol id="sm-db2">
         <name>pressure_comm_Queue</name>
         <value>0x200112b8</value>
         <object_component_ref idref="oc-45f"/>
      </symbol>
      <symbol id="sm-dd8">
         <name>initialize_uv</name>
         <value>0xa9bd</value>
         <object_component_ref idref="oc-2d7"/>
      </symbol>
      <symbol id="sm-dd9">
         <name>uv_task</name>
         <value>0xa9eb</value>
         <object_component_ref idref="oc-2d7"/>
      </symbol>
      <symbol id="sm-dda">
         <name>uv_comm_Queue</name>
         <value>0x200112c0</value>
         <object_component_ref idref="oc-45c"/>
      </symbol>
      <symbol id="sm-dee">
         <name>vTimerCallback</name>
         <value>0xb2a1</value>
         <object_component_ref idref="oc-2cf"/>
      </symbol>
      <symbol id="sm-e5f">
         <name>UARTgetc</name>
         <value>0x84ed</value>
         <object_component_ref idref="oc-28c"/>
      </symbol>
      <symbol id="sm-e60">
         <name>UARTgets</name>
         <value>0x8427</value>
         <object_component_ref idref="oc-28c"/>
      </symbol>
      <symbol id="sm-e61">
         <name>UARTStdioConfig</name>
         <value>0x8375</value>
         <object_component_ref idref="oc-28c"/>
      </symbol>
      <symbol id="sm-e62">
         <name>UARTwrite</name>
         <value>0x83d5</value>
         <object_component_ref idref="oc-28c"/>
      </symbol>
      <symbol id="sm-e63">
         <name>UARTprintf</name>
         <value>0x881b</value>
         <object_component_ref idref="oc-28c"/>
      </symbol>
      <symbol id="sm-e64">
         <name>UARTvprintf</name>
         <value>0x8521</value>
         <object_component_ref idref="oc-28c"/>
      </symbol>
      <symbol id="sm-e73">
         <name>__aeabi_uidivmod</name>
         <value>0xb7f1</value>
         <object_component_ref idref="oc-421"/>
      </symbol>
      <symbol id="sm-e74">
         <name>__aeabi_uidiv</name>
         <value>0xb7f1</value>
         <object_component_ref idref="oc-421"/>
      </symbol>
      <symbol id="sm-e88">
         <name>__aeabi_ddiv</name>
         <value>0xac89</value>
         <object_component_ref idref="oc-4a9"/>
      </symbol>
      <symbol id="sm-e94">
         <name>__aeabi_d2f</name>
         <value>0xb4a1</value>
         <object_component_ref idref="oc-4ae"/>
      </symbol>
      <symbol id="sm-e9e">
         <name>__aeabi_i2d</name>
         <value>0xba59</value>
         <object_component_ref idref="oc-4a4"/>
      </symbol>
      <symbol id="sm-eb9">
         <name>memcpy</name>
         <value>0xb203</value>
         <object_component_ref idref="oc-4c"/>
      </symbol>
      <symbol id="sm-eba">
         <name>__aeabi_memcpy</name>
         <value>0xb203</value>
         <object_component_ref idref="oc-4c"/>
      </symbol>
      <symbol id="sm-ebb">
         <name>__aeabi_memcpy8</name>
         <value>0xb203</value>
         <object_component_ref idref="oc-4c"/>
      </symbol>
      <symbol id="sm-ebc">
         <name>__aeabi_memcpy4</name>
         <value>0xb203</value>
         <object_component_ref idref="oc-4c"/>
      </symbol>
      <symbol id="sm-ecb">
         <name>__aeabi_memset</name>
         <value>0xb337</value>
         <object_component_ref idref="oc-16a"/>
      </symbol>
      <symbol id="sm-ecc">
         <name>memset</name>
         <value>0xb33d</value>
         <object_component_ref idref="oc-16a"/>
      </symbol>
      <symbol id="sm-ecd">
         <name>__aeabi_memset8</name>
         <value>0xb337</value>
         <object_component_ref idref="oc-16a"/>
      </symbol>
      <symbol id="sm-ece">
         <name>__aeabi_memset4</name>
         <value>0xb337</value>
         <object_component_ref idref="oc-16a"/>
      </symbol>
      <symbol id="sm-ecf">
         <name>__aeabi_memclr8</name>
         <value>0xb335</value>
         <object_component_ref idref="oc-16a"/>
      </symbol>
      <symbol id="sm-ed0">
         <name>__aeabi_memclr4</name>
         <value>0xb335</value>
         <object_component_ref idref="oc-16a"/>
      </symbol>
      <symbol id="sm-ed1">
         <name>__aeabi_memclr</name>
         <value>0xb335</value>
         <object_component_ref idref="oc-16a"/>
      </symbol>
      <symbol id="sm-ee3">
         <name>__TI_zero_init</name>
         <value>0xbcb7</value>
         <object_component_ref idref="oc-5e"/>
      </symbol>
      <symbol id="sm-efa">
         <name>__TI_decompress_none</name>
         <value>0xbca9</value>
         <object_component_ref idref="oc-18"/>
      </symbol>
      <symbol id="sm-f1d">
         <name>__TI_decompress_lzss</name>
         <value>0xb579</value>
         <object_component_ref idref="oc-12"/>
      </symbol>
      <symbol id="sm-f30">
         <name>__stack</name>
         <value>0x20010dd0</value>
         <object_component_ref idref="oc-21"/>
      </symbol>
      <symbol id="sm-f31">
         <name>_c_int00_noargs</name>
         <value>0xb919</value>
         <object_component_ref idref="oc-6a"/>
      </symbol>
      <symbol id="sm-f3c">
         <name>C$$EXIT</name>
         <value>0xbd13</value>
         <object_component_ref idref="oc-2ef"/>
      </symbol>
      <symbol id="sm-f3d">
         <name>abort</name>
         <value>0xbd13</value>
         <object_component_ref idref="oc-2ef"/>
      </symbol>
      <symbol id="sm-f9d">
         <name>_sys_memory</name>
         <value>0x20010fd0</value>
         <object_component_ref idref="oc-24"/>
      </symbol>
      <symbol id="sm-f9e">
         <name>malloc</name>
         <value>0xb429</value>
         <object_component_ref idref="oc-456"/>
      </symbol>
      <symbol id="sm-f9f">
         <name>minit</name>
         <value>0xb951</value>
         <object_component_ref idref="oc-578"/>
      </symbol>
      <symbol id="sm-fb4">
         <name>_nop</name>
         <value>0xb01b</value>
         <object_component_ref idref="oc-5c4"/>
      </symbol>
      <symbol id="sm-fb5">
         <name>_lock</name>
         <value>0x200112a8</value>
         <object_component_ref idref="oc-4bb"/>
      </symbol>
      <symbol id="sm-fb6">
         <name>_unlock</name>
         <value>0x200112ac</value>
         <object_component_ref idref="oc-4bb"/>
      </symbol>
      <symbol id="sm-fc7">
         <name>memcmp</name>
         <value>0xbb57</value>
         <object_component_ref idref="oc-235"/>
      </symbol>
      <symbol id="sm-fd7">
         <name>memmove</name>
         <value>0xbb7b</value>
         <object_component_ref idref="oc-23e"/>
      </symbol>
      <symbol id="sm-fe5">
         <name>strcpy</name>
         <value>0xbc4d</value>
         <object_component_ref idref="oc-50f"/>
      </symbol>
      <symbol id="sm-ff3">
         <name>strlen</name>
         <value>0xbc61</value>
         <object_component_ref idref="oc-509"/>
      </symbol>
      <symbol id="sm-1003">
         <name>strncmp</name>
         <value>0xbab3</value>
         <object_component_ref idref="oc-518"/>
      </symbol>
      <symbol id="sm-1013">
         <name>strncpy</name>
         <value>0xb989</value>
         <object_component_ref idref="oc-51e"/>
      </symbol>
      <symbol id="sm-101d">
         <name>__aeabi_idiv0</name>
         <value>0xb29f</value>
         <object_component_ref idref="oc-54d"/>
      </symbol>
      <symbol id="sm-101e">
         <name>__aeabi_ldiv0</name>
         <value>0xb29f</value>
         <object_component_ref idref="oc-54d"/>
      </symbol>
      <symbol id="sm-1046">
         <name>__TI_auto_init_nobinit_nopinit</name>
         <value>0xb7ad</value>
         <object_component_ref idref="oc-2fb"/>
      </symbol>
      <symbol id="sm-1050">
         <name>_system_pre_init</name>
         <value>0xbd0f</value>
         <object_component_ref idref="oc-170"/>
      </symbol>
      <symbol id="sm-10fe">
         <name>EMACConfigSet</name>
         <value>0xb8a9</value>
         <object_component_ref idref="oc-f8"/>
      </symbol>
      <symbol id="sm-10ff">
         <name>EMACAddrSet</name>
         <value>0xba29</value>
         <object_component_ref idref="oc-fe"/>
      </symbol>
      <symbol id="sm-1100">
         <name>EMACTxEnable</name>
         <value>0xbc0d</value>
         <object_component_ref idref="oc-110"/>
      </symbol>
      <symbol id="sm-1101">
         <name>EMACRxDMADescriptorListSet</name>
         <value>0xbcf1</value>
         <object_component_ref idref="oc-bd"/>
      </symbol>
      <symbol id="sm-1102">
         <name>EMACPHYConfigSet</name>
         <value>0xb5e1</value>
         <object_component_ref idref="oc-e6"/>
      </symbol>
      <symbol id="sm-1103">
         <name>EMACPHYRead</name>
         <value>0xbb31</value>
         <object_component_ref idref="oc-104"/>
      </symbol>
      <symbol id="sm-1104">
         <name>EMACRxEnable</name>
         <value>0xbbf7</value>
         <object_component_ref idref="oc-116"/>
      </symbol>
      <symbol id="sm-1105">
         <name>EMACIntClear</name>
         <value>0xb9bf</value>
         <object_component_ref idref="oc-a5"/>
      </symbol>
      <symbol id="sm-1106">
         <name>EMACInit</name>
         <value>0xb3b1</value>
         <object_component_ref idref="oc-f2"/>
      </symbol>
      <symbol id="sm-1107">
         <name>EMACIntEnable</name>
         <value>0xb86d</value>
         <object_component_ref idref="oc-122"/>
      </symbol>
      <symbol id="sm-1108">
         <name>EMACReset</name>
         <value>0xbbe1</value>
         <object_component_ref idref="oc-ec"/>
      </symbol>
      <symbol id="sm-1109">
         <name>EMACFrameFilterSet</name>
         <value>0xbc99</value>
         <object_component_ref idref="oc-10a"/>
      </symbol>
      <symbol id="sm-110a">
         <name>EMACTxDMAPollDemand</name>
         <value>0xbcd9</value>
         <object_component_ref idref="oc-b7"/>
      </symbol>
      <symbol id="sm-110b">
         <name>EMACTxDMADescriptorListSet</name>
         <value>0xbcf7</value>
         <object_component_ref idref="oc-c3"/>
      </symbol>
      <symbol id="sm-110c">
         <name>EMACIntStatus</name>
         <value>0xba87</value>
         <object_component_ref idref="oc-9f"/>
      </symbol>
      <symbol id="sm-111b">
         <name>FlashUserGet</name>
         <value>0xbc25</value>
         <object_component_ref idref="oc-ce"/>
      </symbol>
      <symbol id="sm-1155">
         <name>GPIOPinConfigure</name>
         <value>0xb6d5</value>
         <object_component_ref idref="oc-464"/>
      </symbol>
      <symbol id="sm-1156">
         <name>GPIOPinTypeI2CSCL</name>
         <value>0xbc87</value>
         <object_component_ref idref="oc-46a"/>
      </symbol>
      <symbol id="sm-1157">
         <name>GPIOPinTypeI2C</name>
         <value>0xbc75</value>
         <object_component_ref idref="oc-470"/>
      </symbol>
      <symbol id="sm-1158">
         <name>GPIODirModeSet</name>
         <value>0xbadf</value>
         <object_component_ref idref="oc-59e"/>
      </symbol>
      <symbol id="sm-1159">
         <name>GPIOPadConfigSet</name>
         <value>0xadbf</value>
         <object_component_ref idref="oc-5a4"/>
      </symbol>
      <symbol id="sm-119a">
         <name>I2CMasterDataPut</name>
         <value>0xbd0b</value>
         <object_component_ref idref="oc-482"/>
      </symbol>
      <symbol id="sm-119b">
         <name>I2CMasterInitExpClk</name>
         <value>0xb689</value>
         <object_component_ref idref="oc-476"/>
      </symbol>
      <symbol id="sm-119c">
         <name>I2CMasterSlaveAddrSet</name>
         <value>0xbce9</value>
         <object_component_ref idref="oc-47c"/>
      </symbol>
      <symbol id="sm-119d">
         <name>I2CMasterDataGet</name>
         <value>0xbd07</value>
         <object_component_ref idref="oc-494"/>
      </symbol>
      <symbol id="sm-119e">
         <name>I2CMasterControl</name>
         <value>0xbd03</value>
         <object_component_ref idref="oc-488"/>
      </symbol>
      <symbol id="sm-119f">
         <name>I2CMasterBusy</name>
         <value>0xbce1</value>
         <object_component_ref idref="oc-48e"/>
      </symbol>
      <symbol id="sm-11a0">
         <name>I2CMasterEnable</name>
         <value>0xbccf</value>
         <object_component_ref idref="oc-5ac"/>
      </symbol>
      <symbol id="sm-11c7">
         <name>IntEnable</name>
         <value>0xb511</value>
         <object_component_ref idref="oc-11c"/>
      </symbol>
      <symbol id="sm-1250">
         <name>SysCtlDelay</name>
         <value>0xbcfd</value>
         <object_component_ref idref="oc-272"/>
      </symbol>
      <symbol id="sm-1251">
         <name>SysCtlPeripheralEnable</name>
         <value>0xb9f5</value>
         <object_component_ref idref="oc-d4"/>
      </symbol>
      <symbol id="sm-1252">
         <name>SysCtlPeripheralReady</name>
         <value>0xb8e1</value>
         <object_component_ref idref="oc-e0"/>
      </symbol>
      <symbol id="sm-1253">
         <name>SysCtlClockFreqSet</name>
         <value>0xa479</value>
         <object_component_ref idref="oc-2bc"/>
      </symbol>
      <symbol id="sm-1254">
         <name>SysCtlPeripheralReset</name>
         <value>0xb639</value>
         <object_component_ref idref="oc-da"/>
      </symbol>
      <symbol id="sm-1275">
         <name>UARTConfigSetExpClk</name>
         <value>0xb765</value>
         <object_component_ref idref="oc-450"/>
      </symbol>
      <symbol id="sm-1276">
         <name>UARTDisable</name>
         <value>0xbba1</value>
         <object_component_ref idref="oc-56a"/>
      </symbol>
      <symbol id="sm-1277">
         <name>UARTEnable</name>
         <value>0xbc39</value>
         <object_component_ref idref="oc-570"/>
      </symbol>
      <symbol id="sm-1279">
         <name>__TI_static_base__</name>
         <value>0x0</value>
      </symbol>
      <symbol id="sm-127c">
         <name>__mpu_init</name>
         <value>0x0</value>
      </symbol>
      <symbol id="sm-127d">
         <name>_system_post_cinit</name>
         <value>0x0</value>
      </symbol>
   </symbol_table>
   <title>Link successful</title>
</link_info>
