******************************************************************************
                  TI ARM Linker PC v18.1.1                     
******************************************************************************
>> Linked Sun Apr 29 16:13:49 2018

OUTPUT FILE NAME:   <apes_p2.out>
ENTRY POINT SYMBOL: "_c_int00_noargs"  address: 0000b95d


MEMORY CONFIGURATION

         name            origin    length      used     unused   attr    fill
----------------------  --------  ---------  --------  --------  ----  --------
  FLASH                 00000000   00100000  0000c1e6  000f3e1a  R  X
  SRAM                  20000000   00040000  000112f2  0002ed0e  RW X


SEGMENT ALLOCATION MAP

run origin  load origin   length   init length attrs members
----------  ----------- ---------- ----------- ----- -------
00000000    00000000    0000c1e8   0000c1e8    r-x
  00000000    00000000    00000208   00000208    r-- .intvecs
  00000208    00000208    0000bb52   0000bb52    r-x .text
  0000bd5c    0000bd5c    0000042c   0000042c    r-- .const
  0000c188    0000c188    00000060   00000060    r-- .cinit
20000000    20000000    000112f8   00000000    rw-
  20000000    20000000    00010dca   00000000    rw- .bss
  20010dd0    20010dd0    00000200   00000000    rw- .stack
  20010fd0    20010fd0    00000200   00000000    rw- .sysmem
  200111d0    200111d0    00000128   00000000    rw- .data


SECTION ALLOCATION MAP

 output                                  attributes/
section   page    origin      length       input sections
--------  ----  ----------  ----------   ----------------
.intvecs   0    00000000    00000208     
                  00000000    00000208     tm4c1294ncpdt_startup_ccs.obj (.intvecs)

.text      0    00000208    0000bb52     
                  00000208    00001c70     FreeRTOS_TCP_IP.obj (.text)
                  00001e78    000018ec     FreeRTOS_Sockets.obj (.text)
                  00003764    000018bc     tasks.obj (.text)
                  00005020    00000f4c     FreeRTOS_IP.obj (.text)
                  00005f6c    00000d04     queue.obj (.text)
                  00006c70    000006c8     FreeRTOS_DHCP.obj (.text)
                  00007338    00000594     timers.obj (.text)
                  000078cc    00000584     FreeRTOS_DNS.obj (.text)
                  00007e50    00000524     FreeRTOS_ARP.obj (.text)
                  00008374    000004dc     uartstdio.obj (.text)
                  00008850    00000470     NetworkInterface.obj (.text)
                  00008cc0    000003f8     FreeRTOS_TCP_WIN.obj (.text)
                  000090b8    000003c8     event_groups.obj (.text)
                  00009480    00000340     main.obj (.text)
                  000097c0    000002c4     FreeRTOS_Stream_Buffer.obj (.text)
                  00009a84    000002bc     heap_4.obj (.text)
                  00009d40    00000290     BufferAllocation_2.obj (.text)
                  00009fd0    0000025c     comm_task.obj (.text)
                  0000a22c    00000208     FreeRTOS_UDP_IP.obj (.text)
                  0000a434    00000200     driverlib.lib : sysctl.obj (.text:SysCtlClockFreqSet)
                  0000a634    000001a4     socket_client.obj (.text)
                  0000a7d8    0000019c     i2c_drive.obj (.text)
                  0000a974    00000170     uv_task.obj (.text)
                  0000aae4    0000013c     port.obj (.text)
                  0000ac20    00000136     rtsv7M4_T_le_v4SPD16_eabi.lib : fd_div_t2.asm.obj (.text)
                  0000ad56    00000132     driverlib.lib : gpio.obj (.text:GPIOPadConfigSet)
                  0000ae88    0000012a     list.obj (.text)
                  0000afb2    00000002     rtsv7M4_T_le_v4SPD16_eabi.lib : _lock.c.obj (.text:_nop)
                  0000afb4    0000010c     pressure_task.obj (.text)
                  0000b0c0    000000da     portasm.obj (.text)
                  0000b19a    00000002     rtsv7M4_T_le_v4SPD16_eabi.lib : div0.asm.obj (.text)
                  0000b19c    000000ac     uart_client.obj (.text)
                  0000b248    0000009c     rtsv7M4_T_le_v4SPD16_eabi.lib : memcpy_t2.asm.obj (.text)
                  0000b2e4    00000094     heartbeat_timer.obj (.text)
                  0000b378    0000007a     rtsv7M4_T_le_v4SPD16_eabi.lib : memset_t2.asm.obj (.text)
                  0000b3f2    00000002     --HOLE-- [fill = 0]
                  0000b3f4    00000078     driverlib.lib : emac.obj (.text:EMACInit)
                  0000b46c    00000078     rtsv7M4_T_le_v4SPD16_eabi.lib : memory.c.obj (.text:malloc)
                  0000b4e4    0000006e                                   : fd_tos_t2.asm.obj (.text)
                  0000b552    00000002     --HOLE-- [fill = 0]
                  0000b554    00000068     driverlib.lib : interrupt.obj (.text:IntEnable)
                  0000b5bc    00000068     rtsv7M4_T_le_v4SPD16_eabi.lib : copy_decompress_lzss.c.obj (.text:decompress:lzss:__TI_decompress_lzss)
                  0000b624    00000058     driverlib.lib : emac.obj (.text:EMACPHYConfigSet)
                  0000b67c    00000050                   : sysctl.obj (.text:SysCtlPeripheralReset)
                  0000b6cc    0000004c                   : i2c.obj (.text:I2CMasterInitExpClk)
                  0000b718    00000048                   : gpio.obj (.text:GPIOPinConfigure)
                  0000b760    00000048                   : sysctl.obj (.text:_SysCtlFrequencyGet)
                  0000b7a8    00000046                   : uart.obj (.text:UARTConfigSetExpClk)
                  0000b7ee    00000002     --HOLE-- [fill = 0]
                  0000b7f0    00000044     rtsv7M4_T_le_v4SPD16_eabi.lib : autoinit.c.obj (.text:__TI_auto_init_nobinit_nopinit:__TI_auto_init_nobinit_nopinit)
                  0000b834    00000040                                   : u_divt2.asm.obj (.text)
                  0000b874    0000003c                                   : memory.c.obj (.text:minsert)
                  0000b8b0    0000003a     driverlib.lib : emac.obj (.text:EMACIntEnable)
                  0000b8ea    00000002     --HOLE-- [fill = 0]
                  0000b8ec    00000038                   : emac.obj (.text:EMACConfigSet)
                  0000b924    00000038                   : sysctl.obj (.text:SysCtlPeripheralReady)
                  0000b95c    00000038     rtsv7M4_T_le_v4SPD16_eabi.lib : boot_cortex_m.c.obj (.text:_c_int00_noargs:_c_int00_noargs)
                  0000b994    00000038                                   : memory.c.obj (.text:minit)
                  0000b9cc    00000036                                   : strncpy.c.obj (.text:strncpy)
                  0000ba02    00000034     driverlib.lib : emac.obj (.text:EMACIntClear)
                  0000ba36    00000002     --HOLE-- [fill = 0]
                  0000ba38    00000034                   : sysctl.obj (.text:SysCtlPeripheralEnable)
                  0000ba6c    00000030                   : emac.obj (.text:EMACAddrSet)
                  0000ba9c    0000002e     rtsv7M4_T_le_v4SPD16_eabi.lib : i_tofd_t2.asm.obj (.text)
                  0000baca    0000002c     driverlib.lib : emac.obj (.text:EMACIntStatus)
                  0000baf6    0000002c     rtsv7M4_T_le_v4SPD16_eabi.lib : strncmp.c.obj (.text:strncmp)
                  0000bb22    0000002a     driverlib.lib : gpio.obj (.text:GPIODirModeSet)
                  0000bb4c    00000028     rtsv7M4_T_le_v4SPD16_eabi.lib : memory.c.obj (.text:mremove)
                  0000bb74    00000026     driverlib.lib : emac.obj (.text:EMACPHYRead)
                  0000bb9a    00000024     rtsv7M4_T_le_v4SPD16_eabi.lib : memcmp.c.obj (.text:memcmp)
                  0000bbbe    00000024                                   : memmov.c.obj (.text:memmove)
                  0000bbe2    00000002     --HOLE-- [fill = 0]
                  0000bbe4    00000020     driverlib.lib : uart.obj (.text:UARTDisable)
                  0000bc04    00000020                   : sysctl.obj (.text:_SysCtlMemTimingGet)
                  0000bc24    00000016                   : emac.obj (.text:EMACReset)
                  0000bc3a    00000016                   : emac.obj (.text:EMACRxEnable)
                  0000bc50    00000016                   : emac.obj (.text:EMACTxEnable)
                  0000bc66    00000002     --HOLE-- [fill = 0]
                  0000bc68    00000014                   : flash.obj (.text:FlashUserGet)
                  0000bc7c    00000014                   : uart.obj (.text:UARTEnable)
                  0000bc90    00000014     rtsv7M4_T_le_v4SPD16_eabi.lib : strcpy.c.obj (.text:strcpy)
                  0000bca4    00000014                                   : strlen.c.obj (.text:strlen)
                  0000bcb8    00000012     driverlib.lib : gpio.obj (.text:GPIOPinTypeI2C)
                  0000bcca    00000012                   : gpio.obj (.text:GPIOPinTypeI2CSCL)
                  0000bcdc    00000010                   : emac.obj (.text:EMACFrameFilterSet)
                  0000bcec    0000000e     rtsv7M4_T_le_v4SPD16_eabi.lib : copy_decompress_none.c.obj (.text:decompress:none:__TI_decompress_none)
                  0000bcfa    0000000c                                   : copy_zero_init.c.obj (.text:decompress:ZI:__TI_zero_init)
                  0000bd06    0000000c     tm4c1294ncpdt_startup_ccs.obj (.text)
                  0000bd12    0000000a     driverlib.lib : i2c.obj (.text:I2CMasterEnable)
                  0000bd1c    00000008                   : emac.obj (.text:EMACTxDMAPollDemand)
                  0000bd24    00000008                   : i2c.obj (.text:I2CMasterBusy)
                  0000bd2c    00000008                   : i2c.obj (.text:I2CMasterSlaveAddrSet)
                  0000bd34    00000006                   : emac.obj (.text:EMACRxDMADescriptorListSet)
                  0000bd3a    00000006                   : emac.obj (.text:EMACTxDMADescriptorListSet)
                  0000bd40    00000006                   : sysctl.obj (.text:SysCtlDelay)
                  0000bd46    00000004                   : i2c.obj (.text:I2CMasterControl)
                  0000bd4a    00000004                   : i2c.obj (.text:I2CMasterDataGet)
                  0000bd4e    00000004                   : i2c.obj (.text:I2CMasterDataPut)
                  0000bd52    00000004     rtsv7M4_T_le_v4SPD16_eabi.lib : pre_init.c.obj (.text:_system_pre_init)
                  0000bd56    00000004                                   : exit.c.obj (.text:abort:abort)

.const     0    0000bd5c    0000042c     
                  0000bd5c    000001b0     driverlib.lib : sysctl.obj (.const:g_pppui32XTALtoVCO)
                  0000bf0c    00000090                   : gpio.obj (.const:g_pui32GPIOBaseAddrs)
                  0000bf9c    00000070                   : interrupt.obj (.const)
                  0000c00c    0000006c                   : sysctl.obj (.const:g_pui32Xtals)
                  0000c078    00000030                   : sysctl.obj (.const:g_sXTALtoMEMTIM)
                  0000c0a8    00000026     FreeRTOS_ARP.obj (.const:.string:xDefaultPartARPPacketHeader)
                  0000c0ce    00000018     FreeRTOS_DHCP.obj (.const:.string:ucDHCPRequestOptions$1)
                  0000c0e6    00000002     --HOLE-- [fill = 0]
                  0000c0e8    00000018     driverlib.lib : emac.obj (.const)
                  0000c100    00000012     uartstdio.obj (.const:.string)
                  0000c112    00000011     FreeRTOS_DHCP.obj (.const:.string:ucDHCPDiscoverOptions$2)
                  0000c123    00000001     --HOLE-- [fill = 0]
                  0000c124    0000000c     uartstdio.obj (.const:g_ui32UARTBase)
                  0000c130    0000000c     uartstdio.obj (.const:g_ui32UARTPeriph)
                  0000c13c    0000000c     FreeRTOS_DNS.obj (.const:xDefaultPartDNSHeader$3)
                  0000c148    00000008     FreeRTOS_Sockets.obj (.const:$P$T0$1)
                  0000c150    00000008     FreeRTOS_IP.obj (.const:$P$T0$5)
                  0000c158    00000008     driverlib.lib : sysctl.obj (.const)
                  0000c160    00000008     FreeRTOS_IP.obj (.const:xNetworkDownEvent$2)
                  0000c168    00000008     FreeRTOS_IP.obj (.const:xNetworkDownEvent$3)
                  0000c170    00000006     FreeRTOS_IP.obj (.const:xBroadcastMACAddress)
                  0000c176    00000002     --HOLE-- [fill = 0]
                  0000c178    00000004     BufferAllocation_2.obj (.const)
                  0000c17c    00000004     port.obj (.const)
                  0000c180    00000004     socket_client.obj (.const)
                  0000c184    00000004     uartstdio.obj (.const)

.cinit     0    0000c188    00000060     
                  0000c188    0000003b     (.cinit..data.load) [load image, compression = lzss]
                  0000c1c3    00000001     --HOLE-- [fill = 0]
                  0000c1c4    0000000c     (__TI_handler_table)
                  0000c1d0    00000008     (.cinit..bss.load) [load image, compression = zero_init]
                  0000c1d8    00000010     (__TI_cinit_table)

.init_array 
*          0    00000000    00000000     UNINITIALIZED

.bss       0    20000000    00010dca     UNINITIALIZED
                  20000000    0000c350     heap_4.obj (.bss:ucHeap)
                  2000c350    00003c00     (.common:g_ppui8RxBuffer)
                  2000ff50    00000870     BufferAllocation_2.obj (.bss:xNetworkBufferDescriptors)
                  200107c0    00000140     (.common:g_psRxDescriptor)
                  20010900    00000140     (.common:g_psTxDescriptor)
                  20010a40    0000012c     tasks.obj (.bss:pxReadyTasksLists)
                  20010b6c    00000060     FreeRTOS_DNS.obj (.bss:xDNSCache)
                  20010bcc    00000048     FreeRTOS_ARP.obj (.bss:xARPCache)
                  20010c14    00000040     (.common:xQueueRegistry)
                  20010c54    00000024     FreeRTOS_DHCP.obj (.bss:xDHCPData)
                  20010c78    00000014     FreeRTOS_IP.obj (.bss:xARPTimer)
                  20010c8c    00000014     timers.obj (.bss:xActiveTimerList1)
                  20010ca0    00000014     timers.obj (.bss:xActiveTimerList2)
                  20010cb4    00000014     FreeRTOS_IP.obj (.bss:xDHCPTimer)
                  20010cc8    00000014     tasks.obj (.bss:xDelayedTaskList1)
                  20010cdc    00000014     tasks.obj (.bss:xDelayedTaskList2)
                  20010cf0    00000014     BufferAllocation_2.obj (.bss:xFreeBuffersList)
                  20010d04    00000014     tasks.obj (.bss:xPendingReadyList)
                  20010d18    00000014     tasks.obj (.bss:xSuspendedTaskList)
                  20010d2c    00000014     FreeRTOS_IP.obj (.bss:xTCPTimer)
                  20010d40    00000014     tasks.obj (.bss:xTasksWaitingTermination)
                  20010d54    00000014     (.common:xBoundTCPSocketsList)
                  20010d68    00000014     (.common:xBoundUDPSocketsList)
                  20010d7c    00000008     tasks.obj (.bss)
                  20010d84    00000008     timers.obj (.bss)
                  20010d8c    00000008     heap_4.obj (.bss:xStart)
                  20010d94    00000004     BufferAllocation_2.obj (.bss)
                  20010d98    00000004     FreeRTOS_DNS.obj (.bss)
                  20010d9c    00000004     FreeRTOS_IP.obj (.bss)
                  20010da0    00000004     (.common:EMACtask_handle)
                  20010da4    00000004     (.common:MyTimer)
                  20010da8    00000004     (.common:commTask_handle)
                  20010dac    00000004     (.common:g_ui32RxDescIndex)
                  20010db0    00000004     (.common:g_ui32TxDescIndex)
                  20010db4    00000004     (.common:mainTask_handle)
                  20010db8    00000004     (.common:output_clock_rate_hz)
                  20010dbc    00000004     (.common:pressureTask_handle)
                  20010dc0    00000004     (.common:socket_clientTask_handle)
                  20010dc4    00000004     (.common:uvTask_handle)
                  20010dc8    00000002     main.obj (.bss)

.stack     0    20010dd0    00000200     UNINITIALIZED
                  20010dd0    00000004     rtsv7M4_T_le_v4SPD16_eabi.lib : boot_cortex_m.c.obj (.stack)
                  20010dd4    000001fc     --HOLE--

.sysmem    0    20010fd0    00000200     UNINITIALIZED
                  20010fd0    00000008     rtsv7M4_T_le_v4SPD16_eabi.lib : memory.c.obj (.sysmem)
                  20010fd8    000001f8     --HOLE--

.data      0    200111d0    00000128     UNINITIALIZED
                  200111d0    00000034     tasks.obj (.data)
                  20011204    00000024     FreeRTOS_IP.obj (.data)
                  20011228    00000018     FreeRTOS_UDP_IP.obj (.data:xDefaultPartUDPPacketHeader)
                  20011240    00000014     main.obj (.data)
                  20011254    00000014     FreeRTOS_IP.obj (.data:xDefaultAddressing)
                  20011268    00000014     FreeRTOS_IP.obj (.data:xNetworkAddressing)
                  2001127c    00000010     heap_4.obj (.data)
                  2001128c    0000000c     rtsv7M4_T_le_v4SPD16_eabi.lib : memory.c.obj (.data:$O1$$)
                  20011298    0000000c     FreeRTOS_DNS.obj (.data)
                  200112a4    0000000c     timers.obj (.data)
                  200112b0    00000008     rtsv7M4_T_le_v4SPD16_eabi.lib : _lock.c.obj (.data:$O1$$)
                  200112b8    00000008     comm_task.obj (.data)
                  200112c0    00000008     pressure_task.obj (.data)
                  200112c8    00000008     uv_task.obj (.data)
                  200112d0    00000005     uartstdio.obj (.data)
                  200112d5    00000003     --HOLE--
                  200112d8    00000004     BufferAllocation_2.obj (.data)
                  200112dc    00000004     FreeRTOS_ARP.obj (.data)
                  200112e0    00000004     FreeRTOS_Sockets.obj (.data)
                  200112e4    00000004     FreeRTOS_TCP_IP.obj (.data)
                  200112e8    00000004     FreeRTOS_TCP_WIN.obj (.data)
                  200112ec    00000004     NetworkInterface.obj (.data)
                  200112f0    00000004     port.obj (.data)
                  200112f4    00000004     FreeRTOS_Sockets.obj (.data:usNextPortToUse)

MODULE SUMMARY

       Module                          code    ro data   rw data
       ------                          ----    -------   -------
    .\
       main.obj                        832     0         46     
       tm4c1294ncpdt_startup_ccs.obj   12      520       0      
    +--+-------------------------------+-------+---------+---------+
       Total:                          844     520       46     
                                                                
    .\FreeRTOS+TCP\
       FreeRTOS_TCP_IP.obj             7280    0         4      
       FreeRTOS_Sockets.obj            6380    8         48     
       FreeRTOS_IP.obj                 3916    30        140    
       FreeRTOS_DHCP.obj               1736    41        36     
       FreeRTOS_DNS.obj                1412    12        112    
       FreeRTOS_ARP.obj                1316    38        76     
       FreeRTOS_TCP_WIN.obj            1016    0         4      
       FreeRTOS_Stream_Buffer.obj      708     0         0      
       FreeRTOS_UDP_IP.obj             520     0         24     
    +--+-------------------------------+-------+---------+---------+
       Total:                          24284   129       444    
                                                                
    .\FreeRTOS+TCP\portable\BufferManagement\
       BufferAllocation_2.obj          656     4         2188   
    +--+-------------------------------+-------+---------+---------+
       Total:                          656     4         2188   
                                                                
    .\FreeRTOS+TCP\portable\NetworkInterface\
       NetworkInterface.obj            1136    0         16020  
    +--+-------------------------------+-------+---------+---------+
       Total:                          1136    0         16020  
                                                                
    .\FreeRTOS\
       tasks.obj                       6332    0         460    
       queue.obj                       3332    0         64     
       timers.obj                      1428    0         60     
       event_groups.obj                968     0         0      
       list.obj                        298     0         0      
    +--+-------------------------------+-------+---------+---------+
       Total:                          12358   0         584    
                                                                
    .\FreeRTOS\portable\CCS\ARM_CM4F\
       port.obj                        316     4         4      
       portasm.obj                     218     0         0      
    +--+-------------------------------+-------+---------+---------+
       Total:                          534     4         4      
                                                                
    .\FreeRTOS\portable\MemMang\
       heap_4.obj                      700     0         50024  
    +--+-------------------------------+-------+---------+---------+
       Total:                          700     0         50024  
                                                                
    .\comm\
       socket_client.obj               420     4         0      
       i2c_drive.obj                   412     0         0      
       uart_client.obj                 172     0         0      
    +--+-------------------------------+-------+---------+---------+
       Total:                          1004    4         0      
                                                                
    .\tasks\
       comm_task.obj                   604     0         8      
       uv_task.obj                     368     0         8      
       pressure_task.obj               268     0         8      
    +--+-------------------------------+-------+---------+---------+
       Total:                          1240    0         24     
                                                                
    .\utils\
       uartstdio.obj                   1244    46        5      
       heartbeat_timer.obj             148     0         0      
    +--+-------------------------------+-------+---------+---------+
       Total:                          1392    46        5      
                                                                
    C:/ti/TivaWare_C_Series-2.1.4.178/driverlib/ccs/Debug/driverlib.lib
       sysctl.obj                      810     596       0      
       emac.obj                        606     24        0      
       gpio.obj                        456     144       0      
       interrupt.obj                   104     112       0      
       uart.obj                        122     0         0      
       i2c.obj                         114     0         0      
       flash.obj                       20      0         0      
    +--+-------------------------------+-------+---------+---------+
       Total:                          2232    876       0      
                                                                
    C:\ti\ccsv8\tools\compiler\ti-cgt-arm_18.1.1.LTS\lib\rtsv7M4_T_le_v4SPD16_eabi.lib
       fd_div_t2.asm.obj               310     0         0      
       memory.c.obj                    276     0         12     
       memcpy_t2.asm.obj               156     0         0      
       memset_t2.asm.obj               122     0         0      
       fd_tos_t2.asm.obj               110     0         0      
       copy_decompress_lzss.c.obj      104     0         0      
       autoinit.c.obj                  68      0         0      
       u_divt2.asm.obj                 64      0         0      
       boot_cortex_m.c.obj             56      0         0      
       strncpy.c.obj                   54      0         0      
       i_tofd_t2.asm.obj               46      0         0      
       strncmp.c.obj                   44      0         0      
       memcmp.c.obj                    36      0         0      
       memmov.c.obj                    36      0         0      
       strcpy.c.obj                    20      0         0      
       strlen.c.obj                    20      0         0      
       copy_decompress_none.c.obj      14      0         0      
       copy_zero_init.c.obj            12      0         0      
       _lock.c.obj                     2       0         8      
       exit.c.obj                      4       0         0      
       pre_init.c.obj                  4       0         0      
       div0.asm.obj                    2       0         0      
    +--+-------------------------------+-------+---------+---------+
       Total:                          1560    0         20     
                                                                
       Heap:                           0       0         512    
       Stack:                          0       0         512    
       Linker Generated:               0       95        0      
    +--+-------------------------------+-------+---------+---------+
       Grand Total:                    47940   1678      70383  


LINKER GENERATED COPY TABLES

__TI_cinit_table @ 0000c1d8 records: 2, size/record: 8, table size: 16
	.data: load addr=0000c188, load size=0000003b bytes, run addr=200111d0, run size=00000128 bytes, compression=lzss
	.bss: load addr=0000c1d0, load size=00000008 bytes, run addr=20000000, run size=00010dca bytes, compression=zero_init


LINKER GENERATED HANDLER TABLE

__TI_handler_table @ 0000c1c4 records: 3, size/record: 4, table size: 12
	index: 0, handler: __TI_decompress_lzss
	index: 1, handler: __TI_decompress_none
	index: 2, handler: __TI_zero_init


GLOBAL SYMBOLS: SORTED ALPHABETICALLY BY Name 

address   name                                  
-------   ----                                  
0000bd57  C$$EXIT                               
0000a7d9  ConfigureI2C                          
00009fd1  ConfigureUART                         
0000b19d  ConfigureUART_client                  
0000ba6d  EMACAddrSet                           
0000b8ed  EMACConfigSet                         
0000bcdd  EMACFrameFilterSet                    
0000b3f5  EMACInit                              
0000ba03  EMACIntClear                          
0000b8b1  EMACIntEnable                         
0000bacb  EMACIntStatus                         
0000b625  EMACPHYConfigSet                      
0000bb75  EMACPHYRead                           
0000bc25  EMACReset                             
0000bd35  EMACRxDMADescriptorListSet            
0000bc3b  EMACRxEnable                          
0000bd3b  EMACTxDMADescriptorListSet            
0000bd1d  EMACTxDMAPollDemand                   
0000bc51  EMACTxEnable                          
20010da0  EMACtask_handle                       
0000888d  EthernetIntHandler                    
0000bc69  FlashUserGet                          
00008345  FreeRTOS_ClearARP                     
00005555  FreeRTOS_GetAddressConfiguration      
00005edd  FreeRTOS_GetDNSServerAddress          
00005ed7  FreeRTOS_GetGatewayAddress            
00005ec1  FreeRTOS_GetIPAddress                 
00002ad9  FreeRTOS_GetLocalAddress              
00005ee9  FreeRTOS_GetMACAddress                
00005ee3  FreeRTOS_GetNetmask                   
00003557  FreeRTOS_GetRemoteAddress             
00005341  FreeRTOS_GetUDPPayloadBuffer          
00005431  FreeRTOS_IPInit                       
00005f45  FreeRTOS_IsNetworkUp                  
000052f5  FreeRTOS_NetworkDown                  
00005317  FreeRTOS_NetworkDownFromISR           
000082d1  FreeRTOS_OutputARPRequest             
00005409  FreeRTOS_ReleaseUDPPayloadBuffer      
000055e1  FreeRTOS_SendPingRequest              
000055a1  FreeRTOS_SetAddressConfiguration      
00005efd  FreeRTOS_SetGatewayAddress            
00005ec7  FreeRTOS_SetIPAddress                 
00005eed  FreeRTOS_SetNetmask                   
00002cc5  FreeRTOS_accept                       
000023d3  FreeRTOS_bind                         
00002519  FreeRTOS_closesocket                  
00002c37  FreeRTOS_connect                      
000036eb  FreeRTOS_connstatus                   
000078e5  FreeRTOS_dnslookup                    
000033cf  FreeRTOS_get_rx_buf                   
00002fe7  FreeRTOS_get_tx_head                  
000078fb  FreeRTOS_gethostbyname                
000029fd  FreeRTOS_inet_addr                    
00003685  FreeRTOS_issocketconnected            
00003187  FreeRTOS_listen                       
000035b9  FreeRTOS_maywrite                     
000036c3  FreeRTOS_mss                          
0000374d  FreeRTOS_netstat                      
00002e15  FreeRTOS_recv                         
000021c1  FreeRTOS_recvfrom                     
00003719  FreeRTOS_rx_size                      
0000303d  FreeRTOS_send                         
000022e5  FreeRTOS_sendto                       
0000264d  FreeRTOS_setsockopt                   
0000323f  FreeRTOS_shutdown                     
000020e3  FreeRTOS_socket                       
00003651  FreeRTOS_tx_size                      
0000361b  FreeRTOS_tx_space                     
0000bb23  GPIODirModeSet                        
0000ad57  GPIOPadConfigSet                      
0000b719  GPIOPinConfigure                      
0000bcb9  GPIOPinTypeI2C                        
0000bccb  GPIOPinTypeI2CSCL                     
0000bd25  I2CMasterBusy                         
0000bd47  I2CMasterControl                      
0000bd4b  I2CMasterDataGet                      
0000bd4f  I2CMasterDataPut                      
0000bd13  I2CMasterEnable                       
0000b6cd  I2CMasterInitExpClk                   
0000bd2d  I2CMasterSlaveAddrSet                 
000089ad  InitDescriptors                       
0000b555  IntEnable                             
00008a85  MACinit                               
20010da4  MyTimer                               
00008851  ProcessReceivedPacket                 
0000bd07  ResetISR                              
0000a435  SysCtlClockFreqSet                    
0000bd41  SysCtlDelay                           
0000ba39  SysCtlPeripheralEnable                
0000b925  SysCtlPeripheralReady                 
0000b67d  SysCtlPeripheralReset                 
0000b7a9  UARTConfigSetExpClk                   
0000bbe5  UARTDisable                           
0000bc7d  UARTEnable                            
00008375  UARTStdioConfig                       
000084ed  UARTgetc                              
00008427  UARTgets                              
0000881b  UARTprintf                            
00008521  UARTvprintf                           
000083d5  UARTwrite                             
20010fd0  __STACK_END                           
00000200  __STACK_SIZE                          
20010fd0  __STACK_TOP                           
00000200  __SYSMEM_SIZE                         
0000c1d8  __TI_CINIT_Base                       
0000c1e8  __TI_CINIT_Limit                      
0000c1c4  __TI_Handler_Table_Base               
0000c1d0  __TI_Handler_Table_Limit              
0000b7f1  __TI_auto_init_nobinit_nopinit        
0000b5bd  __TI_decompress_lzss                  
0000bced  __TI_decompress_none                  
ffffffff  __TI_pprof_out_hndl                   
ffffffff  __TI_prof_data_size                   
ffffffff  __TI_prof_data_start                  
00000000  __TI_static_base__                    
0000bcfb  __TI_zero_init                        
0000b4e5  __aeabi_d2f                           
0000ac21  __aeabi_ddiv                          
0000ba9d  __aeabi_i2d                           
0000b19b  __aeabi_idiv0                         
0000b19b  __aeabi_ldiv0                         
0000b379  __aeabi_memclr                        
0000b379  __aeabi_memclr4                       
0000b379  __aeabi_memclr8                       
0000b249  __aeabi_memcpy                        
0000b249  __aeabi_memcpy4                       
0000b249  __aeabi_memcpy8                       
0000b37b  __aeabi_memset                        
0000b37b  __aeabi_memset4                       
0000b37b  __aeabi_memset8                       
0000b835  __aeabi_uidiv                         
0000b835  __aeabi_uidivmod                      
ffffffff  __binit__                             
ffffffff  __c_args__                            
UNDEFED   __mpu_init                            
20010dd0  __stack                               
0000b95d  _c_int00_noargs                       
200112b0  _lock                                 
0000afb3  _nop                                  
20010fd0  _sys_memory                           
UNDEFED   _system_post_cinit                    
0000bd53  _system_pre_init                      
200112b4  _unlock                               
0000bd57  abort                                 
ffffffff  binit                                 
20010da8  commTask_handle                       
200112bc  comm_socket_Queue                     
0000a025  comm_task                             
000080b9  eARPGetCacheEntry                     
00007e51  eARPProcessPacket                     
00005775  eConsiderFrameForProcessing           
00003ad9  eTaskGetState                         
00000000  g_pfnVectors                          
2000c350  g_ppui8RxBuffer                       
200107c0  g_psRxDescriptor                      
20010900  g_psTxDescriptor                      
20010dac  g_ui32RxDescIndex                     
20010db0  g_ui32TxDescIndex                     
0000a8bb  get_data_from_pressure                
0000a929  get_data_from_uv                      
00009603  get_task_status                       
0000a975  initialize_uv                         
000034c1  lTCPAddRxdata                         
00008e13  lTCPWindowRxCheck                     
00008e4d  lTCPWindowTxAdd                       
00009481  main                                  
20010db4  mainTask_handle                       
20011240  main_comm_Queue                       
00009565  main_task                             
20011244  main_timeout                          
0000b46d  malloc                                
0000bb9b  memcmp                                
0000b249  memcpy                                
0000bbbf  memmove                               
0000b381  memset                                
0000b995  minit                                 
20010db8  output_clock_rate_hz                  
00006b87  pcQueueGetName                        
000040b3  pcTaskGetName                         
00007473  pcTimerGetName                        
20010dbc  pressureTask_handle                   
200112c0  pressure_comm_Queue                   
0000afb5  pressure_task                         
00009de7  pucGetNetworkBuffer                   
00009a85  pvPortMalloc                          
00004b3f  pvTaskIncrementMutexHeldCount         
0000785d  pvTimerGetTimerID                     
200111d0  pxCurrentTCB                          
0000537f  pxDuplicateNetworkBufferWithDescriptor
00009e41  pxGetNetworkBufferWithDescriptor      
0000aae5  pxPortInitialiseStack                 
00009f49  pxResizeNetworkBufferWithDescriptor   
0000334f  pxTCPSocketLookup                     
000053c9  pxUDPPayloadBuffer_to_NetworkBuffer   
000029dd  pxUDPSocketLookup                     
0000a811  sendI2C                               
20010dc0  socket_clientTask_handle              
0000a635  socket_client_task                    
200112b8  socket_client_task_ready              
0000bc91  strcpy                                
0000bca5  strlen                                
0000baf7  strncmp                               
0000b9cd  strncpy                               
0000b1ef  uart_send_data                        
000068e9  ucQueueGetQueueType                   
00007ba7  ulDNSHandlePacket                     
0000c17c  ulMaxSyscallInterruptPriority         
200112e4  ulNextInitialSequenceNumber           
0000b0d1  ulPortGetIPSR                         
00009025  ulTCPWindowTxAck                      
00008ee9  ulTCPWindowTxGet                      
00004b5d  ulTaskNotifyTake                      
00005d05  usGenerateChecksum                    
00005bb9  usGenerateProtocolChecksum            
20011208  usPacketIdentifier                    
20010dc4  uvTask_handle                         
200112c8  uv_comm_Queue                         
0000a9a3  uv_task                               
0000944f  uxEventGroupGetNumber                 
00009f43  uxGetMinimumFreeNetworkBuffers        
00009f3d  uxGetNumberOfFreeNetworkBuffers       
0000af6b  uxListRemove                          
000068c9  uxQueueGetQueueNumber                 
0000686b  uxQueueMessagesWaiting                
000068a1  uxQueueMessagesWaitingFromISR         
00006881  uxQueueSpacesAvailable                
000098d1  uxStreamBufferAdd                     
000099b3  uxStreamBufferGet                     
000040ad  uxTaskGetNumberOfTasks                
000040d9  uxTaskGetSystemState                  
00004591  uxTaskGetTaskNumber                   
00003b6d  uxTaskPriorityGet                     
00003b9d  uxTaskPriorityGetFromISR              
00004b1d  uxTaskResetEventItemValue             
00007891  uxTimerGetTimerNumber                 
000081f5  vARPAgeCache                          
000082f9  vARPGenerateRequestPacket             
00007f1f  vARPRefreshCacheEntry                 
000082c1  vARPSendGratuitous                    
00008c19  vApplicationIPNetworkEventHook        
00006c91  vDHCPProcess                          
00009409  vEventGroupClearBitsCallback          
000093c5  vEventGroupDelete                     
000093f9  vEventGroupSetBitsCallback            
0000946f  vEventGroupSetNumber                  
00005831  vIPNetworkUpCalls                     
00005f31  vIPReloadDHCPTimer                    
00005f0d  vIPSetDHCPTimerEnableState            
0000ae89  vListInitialise                       
0000aeb9  vListInitialiseItem                   
0000af05  vListInsert                           
0000aec9  vListInsertEnd                        
00008cfb  vListInsertGeneric                    
00002045  vNetworkSocketsInit                   
0000b18d  vPortEnableVFP                        
0000ab85  vPortEndScheduler                     
0000ab87  vPortEnterCritical                    
0000aba7  vPortExitCritical                     
00009b87  vPortFree                             
00009be5  vPortInitialiseBlocks                 
0000b149  vPortSVCHandler                       
0000abe3  vPortSetupTimerInterrupt              
0000b169  vPortStartFirstTask                   
0000a22d  vProcessGeneratedUDPPacket            
00006b45  vQueueAddToRegistry                   
000068b3  vQueueDelete                          
000068d7  vQueueSetQueueNumber                  
00006bc7  vQueueUnregisterQueue                 
00006c0b  vQueueWaitForMessageRestricted        
00009e2b  vReleaseNetworkBuffer                 
00009ef3  vReleaseNetworkBufferAndDescriptor    
00005e8f  vReturnEthernetFrame                  
00002477  vSocketBind                           
0000255d  vSocketClose                          
00002b05  vSocketWakeUpUser                     
00000bad  vTCPStateChange                       
00008d33  vTCPWindowCreate                      
000090a9  vTCPWindowDestroy                     
00008d65  vTCPWindowInit                        
00003a9d  vTaskDelay                            
00003a0d  vTaskDelayUntil                       
0000395f  vTaskDelete                           
00003f75  vTaskEndScheduler                     
00004689  vTaskGetInfo                          
000044df  vTaskInternalSetTimeOutState          
0000457f  vTaskMissedYield                      
00004e79  vTaskNotifyGiveFromISR                
00004359  vTaskPlaceOnEventList                 
0000439f  vTaskPlaceOnEventListRestricted       
00004375  vTaskPlaceOnUnorderedEventList        
00004a45  vTaskPriorityDisinheritAfterTimeout   
00003be9  vTaskPrioritySet                      
00004455  vTaskRemoveFromUnorderedEventList     
00003e11  vTaskResume                           
000045b5  vTaskSetTaskNumber                    
000044c1  vTaskSetTimeOutState                  
00003f19  vTaskStartScheduler                   
00003d01  vTaskSuspend                          
00003f91  vTaskSuspendAll                       
000042f1  vTaskSwitchContext                    
0000b2e5  vTimerCallback                        
00007877  vTimerSetTimerID                      
0000789f  vTimerSetTimerNumber                  
20010d54  xBoundTCPSocketsList                  
20010d68  xBoundUDPSocketsList                  
0000c170  xBroadcastMACAddress                  
0000c178  xBufferAllocFixedSize                 
20011254  xDefaultAddressing                    
20011228  xDefaultPartUDPPacketHeader           
0000929d  xEventGroupClearBits                  
000090b9  xEventGroupCreate                     
000092c9  xEventGroupGetBitsFromISR             
000092f9  xEventGroupSetBits                    
000090d9  xEventGroupSync                       
000091ad  xEventGroupWaitBits                   
00005f3f  xIPIsNetworkTaskReady                 
00005149  xIsCallingFromIPTask                  
00006c71  xIsDHCPSocket                         
20011268  xNetworkAddressing                    
00009d41  xNetworkBuffersInitialise             
20011204  xNetworkEventQueue                    
00008bc5  xNetworkInterfaceInitialise           
00008beb  xNetworkInterfaceOutput               
00009bd9  xPortGetFreeHeapSize                  
00009bdf  xPortGetMinimumEverFreeHeapSize       
0000b0e9  xPortPendSVHandler                    
0000ab4f  xPortStartScheduler                   
0000abbd  xPortSysTickHandler                   
00001a59  xProcessReceivedTCPPacket             
0000a381  xProcessReceivedUDPPacket             
00006171  xQueueCreateCountingSemaphore         
000060c5  xQueueCreateMutex                     
0000600b  xQueueGenericCreate                   
00005f6d  xQueueGenericReset                    
00006191  xQueueGenericSend                     
000062bd  xQueueGenericSendFromISR              
00006357  xQueueGiveFromISR                     
000060f1  xQueueGiveMutexRecursive              
00006ae1  xQueueIsQueueEmptyFromISR             
00006b23  xQueueIsQueueFullFromISR              
0000665f  xQueuePeek                            
00006819  xQueuePeekFromISR                     
000063e9  xQueueReceive                         
00006781  xQueueReceiveFromISR                  
20010c14  xQueueRegistry                        
00006505  xQueueSemaphoreTake                   
0000612d  xQueueTakeMutexRecursive              
000056dd  xSendEventStructToIPTask              
000056a3  xSendEventToIPTask                    
00001dfd  xTCPCheckNewClient                    
0000040d  xTCPSocketCheck                       
00003297  xTCPTimerCheck                        
200112e8  xTCPWindowLoggingLevel                
00009097  xTCPWindowRxEmpty                     
00008f67  xTCPWindowTxDone                      
00008fad  xTCPWindowTxHasData                   
00004501  xTaskCheckForTimeOut                  
00003765  xTaskCreate                           
00004c7f  xTaskGenericNotify                    
00004d69  xTaskGenericNotifyFromISR             
0000485b  xTaskGetCurrentTaskHandle             
00004875  xTaskGetSchedulerState                
00004089  xTaskGetTickCount                     
00004099  xTaskGetTickCountFromISR              
000041cd  xTaskIncrementTick                    
00004f27  xTaskNotifyStateClear                 
00004bdd  xTaskNotifyWait                       
000049a1  xTaskPriorityDisinherit               
000048c1  xTaskPriorityInherit                  
000043d9  xTaskRemoveFromEventList              
00003fa5  xTaskResumeAll                        
00003e8b  xTaskResumeFromISR                    
00007365  xTimerCreate                          
00007339  xTimerCreateTimerTask                 
000073d9  xTimerGenericCommand                  
0000745d  xTimerGetExpiryTime                   
0000744b  xTimerGetPeriod                       
00007445  xTimerGetTimerDaemonTaskHandle        
00007831  xTimerIsTimerActive                   


GLOBAL SYMBOLS: SORTED BY Symbol Address 

address   name                                  
-------   ----                                  
00000000  __TI_static_base__                    
00000000  g_pfnVectors                          
00000200  __STACK_SIZE                          
00000200  __SYSMEM_SIZE                         
0000040d  xTCPSocketCheck                       
00000bad  vTCPStateChange                       
00001a59  xProcessReceivedTCPPacket             
00001dfd  xTCPCheckNewClient                    
00002045  vNetworkSocketsInit                   
000020e3  FreeRTOS_socket                       
000021c1  FreeRTOS_recvfrom                     
000022e5  FreeRTOS_sendto                       
000023d3  FreeRTOS_bind                         
00002477  vSocketBind                           
00002519  FreeRTOS_closesocket                  
0000255d  vSocketClose                          
0000264d  FreeRTOS_setsockopt                   
000029dd  pxUDPSocketLookup                     
000029fd  FreeRTOS_inet_addr                    
00002ad9  FreeRTOS_GetLocalAddress              
00002b05  vSocketWakeUpUser                     
00002c37  FreeRTOS_connect                      
00002cc5  FreeRTOS_accept                       
00002e15  FreeRTOS_recv                         
00002fe7  FreeRTOS_get_tx_head                  
0000303d  FreeRTOS_send                         
00003187  FreeRTOS_listen                       
0000323f  FreeRTOS_shutdown                     
00003297  xTCPTimerCheck                        
0000334f  pxTCPSocketLookup                     
000033cf  FreeRTOS_get_rx_buf                   
000034c1  lTCPAddRxdata                         
00003557  FreeRTOS_GetRemoteAddress             
000035b9  FreeRTOS_maywrite                     
0000361b  FreeRTOS_tx_space                     
00003651  FreeRTOS_tx_size                      
00003685  FreeRTOS_issocketconnected            
000036c3  FreeRTOS_mss                          
000036eb  FreeRTOS_connstatus                   
00003719  FreeRTOS_rx_size                      
0000374d  FreeRTOS_netstat                      
00003765  xTaskCreate                           
0000395f  vTaskDelete                           
00003a0d  vTaskDelayUntil                       
00003a9d  vTaskDelay                            
00003ad9  eTaskGetState                         
00003b6d  uxTaskPriorityGet                     
00003b9d  uxTaskPriorityGetFromISR              
00003be9  vTaskPrioritySet                      
00003d01  vTaskSuspend                          
00003e11  vTaskResume                           
00003e8b  xTaskResumeFromISR                    
00003f19  vTaskStartScheduler                   
00003f75  vTaskEndScheduler                     
00003f91  vTaskSuspendAll                       
00003fa5  xTaskResumeAll                        
00004089  xTaskGetTickCount                     
00004099  xTaskGetTickCountFromISR              
000040ad  uxTaskGetNumberOfTasks                
000040b3  pcTaskGetName                         
000040d9  uxTaskGetSystemState                  
000041cd  xTaskIncrementTick                    
000042f1  vTaskSwitchContext                    
00004359  vTaskPlaceOnEventList                 
00004375  vTaskPlaceOnUnorderedEventList        
0000439f  vTaskPlaceOnEventListRestricted       
000043d9  xTaskRemoveFromEventList              
00004455  vTaskRemoveFromUnorderedEventList     
000044c1  vTaskSetTimeOutState                  
000044df  vTaskInternalSetTimeOutState          
00004501  xTaskCheckForTimeOut                  
0000457f  vTaskMissedYield                      
00004591  uxTaskGetTaskNumber                   
000045b5  vTaskSetTaskNumber                    
00004689  vTaskGetInfo                          
0000485b  xTaskGetCurrentTaskHandle             
00004875  xTaskGetSchedulerState                
000048c1  xTaskPriorityInherit                  
000049a1  xTaskPriorityDisinherit               
00004a45  vTaskPriorityDisinheritAfterTimeout   
00004b1d  uxTaskResetEventItemValue             
00004b3f  pvTaskIncrementMutexHeldCount         
00004b5d  ulTaskNotifyTake                      
00004bdd  xTaskNotifyWait                       
00004c7f  xTaskGenericNotify                    
00004d69  xTaskGenericNotifyFromISR             
00004e79  vTaskNotifyGiveFromISR                
00004f27  xTaskNotifyStateClear                 
00005149  xIsCallingFromIPTask                  
000052f5  FreeRTOS_NetworkDown                  
00005317  FreeRTOS_NetworkDownFromISR           
00005341  FreeRTOS_GetUDPPayloadBuffer          
0000537f  pxDuplicateNetworkBufferWithDescriptor
000053c9  pxUDPPayloadBuffer_to_NetworkBuffer   
00005409  FreeRTOS_ReleaseUDPPayloadBuffer      
00005431  FreeRTOS_IPInit                       
00005555  FreeRTOS_GetAddressConfiguration      
000055a1  FreeRTOS_SetAddressConfiguration      
000055e1  FreeRTOS_SendPingRequest              
000056a3  xSendEventToIPTask                    
000056dd  xSendEventStructToIPTask              
00005775  eConsiderFrameForProcessing           
00005831  vIPNetworkUpCalls                     
00005bb9  usGenerateProtocolChecksum            
00005d05  usGenerateChecksum                    
00005e8f  vReturnEthernetFrame                  
00005ec1  FreeRTOS_GetIPAddress                 
00005ec7  FreeRTOS_SetIPAddress                 
00005ed7  FreeRTOS_GetGatewayAddress            
00005edd  FreeRTOS_GetDNSServerAddress          
00005ee3  FreeRTOS_GetNetmask                   
00005ee9  FreeRTOS_GetMACAddress                
00005eed  FreeRTOS_SetNetmask                   
00005efd  FreeRTOS_SetGatewayAddress            
00005f0d  vIPSetDHCPTimerEnableState            
00005f31  vIPReloadDHCPTimer                    
00005f3f  xIPIsNetworkTaskReady                 
00005f45  FreeRTOS_IsNetworkUp                  
00005f6d  xQueueGenericReset                    
0000600b  xQueueGenericCreate                   
000060c5  xQueueCreateMutex                     
000060f1  xQueueGiveMutexRecursive              
0000612d  xQueueTakeMutexRecursive              
00006171  xQueueCreateCountingSemaphore         
00006191  xQueueGenericSend                     
000062bd  xQueueGenericSendFromISR              
00006357  xQueueGiveFromISR                     
000063e9  xQueueReceive                         
00006505  xQueueSemaphoreTake                   
0000665f  xQueuePeek                            
00006781  xQueueReceiveFromISR                  
00006819  xQueuePeekFromISR                     
0000686b  uxQueueMessagesWaiting                
00006881  uxQueueSpacesAvailable                
000068a1  uxQueueMessagesWaitingFromISR         
000068b3  vQueueDelete                          
000068c9  uxQueueGetQueueNumber                 
000068d7  vQueueSetQueueNumber                  
000068e9  ucQueueGetQueueType                   
00006ae1  xQueueIsQueueEmptyFromISR             
00006b23  xQueueIsQueueFullFromISR              
00006b45  vQueueAddToRegistry                   
00006b87  pcQueueGetName                        
00006bc7  vQueueUnregisterQueue                 
00006c0b  vQueueWaitForMessageRestricted        
00006c71  xIsDHCPSocket                         
00006c91  vDHCPProcess                          
00007339  xTimerCreateTimerTask                 
00007365  xTimerCreate                          
000073d9  xTimerGenericCommand                  
00007445  xTimerGetTimerDaemonTaskHandle        
0000744b  xTimerGetPeriod                       
0000745d  xTimerGetExpiryTime                   
00007473  pcTimerGetName                        
00007831  xTimerIsTimerActive                   
0000785d  pvTimerGetTimerID                     
00007877  vTimerSetTimerID                      
00007891  uxTimerGetTimerNumber                 
0000789f  vTimerSetTimerNumber                  
000078e5  FreeRTOS_dnslookup                    
000078fb  FreeRTOS_gethostbyname                
00007ba7  ulDNSHandlePacket                     
00007e51  eARPProcessPacket                     
00007f1f  vARPRefreshCacheEntry                 
000080b9  eARPGetCacheEntry                     
000081f5  vARPAgeCache                          
000082c1  vARPSendGratuitous                    
000082d1  FreeRTOS_OutputARPRequest             
000082f9  vARPGenerateRequestPacket             
00008345  FreeRTOS_ClearARP                     
00008375  UARTStdioConfig                       
000083d5  UARTwrite                             
00008427  UARTgets                              
000084ed  UARTgetc                              
00008521  UARTvprintf                           
0000881b  UARTprintf                            
00008851  ProcessReceivedPacket                 
0000888d  EthernetIntHandler                    
000089ad  InitDescriptors                       
00008a85  MACinit                               
00008bc5  xNetworkInterfaceInitialise           
00008beb  xNetworkInterfaceOutput               
00008c19  vApplicationIPNetworkEventHook        
00008cfb  vListInsertGeneric                    
00008d33  vTCPWindowCreate                      
00008d65  vTCPWindowInit                        
00008e13  lTCPWindowRxCheck                     
00008e4d  lTCPWindowTxAdd                       
00008ee9  ulTCPWindowTxGet                      
00008f67  xTCPWindowTxDone                      
00008fad  xTCPWindowTxHasData                   
00009025  ulTCPWindowTxAck                      
00009097  xTCPWindowRxEmpty                     
000090a9  vTCPWindowDestroy                     
000090b9  xEventGroupCreate                     
000090d9  xEventGroupSync                       
000091ad  xEventGroupWaitBits                   
0000929d  xEventGroupClearBits                  
000092c9  xEventGroupGetBitsFromISR             
000092f9  xEventGroupSetBits                    
000093c5  vEventGroupDelete                     
000093f9  vEventGroupSetBitsCallback            
00009409  vEventGroupClearBitsCallback          
0000944f  uxEventGroupGetNumber                 
0000946f  vEventGroupSetNumber                  
00009481  main                                  
00009565  main_task                             
00009603  get_task_status                       
000098d1  uxStreamBufferAdd                     
000099b3  uxStreamBufferGet                     
00009a85  pvPortMalloc                          
00009b87  vPortFree                             
00009bd9  xPortGetFreeHeapSize                  
00009bdf  xPortGetMinimumEverFreeHeapSize       
00009be5  vPortInitialiseBlocks                 
00009d41  xNetworkBuffersInitialise             
00009de7  pucGetNetworkBuffer                   
00009e2b  vReleaseNetworkBuffer                 
00009e41  pxGetNetworkBufferWithDescriptor      
00009ef3  vReleaseNetworkBufferAndDescriptor    
00009f3d  uxGetNumberOfFreeNetworkBuffers       
00009f43  uxGetMinimumFreeNetworkBuffers        
00009f49  pxResizeNetworkBufferWithDescriptor   
00009fd1  ConfigureUART                         
0000a025  comm_task                             
0000a22d  vProcessGeneratedUDPPacket            
0000a381  xProcessReceivedUDPPacket             
0000a435  SysCtlClockFreqSet                    
0000a635  socket_client_task                    
0000a7d9  ConfigureI2C                          
0000a811  sendI2C                               
0000a8bb  get_data_from_pressure                
0000a929  get_data_from_uv                      
0000a975  initialize_uv                         
0000a9a3  uv_task                               
0000aae5  pxPortInitialiseStack                 
0000ab4f  xPortStartScheduler                   
0000ab85  vPortEndScheduler                     
0000ab87  vPortEnterCritical                    
0000aba7  vPortExitCritical                     
0000abbd  xPortSysTickHandler                   
0000abe3  vPortSetupTimerInterrupt              
0000ac21  __aeabi_ddiv                          
0000ad57  GPIOPadConfigSet                      
0000ae89  vListInitialise                       
0000aeb9  vListInitialiseItem                   
0000aec9  vListInsertEnd                        
0000af05  vListInsert                           
0000af6b  uxListRemove                          
0000afb3  _nop                                  
0000afb5  pressure_task                         
0000b0d1  ulPortGetIPSR                         
0000b0e9  xPortPendSVHandler                    
0000b149  vPortSVCHandler                       
0000b169  vPortStartFirstTask                   
0000b18d  vPortEnableVFP                        
0000b19b  __aeabi_idiv0                         
0000b19b  __aeabi_ldiv0                         
0000b19d  ConfigureUART_client                  
0000b1ef  uart_send_data                        
0000b249  __aeabi_memcpy                        
0000b249  __aeabi_memcpy4                       
0000b249  __aeabi_memcpy8                       
0000b249  memcpy                                
0000b2e5  vTimerCallback                        
0000b379  __aeabi_memclr                        
0000b379  __aeabi_memclr4                       
0000b379  __aeabi_memclr8                       
0000b37b  __aeabi_memset                        
0000b37b  __aeabi_memset4                       
0000b37b  __aeabi_memset8                       
0000b381  memset                                
0000b3f5  EMACInit                              
0000b46d  malloc                                
0000b4e5  __aeabi_d2f                           
0000b555  IntEnable                             
0000b5bd  __TI_decompress_lzss                  
0000b625  EMACPHYConfigSet                      
0000b67d  SysCtlPeripheralReset                 
0000b6cd  I2CMasterInitExpClk                   
0000b719  GPIOPinConfigure                      
0000b7a9  UARTConfigSetExpClk                   
0000b7f1  __TI_auto_init_nobinit_nopinit        
0000b835  __aeabi_uidiv                         
0000b835  __aeabi_uidivmod                      
0000b8b1  EMACIntEnable                         
0000b8ed  EMACConfigSet                         
0000b925  SysCtlPeripheralReady                 
0000b95d  _c_int00_noargs                       
0000b995  minit                                 
0000b9cd  strncpy                               
0000ba03  EMACIntClear                          
0000ba39  SysCtlPeripheralEnable                
0000ba6d  EMACAddrSet                           
0000ba9d  __aeabi_i2d                           
0000bacb  EMACIntStatus                         
0000baf7  strncmp                               
0000bb23  GPIODirModeSet                        
0000bb75  EMACPHYRead                           
0000bb9b  memcmp                                
0000bbbf  memmove                               
0000bbe5  UARTDisable                           
0000bc25  EMACReset                             
0000bc3b  EMACRxEnable                          
0000bc51  EMACTxEnable                          
0000bc69  FlashUserGet                          
0000bc7d  UARTEnable                            
0000bc91  strcpy                                
0000bca5  strlen                                
0000bcb9  GPIOPinTypeI2C                        
0000bccb  GPIOPinTypeI2CSCL                     
0000bcdd  EMACFrameFilterSet                    
0000bced  __TI_decompress_none                  
0000bcfb  __TI_zero_init                        
0000bd07  ResetISR                              
0000bd13  I2CMasterEnable                       
0000bd1d  EMACTxDMAPollDemand                   
0000bd25  I2CMasterBusy                         
0000bd2d  I2CMasterSlaveAddrSet                 
0000bd35  EMACRxDMADescriptorListSet            
0000bd3b  EMACTxDMADescriptorListSet            
0000bd41  SysCtlDelay                           
0000bd47  I2CMasterControl                      
0000bd4b  I2CMasterDataGet                      
0000bd4f  I2CMasterDataPut                      
0000bd53  _system_pre_init                      
0000bd57  C$$EXIT                               
0000bd57  abort                                 
0000c170  xBroadcastMACAddress                  
0000c178  xBufferAllocFixedSize                 
0000c17c  ulMaxSyscallInterruptPriority         
0000c1c4  __TI_Handler_Table_Base               
0000c1d0  __TI_Handler_Table_Limit              
0000c1d8  __TI_CINIT_Base                       
0000c1e8  __TI_CINIT_Limit                      
2000c350  g_ppui8RxBuffer                       
200107c0  g_psRxDescriptor                      
20010900  g_psTxDescriptor                      
20010c14  xQueueRegistry                        
20010d54  xBoundTCPSocketsList                  
20010d68  xBoundUDPSocketsList                  
20010da0  EMACtask_handle                       
20010da4  MyTimer                               
20010da8  commTask_handle                       
20010dac  g_ui32RxDescIndex                     
20010db0  g_ui32TxDescIndex                     
20010db4  mainTask_handle                       
20010db8  output_clock_rate_hz                  
20010dbc  pressureTask_handle                   
20010dc0  socket_clientTask_handle              
20010dc4  uvTask_handle                         
20010dd0  __stack                               
20010fd0  __STACK_END                           
20010fd0  __STACK_TOP                           
20010fd0  _sys_memory                           
200111d0  pxCurrentTCB                          
20011204  xNetworkEventQueue                    
20011208  usPacketIdentifier                    
20011228  xDefaultPartUDPPacketHeader           
20011240  main_comm_Queue                       
20011244  main_timeout                          
20011254  xDefaultAddressing                    
20011268  xNetworkAddressing                    
200112b0  _lock                                 
200112b4  _unlock                               
200112b8  socket_client_task_ready              
200112bc  comm_socket_Queue                     
200112c0  pressure_comm_Queue                   
200112c8  uv_comm_Queue                         
200112e4  ulNextInitialSequenceNumber           
200112e8  xTCPWindowLoggingLevel                
ffffffff  __TI_pprof_out_hndl                   
ffffffff  __TI_prof_data_size                   
ffffffff  __TI_prof_data_start                  
ffffffff  __binit__                             
ffffffff  __c_args__                            
ffffffff  binit                                 
UNDEFED   __mpu_init                            
UNDEFED   _system_post_cinit                    

[379 symbols]
