******************************************************************************
                  TI ARM Linker PC v18.1.1                     
******************************************************************************
>> Linked Sun Apr  8 19:16:30 2018

OUTPUT FILE NAME:   <hw5_q2.out>
ENTRY POINT SYMBOL: "_c_int00_noargs"  address: 00000e79


MEMORY CONFIGURATION

         name            origin    length      used     unused   attr    fill
----------------------  --------  ---------  --------  --------  ----  --------
  FLASH                 00000000   00100000  000011da  000fee26  R  X
  SRAM                  20000000   00040000  00000209  0003fdf7  RW X


SEGMENT ALLOCATION MAP

run origin  load origin   length   init length attrs members
----------  ----------- ---------- ----------- ----- -------
00000000    00000000    000011e0   000011e0    r-x
  00000000    00000000    00000208   00000208    r-- .intvecs
  00000208    00000208    00000d1e   00000d1e    r-x .text
  00000f28    00000f28    00000284   00000284    r-- .const
  000011b0    000011b0    00000030   00000030    r-- .cinit
20000000    20000000    0000020c   00000000    rw-
  20000000    20000000    00000200   00000000    rw- .stack
  20000200    20000200    00000005   00000000    rw- .data
  20000208    20000208    00000004   00000000    rw- .bss


SECTION ALLOCATION MAP

 output                                  attributes/
section   page    origin      length       input sections
--------  ----  ----------  ----------   ----------------
.intvecs   0    00000000    00000208     
                  00000000    00000208     tm4c1294ncpdt_startup_ccs.obj (.intvecs)

.text      0    00000208    00000d1e     
                  00000208    000004dc     uartstdio.obj (.text)
                  000006e4    00000200     driverlib.lib : sysctl.obj (.text:SysCtlClockFreqSet)
                  000008e4    00000174     main.obj (.text)
                  00000a58    00000110     driverlib.lib : sysctl.obj (.text:SysCtlClockGet)
                  00000b68    000000fc     rtsv7M4_T_le_v4SPD16_eabi.lib : fd_mul_t2.asm.obj (.text)
                  00000c64    0000009c                                   : memcpy_t2.asm.obj (.text)
                  00000d00    00000068                                   : copy_decompress_lzss.c.obj (.text:decompress:lzss:__TI_decompress_lzss)
                  00000d68    00000048     driverlib.lib : sysctl.obj (.text:_SysCtlFrequencyGet)
                  00000db0    00000044     rtsv7M4_T_le_v4SPD16_eabi.lib : autoinit.c.obj (.text:__TI_auto_init_nobinit_nopinit:__TI_auto_init_nobinit_nopinit)
                  00000df4    00000044                                   : fd_tou_t2.asm.obj (.text)
                  00000e38    00000040                                   : u_divt2.asm.obj (.text)
                  00000e78    00000038                                   : boot_cortex_m.c.obj (.text:_c_int00_noargs:_c_int00_noargs)
                  00000eb0    00000020     driverlib.lib : sysctl.obj (.text:_SysCtlMemTimingGet)
                  00000ed0    00000020     rtsv7M4_T_le_v4SPD16_eabi.lib : u_tofd_t2.asm.obj (.text)
                  00000ef0    00000012                                   : copy_zero_init.c.obj (.text:decompress:ZI:__TI_zero_init_nomemset:__TI_zero_init_nomemset)
                  00000f02    0000000e                                   : copy_decompress_none.c.obj (.text:decompress:none:__TI_decompress_none)
                  00000f10    0000000c     tm4c1294ncpdt_startup_ccs.obj (.text)
                  00000f1c    00000004     rtsv7M4_T_le_v4SPD16_eabi.lib : pre_init.c.obj (.text:_system_pre_init)
                  00000f20    00000004                                   : exit.c.obj (.text:abort:abort)
                  00000f24    00000002                                   : div0.asm.obj (.text)

.const     0    00000f28    00000284     
                  00000f28    000001b0     driverlib.lib : sysctl.obj (.const:g_pppui32XTALtoVCO)
                  000010d8    0000006c                   : sysctl.obj (.const:g_pui32Xtals)
                  00001144    00000030                   : sysctl.obj (.const:g_sXTALtoMEMTIM)
                  00001174    00000012     uartstdio.obj (.const:.string)
                  00001186    00000002     --HOLE-- [fill = 0]
                  00001188    0000000c     uartstdio.obj (.const:g_ui32UARTBase)
                  00001194    0000000c     uartstdio.obj (.const:g_ui32UARTPeriph)
                  000011a0    00000008     driverlib.lib : sysctl.obj (.const)
                  000011a8    00000004     uartstdio.obj (.const)

.cinit     0    000011b0    00000030     
                  000011b0    0000000c     (__TI_handler_table)
                  000011bc    00000004     --HOLE-- [fill = 0]
                  000011c0    00000008     (.cinit..bss.load) [load image, compression = zero_init]
                  000011c8    00000007     (.cinit..data.load) [load image, compression = lzss]
                  000011cf    00000001     --HOLE-- [fill = 0]
                  000011d0    00000010     (__TI_cinit_table)

.init_array 
*          0    00000000    00000000     UNINITIALIZED

.data      0    20000200    00000005     UNINITIALIZED
                  20000200    00000005     uartstdio.obj (.data)

.bss       0    20000208    00000004     UNINITIALIZED
                  20000208    00000004     (.common:g_ui32SysClock)

.stack     0    20000000    00000200     UNINITIALIZED
                  20000000    00000004     rtsv7M4_T_le_v4SPD16_eabi.lib : boot_cortex_m.c.obj (.stack)
                  20000004    000001fc     --HOLE--

MODULE SUMMARY

       Module                          code   ro data   rw data
       ------                          ----   -------   -------
    .\
       tm4c1294ncpdt_startup_ccs.obj   12     520       0      
       main.obj                        372    0         4      
    +--+-------------------------------+------+---------+---------+
       Total:                          384    520       4      
                                                               
    .\utils\
       uartstdio.obj                   1244   46        5      
    +--+-------------------------------+------+---------+---------+
       Total:                          1244   46        5      
                                                               
    C:/ti/TivaWare_C_Series-2.1.4.178/driverlib/ccs/Debug/driverlib.lib
       sysctl.obj                      888    596       0      
    +--+-------------------------------+------+---------+---------+
       Total:                          888    596       0      
                                                               
    C:\ti\ccsv8\tools\compiler\ti-cgt-arm_18.1.1.LTS\lib\rtsv7M4_T_le_v4SPD16_eabi.lib
       fd_mul_t2.asm.obj               252    0         0      
       memcpy_t2.asm.obj               156    0         0      
       copy_decompress_lzss.c.obj      104    0         0      
       autoinit.c.obj                  68     0         0      
       fd_tou_t2.asm.obj               68     0         0      
       u_divt2.asm.obj                 64     0         0      
       boot_cortex_m.c.obj             56     0         0      
       u_tofd_t2.asm.obj               32     0         0      
       copy_zero_init.c.obj            18     0         0      
       copy_decompress_none.c.obj      14     0         0      
       exit.c.obj                      4      0         0      
       pre_init.c.obj                  4      0         0      
       div0.asm.obj                    2      0         0      
    +--+-------------------------------+------+---------+---------+
       Total:                          842    0         0      
                                                               
       Stack:                          0      0         512    
       Linker Generated:               0      43        0      
    +--+-------------------------------+------+---------+---------+
       Grand Total:                    3358   1205      521    


LINKER GENERATED COPY TABLES

__TI_cinit_table @ 000011d0 records: 2, size/record: 8, table size: 16
	.bss: load addr=000011c0, load size=00000008 bytes, run addr=20000208, run size=00000004 bytes, compression=zero_init
	.data: load addr=000011c8, load size=00000007 bytes, run addr=20000200, run size=00000005 bytes, compression=lzss


LINKER GENERATED HANDLER TABLE

__TI_handler_table @ 000011b0 records: 3, size/record: 4, table size: 12
	index: 0, handler: __TI_decompress_lzss
	index: 1, handler: __TI_decompress_none
	index: 2, handler: __TI_zero_init


GLOBAL SYMBOLS: SORTED ALPHABETICALLY BY Name 

address   name                          
-------   ----                          
00000f21  C$$EXIT                       
000008e5  ConfigureUART                 
00000f11  ResetISR                      
000006e5  SysCtlClockFreqSet            
00000a59  SysCtlClockGet                
00000209  UARTStdioConfig               
00000381  UARTgetc                      
000002bb  UARTgets                      
000006af  UARTprintf                    
000003b5  UARTvprintf                   
00000269  UARTwrite                     
20000200  __STACK_END                   
00000200  __STACK_SIZE                  
20000200  __STACK_TOP                   
000011d0  __TI_CINIT_Base               
000011e0  __TI_CINIT_Limit              
000011b0  __TI_Handler_Table_Base       
000011bc  __TI_Handler_Table_Limit      
00000db1  __TI_auto_init_nobinit_nopinit
00000d01  __TI_decompress_lzss          
00000f03  __TI_decompress_none          
ffffffff  __TI_pprof_out_hndl           
ffffffff  __TI_prof_data_size           
ffffffff  __TI_prof_data_start          
00000000  __TI_static_base__            
00000ef1  __TI_zero_init_nomemset       
00000df5  __aeabi_d2uiz                 
00000b69  __aeabi_dmul                  
00000f25  __aeabi_idiv0                 
00000f25  __aeabi_ldiv0                 
00000c65  __aeabi_memcpy                
00000c65  __aeabi_memcpy4               
00000c65  __aeabi_memcpy8               
00000ed1  __aeabi_ui2d                  
00000e39  __aeabi_uidiv                 
00000e39  __aeabi_uidivmod              
ffffffff  __binit__                     
ffffffff  __c_args__                    
UNDEFED   __mpu_init                    
20000000  __stack                       
00000e79  _c_int00_noargs               
UNDEFED   _system_post_cinit            
00000f1d  _system_pre_init              
00000f21  abort                         
ffffffff  binit                         
00000000  g_pfnVectors                  
20000208  g_ui32SysClock                
00000939  main                          
00000c65  memcpy                        


GLOBAL SYMBOLS: SORTED BY Symbol Address 

address   name                          
-------   ----                          
00000000  __TI_static_base__            
00000000  g_pfnVectors                  
00000200  __STACK_SIZE                  
00000209  UARTStdioConfig               
00000269  UARTwrite                     
000002bb  UARTgets                      
00000381  UARTgetc                      
000003b5  UARTvprintf                   
000006af  UARTprintf                    
000006e5  SysCtlClockFreqSet            
000008e5  ConfigureUART                 
00000939  main                          
00000a59  SysCtlClockGet                
00000b69  __aeabi_dmul                  
00000c65  __aeabi_memcpy                
00000c65  __aeabi_memcpy4               
00000c65  __aeabi_memcpy8               
00000c65  memcpy                        
00000d01  __TI_decompress_lzss          
00000db1  __TI_auto_init_nobinit_nopinit
00000df5  __aeabi_d2uiz                 
00000e39  __aeabi_uidiv                 
00000e39  __aeabi_uidivmod              
00000e79  _c_int00_noargs               
00000ed1  __aeabi_ui2d                  
00000ef1  __TI_zero_init_nomemset       
00000f03  __TI_decompress_none          
00000f11  ResetISR                      
00000f1d  _system_pre_init              
00000f21  C$$EXIT                       
00000f21  abort                         
00000f25  __aeabi_idiv0                 
00000f25  __aeabi_ldiv0                 
000011b0  __TI_Handler_Table_Base       
000011bc  __TI_Handler_Table_Limit      
000011d0  __TI_CINIT_Base               
000011e0  __TI_CINIT_Limit              
20000000  __stack                       
20000200  __STACK_END                   
20000200  __STACK_TOP                   
20000208  g_ui32SysClock                
ffffffff  __TI_pprof_out_hndl           
ffffffff  __TI_prof_data_size           
ffffffff  __TI_prof_data_start          
ffffffff  __binit__                     
ffffffff  __c_args__                    
ffffffff  binit                         
UNDEFED   __mpu_init                    
UNDEFED   _system_post_cinit            

[49 symbols]
